###############################################################################
#
# IAR ANSI C/C++ Compiler V7.80.4.12462/W32 for ARM       29/Nov/2024  21:58:32
# Copyright 1999-2017 IAR Systems AB.
#
#    Cpu mode     =  thumb
#    Endian       =  little
#    Source file  =  C:\IAR Systems\oh-in-pe-\complex.c
#    Command line =  
#        "C:\IAR Systems\oh-in-pe-\complex.c" -lC "C:\IAR
#        Systems\oh-in-pe-\Output\List" -o "C:\IAR
#        Systems\oh-in-pe-\Output\Obj" --debug --endian=little --cpu=Cortex-M7
#        -e --fpu=VFPv5_d16 --dlib_config "C:\Program Files (x86)\IAR
#        Systems\Embedded Workbench 7.5_2\arm\INC\c\DLib_Config_Full.h" -I
#        "C:\IAR Systems\oh-in-pe-\" -I "C:\IAR Systems\oh-in-pe-\Include\" -I
#        "C:\IAR Systems\oh-in-pe-\Include\CMSIS\" -I "C:\IAR
#        Systems\oh-in-pe-\Include\STM32F7xx_HAL_Driver\Inc\" -I "C:\IAR
#        Systems\oh-in-pe-\Include\STM32F7xx_HAL_Driver\Src\" -Ohz
#        --use_c++_inline -I "C:\Program Files (x86)\IAR Systems\Embedded
#        Workbench 7.5_2\arm\CMSIS\Include\" -D ARM_MATH_CM7
#    Locale       =  Korean_Korea.949
#    List file    =  C:\IAR Systems\oh-in-pe-\Output\List\complex.lst
#    Object file  =  C:\IAR Systems\oh-in-pe-\Output\Obj\complex.o
#
###############################################################################

C:\IAR Systems\oh-in-pe-\complex.c
      1          #include "complex.h"
      2          
      3          /*
      4           * Nothing to see here for time being. All functionality is in the header file macros.
      5           */


 

 


Errors: none
Warnings: none
