###############################################################################
#
# IAR ELF Linker V7.80.4.12462/W32 for ARM                29/Nov/2024  23:48:34
# Copyright 2007-2017 IAR Systems AB.
#
#    Output file  =  C:\IAR Systems\oh-in-pe-\Output\Exe\OK-STM767.out
#    Map file     =  C:\IAR Systems\oh-in-pe-\Output\List\OK-STM767.map
#    Command line =  
#        "C:\IAR Systems\oh-in-pe-\Output\Obj\complex.o" "C:\IAR
#        Systems\oh-in-pe-\Output\Obj\fft.o" "C:\IAR
#        Systems\oh-in-pe-\Output\Obj\startup_stm32f767xx.o" "C:\IAR
#        Systems\oh-in-pe-\Output\Obj\testDMA.o" --redirect _Printf=_PrintfFull
#        --redirect _Scanf=_ScanfFull -o "C:\IAR
#        Systems\oh-in-pe-\Output\Exe\OK-STM767.out" --map "C:\IAR
#        Systems\oh-in-pe-\Output\List\OK-STM767.map" --config "C:\IAR
#        Systems\oh-in-pe-\Linker\stm32f767xx_flash.icf" --semihosting --entry
#        __iar_program_start "C:\Program Files (x86)\IAR Systems\Embedded
#        Workbench 7.5_2\arm\CMSIS\Lib\IAR\iar_cortexM7lf_math.a" --vfe
#
###############################################################################

*******************************************************************************
*** RUNTIME MODEL ATTRIBUTES
***

CppFlavor       = *
__Heap_Handler  = DLMalloc
__SystemLibrary = DLib


*******************************************************************************
*** PLACEMENT SUMMARY
***

"A0":  place at 0x08000000 { ro section .intvec };
"P1":  place in [from 0x08000000 to 0x081fffff] { ro };
"P2":  place in [from 0x20000000 to 0x2007ffff] { rw, block CSTACK, block HEAP };
initialize by copy { rw };

  Section             Kind        Address    Size  Object
  -------             ----        -------    ----  ------
"A0":                                       0x1f8
  .intvec             ro code  0x08000000   0x1f8  startup_stm32f767xx.o [1]
                             - 0x080001f8   0x1f8

"P1":                                      0xc58c
  .text               ro code  0x080001f8  0x8af4  testDMA.o [1]
  .text               ro code  0x08008cec     0x6  ABImemclr4.o [5]
  .text               ro code  0x08008cf4    0x76  ABImemcpy_unaligned.o [5]
  .text               ro code  0x08008d6c   0x1f8  xlog.o [4]
  .text               ro code  0x08008f64   0x188  fft.o [1]
  .text               ro code  0x080090ec    0x1c  sqrt.o [4]
  .text               ro code  0x08009108    0x32  ABImemset48.o [5]
  .text               ro code  0x0800913a    0x44  xdnorm.o [4]
  .text               ro code  0x08009180     0xc  errno.o [3]
  .text               ro code  0x0800918c   0x25c  xsin.o [4]
  .text               ro code  0x080093e8     0xc  iarEdom.o [5]
  .text               ro code  0x080093f4     0x2  xtls.o [3]
  .text               ro code  0x080093f8   0x124  xquad.o [4]
  .text               ro code  0x0800951c    0x7e  xdint.o [4]
  .text               ro code  0x0800959c   0x1c8  fmod.o [4]
  .rodata             const    0x08009764  0x2d00  testDMA.o [1]
  .text               ro code  0x0800c464    0x40  zero_init3.o [5]
  .text               ro code  0x0800c4a4    0x38  packbits_init_single.o [5]
  .text               ro code  0x0800c4dc    0x28  data_init.o [5]
  .text               ro code  0x0800c504    0x22  fpinit_M.o [4]
  .iar.init_table     const    0x0800c528    0x20  - Linker created -
  .text               ro code  0x0800c548    0x1a  cmain.o [5]
  .text               ro code  0x0800c562     0x4  low_level_init.o [3]
  .text               ro code  0x0800c566     0x4  exit.o [3]
  .text               ro code  0x0800c56c     0xa  cexit.o [5]
  .text               ro code  0x0800c578    0x14  exit.o [6]
  .text               ro code  0x0800c58c    0x10  startup_stm32f767xx.o [1]
  .text               ro code  0x0800c59c     0xc  cstartup_M.o [5]
  .text               ro code  0x0800c5a8     0x4  startup_stm32f767xx.o [1]
  .text               ro code  0x0800c5ac     0x4  startup_stm32f767xx.o [1]
  .text               ro code  0x0800c5b0     0x4  startup_stm32f767xx.o [1]
  .text               ro code  0x0800c5b4     0x4  startup_stm32f767xx.o [1]
  .text               ro code  0x0800c5b8     0x4  startup_stm32f767xx.o [1]
  .text               ro code  0x0800c5bc     0x4  startup_stm32f767xx.o [1]
  .text               ro code  0x0800c5c0     0x4  startup_stm32f767xx.o [1]
  .text               ro code  0x0800c5c4     0x4  startup_stm32f767xx.o [1]
  .text               ro code  0x0800c5c8     0x4  startup_stm32f767xx.o [1]
  .text               ro code  0x0800c5cc     0x4  startup_stm32f767xx.o [1]
  .text               ro code  0x0800c5d0     0x4  startup_stm32f767xx.o [1]
  .text               ro code  0x0800c5d4     0x4  startup_stm32f767xx.o [1]
  .text               ro code  0x0800c5d8     0x4  startup_stm32f767xx.o [1]
  .text               ro code  0x0800c5dc     0x4  startup_stm32f767xx.o [1]
  .text               ro code  0x0800c5e0     0x4  startup_stm32f767xx.o [1]
  .text               ro code  0x0800c5e4     0x4  startup_stm32f767xx.o [1]
  .text               ro code  0x0800c5e8     0x4  startup_stm32f767xx.o [1]
  .text               ro code  0x0800c5ec     0x4  startup_stm32f767xx.o [1]
  .text               ro code  0x0800c5f0     0x4  startup_stm32f767xx.o [1]
  .text               ro code  0x0800c5f4     0x4  startup_stm32f767xx.o [1]
  .text               ro code  0x0800c5f8     0x4  startup_stm32f767xx.o [1]
  .text               ro code  0x0800c5fc     0x4  startup_stm32f767xx.o [1]
  .text               ro code  0x0800c600     0x4  startup_stm32f767xx.o [1]
  .text               ro code  0x0800c604     0x4  startup_stm32f767xx.o [1]
  .text               ro code  0x0800c608     0x4  startup_stm32f767xx.o [1]
  .text               ro code  0x0800c60c     0x4  startup_stm32f767xx.o [1]
  .text               ro code  0x0800c610     0x4  startup_stm32f767xx.o [1]
  .text               ro code  0x0800c614     0x4  startup_stm32f767xx.o [1]
  .text               ro code  0x0800c618     0x4  startup_stm32f767xx.o [1]
  .text               ro code  0x0800c61c     0x4  startup_stm32f767xx.o [1]
  .text               ro code  0x0800c620     0x4  startup_stm32f767xx.o [1]
  .text               ro code  0x0800c624     0x4  startup_stm32f767xx.o [1]
  .text               ro code  0x0800c628     0x4  startup_stm32f767xx.o [1]
  .text               ro code  0x0800c62c     0x4  startup_stm32f767xx.o [1]
  .text               ro code  0x0800c630     0x4  startup_stm32f767xx.o [1]
  .text               ro code  0x0800c634     0x4  startup_stm32f767xx.o [1]
  .text               ro code  0x0800c638     0x4  startup_stm32f767xx.o [1]
  .text               ro code  0x0800c63c     0x4  startup_stm32f767xx.o [1]
  .text               ro code  0x0800c640     0x4  startup_stm32f767xx.o [1]
  .text               ro code  0x0800c644     0x4  startup_stm32f767xx.o [1]
  .text               ro code  0x0800c648     0x4  startup_stm32f767xx.o [1]
  .text               ro code  0x0800c64c     0x4  startup_stm32f767xx.o [1]
  .text               ro code  0x0800c650     0x4  startup_stm32f767xx.o [1]
  .text               ro code  0x0800c654     0x4  startup_stm32f767xx.o [1]
  .text               ro code  0x0800c658     0x4  startup_stm32f767xx.o [1]
  .text               ro code  0x0800c65c     0x4  startup_stm32f767xx.o [1]
  .text               ro code  0x0800c660     0x4  startup_stm32f767xx.o [1]
  .text               ro code  0x0800c664     0x4  startup_stm32f767xx.o [1]
  .text               ro code  0x0800c668     0x4  startup_stm32f767xx.o [1]
  .text               ro code  0x0800c66c     0x4  startup_stm32f767xx.o [1]
  .text               ro code  0x0800c670     0x4  startup_stm32f767xx.o [1]
  .text               ro code  0x0800c674     0x4  startup_stm32f767xx.o [1]
  .text               ro code  0x0800c678     0x4  startup_stm32f767xx.o [1]
  .text               ro code  0x0800c67c     0x4  startup_stm32f767xx.o [1]
  .text               ro code  0x0800c680     0x4  startup_stm32f767xx.o [1]
  .text               ro code  0x0800c684     0x4  startup_stm32f767xx.o [1]
  .text               ro code  0x0800c688     0x4  startup_stm32f767xx.o [1]
  .text               ro code  0x0800c68c     0x4  startup_stm32f767xx.o [1]
  .text               ro code  0x0800c690     0x4  startup_stm32f767xx.o [1]
  .text               ro code  0x0800c694     0x4  startup_stm32f767xx.o [1]
  .text               ro code  0x0800c698     0x4  startup_stm32f767xx.o [1]
  .text               ro code  0x0800c69c     0x4  startup_stm32f767xx.o [1]
  .text               ro code  0x0800c6a0     0x4  startup_stm32f767xx.o [1]
  .text               ro code  0x0800c6a4     0x4  startup_stm32f767xx.o [1]
  .text               ro code  0x0800c6a8     0x4  startup_stm32f767xx.o [1]
  .text               ro code  0x0800c6ac     0x4  startup_stm32f767xx.o [1]
  .text               ro code  0x0800c6b0     0x4  startup_stm32f767xx.o [1]
  .text               ro code  0x0800c6b4     0x4  startup_stm32f767xx.o [1]
  .text               ro code  0x0800c6b8     0x4  startup_stm32f767xx.o [1]
  .text               ro code  0x0800c6bc     0x4  startup_stm32f767xx.o [1]
  .text               ro code  0x0800c6c0     0x4  startup_stm32f767xx.o [1]
  .text               ro code  0x0800c6c4     0x4  startup_stm32f767xx.o [1]
  .text               ro code  0x0800c6c8     0x4  startup_stm32f767xx.o [1]
  .text               ro code  0x0800c6cc     0x4  startup_stm32f767xx.o [1]
  .text               ro code  0x0800c6d0     0x4  startup_stm32f767xx.o [1]
  .text               ro code  0x0800c6d4     0x4  startup_stm32f767xx.o [1]
  .text               ro code  0x0800c6d8     0x4  startup_stm32f767xx.o [1]
  .text               ro code  0x0800c6dc     0x4  startup_stm32f767xx.o [1]
  .text               ro code  0x0800c6e0     0x4  startup_stm32f767xx.o [1]
  .text               ro code  0x0800c6e4     0x4  startup_stm32f767xx.o [1]
  .text               ro code  0x0800c6e8     0x4  startup_stm32f767xx.o [1]
  .text               ro code  0x0800c6ec     0x4  startup_stm32f767xx.o [1]
  .text               ro code  0x0800c6f0     0x4  startup_stm32f767xx.o [1]
  .text               ro code  0x0800c6f4     0x4  startup_stm32f767xx.o [1]
  .text               ro code  0x0800c6f8     0x4  startup_stm32f767xx.o [1]
  .text               ro code  0x0800c6fc     0x4  startup_stm32f767xx.o [1]
  .text               ro code  0x0800c700     0x4  startup_stm32f767xx.o [1]
  .text               ro code  0x0800c704     0x4  startup_stm32f767xx.o [1]
  .text               ro code  0x0800c708     0x4  startup_stm32f767xx.o [1]
  .text               ro code  0x0800c70c     0x4  startup_stm32f767xx.o [1]
  .text               ro code  0x0800c710     0x4  startup_stm32f767xx.o [1]
  .text               ro code  0x0800c714     0x4  startup_stm32f767xx.o [1]
  .text               ro code  0x0800c718     0x4  startup_stm32f767xx.o [1]
  .text               ro code  0x0800c71c     0x4  startup_stm32f767xx.o [1]
  .text               ro code  0x0800c720     0x4  startup_stm32f767xx.o [1]
  .text               ro code  0x0800c724     0x4  startup_stm32f767xx.o [1]
  .text               ro code  0x0800c728     0x4  startup_stm32f767xx.o [1]
  .text               ro code  0x0800c72c     0x4  startup_stm32f767xx.o [1]
  .text               ro code  0x0800c730     0x4  startup_stm32f767xx.o [1]
  .text               ro code  0x0800c734     0x4  startup_stm32f767xx.o [1]
  .text               ro code  0x0800c738     0x4  startup_stm32f767xx.o [1]
  .text               ro code  0x0800c73c     0x4  startup_stm32f767xx.o [1]
  .text               ro code  0x0800c740     0x4  startup_stm32f767xx.o [1]
  .text               ro code  0x0800c744     0x4  startup_stm32f767xx.o [1]
  .text               ro code  0x0800c748     0x4  startup_stm32f767xx.o [1]
  .text               ro code  0x0800c74c     0x4  startup_stm32f767xx.o [1]
  .text               ro code  0x0800c750     0x4  startup_stm32f767xx.o [1]
  .text               ro code  0x0800c754     0x4  startup_stm32f767xx.o [1]
  .text               ro code  0x0800c758     0x4  startup_stm32f767xx.o [1]
  .text               ro code  0x0800c75c     0x4  startup_stm32f767xx.o [1]
  .text               ro code  0x0800c760     0x4  startup_stm32f767xx.o [1]
  .text               ro code  0x0800c764     0x4  startup_stm32f767xx.o [1]
  .text               ro code  0x0800c768     0x4  startup_stm32f767xx.o [1]
  .text               ro code  0x0800c76c     0x4  startup_stm32f767xx.o [1]
  .text               ro code  0x0800c770     0x4  startup_stm32f767xx.o [1]
  .text               ro code  0x0800c774     0x4  startup_stm32f767xx.o [1]
  .rodata             const    0x0800c778     0x0  zero_init3.o [5]
  .rodata             const    0x0800c778     0x0  packbits_init_single.o [5]
  Initializer bytes   const    0x0800c778     0xc  <for P2-1>
                             - 0x0800c784  0xc58c

"P2", part 1 of 3:                           0x22
  P2-1                         0x20000000    0x22  <Init block>
    __DLIB_PERTHREAD  inited   0x20000000     0x4  errno.o [3]
    .data             inited   0x20000004    0x1e  testDMA.o [1]
                             - 0x20000022    0x22

"P2", part 2 of 3:                         0x1000
  CSTACK                       0x20000028  0x1000  <Block>
    CSTACK            uninit   0x20000028  0x1000  <Block tail>
                             - 0x20001028  0x1000

"P2", part 3 of 3:                         0x8004
  .bss                zero     0x20001028  0x5000  testDMA.o [1]
  .bss                zero     0x20006028  0x2000  testDMA.o [1]
  .bss                zero     0x20008028  0x1000  testDMA.o [1]
  .bss                zero     0x20009028     0x1  testDMA.o [1]
                             - 0x20009029  0x8001


*******************************************************************************
*** INIT TABLE
***

          Address     Size
          -------     ----
Zero (__iar_zero_init3)
    1 destination range, total size 0x8001:
          0x20001028  0x8001

Copy/packbits (__iar_packbits_init_single3)
    1 source range, total size 0xc (35% of destination):
          0x0800c778     0xc
    1 destination range, total size 0x22:
          0x20000000    0x22



*******************************************************************************
*** MODULE SUMMARY
***

    Module                  ro code  ro data  rw data
    ------                  -------  -------  -------
C:\IAR Systems\oh-in-pe-\Output\Obj: [1]
    fft.o                       392
    startup_stm32f767xx.o       984
    testDMA.o                35 572   11 531   32 799
    -------------------------------------------------
    Total:                   36 948   11 531   32 799

command line: [2]
    -------------------------------------------------
    Total:

dl7M_tlf.a: [3]
    errno.o                      12        1        4
    exit.o                        4
    low_level_init.o              4
    xtls.o                        2
    -------------------------------------------------
    Total:                       22        1        4

m7M_tlv.a: [4]
    fmod.o                      456
    fpinit_M.o                   34
    sqrt.o                       28
    xdint.o                     126
    xdnorm.o                     68
    xlog.o                      504
    xquad.o                     292
    xsin.o                      604
    -------------------------------------------------
    Total:                    2 112

rt7M_tl.a: [5]
    ABImemclr4.o                  6
    ABImemcpy_unaligned.o       118
    ABImemset48.o                50
    cexit.o                      10
    cmain.o                      26
    cstartup_M.o                 12
    data_init.o                  40
    iarEdom.o                    12
    packbits_init_single.o       56
    zero_init3.o                 64
    -------------------------------------------------
    Total:                      394

shb_l.a: [6]
    exit.o                       20
    -------------------------------------------------
    Total:                       20

    Gaps                         14        2
    Linker created                        32    4 096
-----------------------------------------------------
    Grand Total:             39 510   11 566   36 899


*******************************************************************************
*** ENTRY LIST
***

Entry                      Address    Size  Type      Object
-----                      -------    ----  ----      ------
.iar.init_table$$Base   0x0800c528           --   Gb  - Linker created -
.iar.init_table$$Limit  0x0800c548           --   Gb  - Linker created -
?main                   0x0800c549          Code  Gb  cmain.o [5]
ADC_buffer              0x20008028  0x1000  Data  Gb  testDMA.o [1]
CSTACK$$Base            0x20000028           --   Gb  - Linker created -
CSTACK$$Limit           0x20001028           --   Gb  - Linker created -
DMA2_Stream0_IRQHandler
                        0x08008791    0x4e  Code  Gb  testDMA.o [1]
Delay_ms                0x08000553    0x18  Code  Gb  testDMA.o [1]
Delay_us                0x08000399   0x1ba  Code  Gb  testDMA.o [1]
Display_FFT_screen      0x080089e9   0x29e  Code  Gb  testDMA.o [1]
Draw_FFT                0x08008c93    0x34  Code  Gb  testDMA.o [1]
E_font                  0x08007ebc   0x800  Data  Gb  testDMA.o [1]
FFT_buffer              0x20006028  0x2000  Data  Gb  testDMA.o [1]
FFT_flag                0x20009028     0x1  Data  Gb  testDMA.o [1]
FFT_output              0x20005028  0x1000  Data  Gb  testDMA.o [1]
Initialize_LCD          0x0800056f    0x86  Code  Gb  testDMA.o [1]
Initialize_MCU          0x080001fd   0x192  Code  Gb  testDMA.o [1]
Initialize_TFT_LCD      0x08000627   0x27e  Code  Gb  testDMA.o [1]
KG_font                 0x080023c4  0x2d00  Data  Gb  testDMA.o [1]
KM_font                 0x08009764  0x2d00  Data  Gb  testDMA.o [1]
KP_font                 0x08005120  0x2d00  Data  Gb  testDMA.o [1]
KS_Table                0x08000d4c  0x125c  Data  Gb  testDMA.o [1]
KS_code_conversion      0x08000cef    0x38  Code  Gb  testDMA.o [1]
Kfont_type              0x2000000e     0x1  Data  Gb  testDMA.o [1]
LCD_command             0x080005f5     0xc  Code  Gb  testDMA.o [1]
Line                    0x080086bd    0xaa  Code  Gb  testDMA.o [1]
Region$$Table$$Base     0x0800c528           --   Gb  - Linker created -
Region$$Table$$Limit    0x0800c548           --   Gb  - Linker created -
ScreenMode              0x20000004     0x1  Data  Gb  testDMA.o [1]
SystemInit              0x080001f9     0x4  Code  Gb  testDMA.o [1]
TFT_English             0x08000ac1   0x222  Code  Gb  testDMA.o [1]
TFT_English_pixel       0x08007e21    0x9a  Code  Gb  testDMA.o [1]
TFT_GRAM_address        0x08000951    0x56  Code  Gb  testDMA.o [1]
TFT_Korean              0x08001fa9   0x370  Code  Gb  testDMA.o [1]
TFT_color               0x080009ad     0xa  Code  Gb  testDMA.o [1]
TFT_color_screen        0x0800092f    0x22  Code  Gb  testDMA.o [1]
TFT_command             0x080008bd    0x2e  Code  Gb  testDMA.o [1]
TFT_data                0x080008ed    0x2c  Code  Gb  testDMA.o [1]
TFT_pixel               0x080009b7    0x68  Code  Gb  testDMA.o [1]
TFT_string              0x08000a51    0x36  Code  Gb  testDMA.o [1]
TFT_write               0x0800091f    0x10  Code  Gb  testDMA.o [1]
Xcharacter              0x20000007     0x1  Data  Gb  testDMA.o [1]
XcharacterLimit         0x20000005     0x1  Data  Gb  testDMA.o [1]
Xcursor                 0x20000009     0x1  Data  Gb  testDMA.o [1]
Ycharacter              0x20000008     0x1  Data  Gb  testDMA.o [1]
YcharacterLimit         0x20000006     0x1  Data  Gb  testDMA.o [1]
Ycursor                 0x2000000a     0x1  Data  Gb  testDMA.o [1]
__aeabi_errno_addr      0x08009181     0x6  Code  Gb  errno.o [3]
__aeabi_memclr4         0x08008ced          Code  Gb  ABImemclr4.o [5]
__cmain                 0x0800c549          Code  Gb  cmain.o [5]
__exit                  0x0800c579    0x14  Code  Gb  exit.o [6]
__iar_Dint              0x0800951d    0x7e  Code  Gb  xdint.o [4]
__iar_Dnorm             0x0800913b    0x44  Code  Gb  xdnorm.o [4]
__iar_Errno             0x20000000     0x4  Data  Gb  errno.o [3]
__iar_Log               0x08008d6d   0x156  Code  Gb  xlog.o [4]
__iar_Memset4_word      0x08009109          Code  Gb  ABImemset48.o [5]
__iar_Memset8_word      0x08009109          Code  Gb  ABImemset48.o [5]
__iar_Quad              0x080093f9    0xca  Code  Gb  xquad.o [4]
__iar_Sin               0x0800918d   0x19e  Code  Gb  xsin.o [4]
__iar_data_init3        0x0800c4dd    0x28  Code  Gb  data_init.o [5]
__iar_dlib_perthread_access
                        0x080093f5     0x2  Code  Gb  xtls.o [3]
__iar_edom              0x080093e9          Code  Gb  iarEdom.o [5]
__iar_init_vfp          0x0800c505          Code  Gb  fpinit_M.o [4]
__iar_packbits_init_single3
                        0x0800c4a5    0x38  Code  Gb  packbits_init_single.o [5]
__iar_program_start     0x0800c59d          Code  Gb  cstartup_M.o [5]
__iar_softfp_fmod       0x080095a5          Code  Gb  fmod.o [4]
__iar_softfp_fmodl      0x080095a5          Code  Gb  fmod.o [4]
__iar_unaligned___aeabi_memcpy
                        0x08008cf5          Code  Gb  ABImemcpy_unaligned.o [5]
__iar_unaligned___aeabi_memcpy4
                        0x08008d15          Code  Gb  ABImemcpy_unaligned.o [5]
__iar_unaligned___aeabi_memcpy8
                        0x08008d15          Code  Gb  ABImemcpy_unaligned.o [5]
__iar_zero_init3        0x0800c465    0x40  Code  Gb  zero_init3.o [5]
__low_level_init        0x0800c563     0x4  Code  Gb  low_level_init.o [3]
__vector_table          0x08000000          Data  Gb  startup_stm32f767xx.o [1]
_call_main              0x0800c555          Code  Gb  cmain.o [5]
_exit                   0x0800c56d          Code  Gb  cexit.o [5]
_main                   0x0800c55f          Code  Gb  cmain.o [5]
background              0x20000018     0x2  Data  Gb  testDMA.o [1]
bul_cho1                0x0800237c    0x18  Data  Gb  testDMA.o [1]
bul_cho2                0x080023ac    0x18  Data  Gb  testDMA.o [1]
bul_jong                0x08002394    0x18  Data  Gb  testDMA.o [1]
cursor                  0x20000010     0x2  Data  Gb  testDMA.o [1]
cursor_flag             0x2000000b     0x1  Data  Gb  testDMA.o [1]
do_fft                  0x080088e1    0xba  Code  Gb  testDMA.o [1]
exit                    0x0800c567     0x4  Code  Gb  exit.o [3]
fft_buffer_pool         0x20001028  0x4000  Data  Gb  testDMA.o [1]
ffti_evaluate_f         0x08008fc9   0x10c  Code  Gb  fft.o [1]
ffti_f                  0x08008f65    0x18  Code  Gb  fft.o [1]
ffti_shuffle_f          0x08008f7d    0x4c  Code  Gb  fft.o [1]
fmod                    0x0800959d          Code  Gb  fmod.o [4]
fmodl                   0x0800959d          Code  Gb  fmod.o [4]
foreground              0x20000016     0x2  Data  Gb  testDMA.o [1]
main                    0x080087e1    0xfe  Code  Gb  testDMA.o [1]
outline                 0x20000014     0x2  Data  Gb  testDMA.o [1]
outline_flag            0x2000000d     0x1  Data  Gb  testDMA.o [1]
sqrt                    0x080090ed          Code  Gb  sqrt.o [4]
sqrtl                   0x080090ed          Code  Gb  sqrt.o [4]
table_cho               0x08002324    0x18  Data  Gb  testDMA.o [1]
table_jong              0x0800235c    0x20  Data  Gb  testDMA.o [1]
table_joong             0x0800233c    0x20  Data  Gb  testDMA.o [1]
underscore              0x20000012     0x2  Data  Gb  testDMA.o [1]
underscore_flag         0x2000000c     0x1  Data  Gb  testDMA.o [1]
x_12bit                 0x2000001a     0x2  Data  Gb  testDMA.o [1]
x_touch                 0x2000001e     0x2  Data  Gb  testDMA.o [1]
y_12bit                 0x2000001c     0x2  Data  Gb  testDMA.o [1]
y_touch                 0x20000020     0x2  Data  Gb  testDMA.o [1]


[1] = C:\IAR Systems\oh-in-pe-\Output\Obj
[2] = command line
[3] = dl7M_tlf.a
[4] = m7M_tlv.a
[5] = rt7M_tl.a
[6] = shb_l.a

  39 510 bytes of readonly  code memory
  11 566 bytes of readonly  data memory
  36 899 bytes of readwrite data memory

Errors: none
Warnings: none
