###############################################################################
#
# IAR ELF Linker V7.80.4.12462/W32 for ARM                11/Dec/2024  04:19:32
# Copyright 2007-2017 IAR Systems AB.
#
#    Output file  =  C:\IAR Systems\oh-in-pe-\Output\Exe\OK-STM767.out
#    Map file     =  C:\IAR Systems\oh-in-pe-\Output\List\OK-STM767.map
#    Command line =  
#        "C:\IAR Systems\oh-in-pe-\Output\Obj\complex.o" "C:\IAR
#        Systems\oh-in-pe-\Output\Obj\fft.o" "C:\IAR
#        Systems\oh-in-pe-\Output\Obj\startup_stm32f767xx.o" "C:\IAR
#        Systems\oh-in-pe-\Output\Obj\testWAV.o" --redirect _Printf=_PrintfFull
#        --redirect _Scanf=_ScanfFull -o "C:\IAR
#        Systems\oh-in-pe-\Output\Exe\OK-STM767.out" --map "C:\IAR
#        Systems\oh-in-pe-\Output\List\OK-STM767.map" --config "C:\IAR
#        Systems\oh-in-pe-\Linker\stm32f767xx_flash.icf" --semihosting --entry
#        __iar_program_start "C:\Program Files (x86)\IAR Systems\Embedded
#        Workbench 7.5_2\arm\CMSIS\Lib\IAR\iar_cortexM7lf_math.a" --vfe
#
###############################################################################

*******************************************************************************
*** RUNTIME MODEL ATTRIBUTES
***

CppFlavor       = *
__Heap_Handler  = DLMalloc
__SystemLibrary = DLib


*******************************************************************************
*** PLACEMENT SUMMARY
***

"A0":  place at 0x08000000 { ro section .intvec };
"P1":  place in [from 0x08000000 to 0x081fffff] { ro };
"P2":  place in [from 0x20000000 to 0x2007ffff] { rw, block CSTACK, block HEAP };
initialize by copy { rw };

  Section            Kind        Address    Size  Object
  -------            ----        -------    ----  ------
"A0":                                      0x1f8
  .intvec            ro code  0x08000000   0x1f8  startup_stm32f767xx.o [1]
                            - 0x080001f8   0x1f8

"P1":                                     0xc71e
  .text              ro code  0x080001f8  0x9630  testWAV.o [1]
  .text              ro code  0x08009828     0x6  ABImemclr4.o [5]
  .text              ro code  0x08009830    0x76  ABImemcpy_unaligned.o [5]
  .text              ro code  0x080098a8    0x32  ABImemset48.o [5]
  .rodata            const    0x080098dc  0x2d00  testWAV.o [1]
  .text              ro code  0x0800c5dc    0x40  zero_init3.o [5]
  .text              ro code  0x0800c61c    0x38  packbits_init_single.o [5]
  .text              ro code  0x0800c654    0x28  data_init.o [5]
  .text              ro code  0x0800c67c    0x22  fpinit_M.o [4]
  .iar.init_table    const    0x0800c6a0    0x20  - Linker created -
  .text              ro code  0x0800c6c0    0x1a  cmain.o [5]
  .text              ro code  0x0800c6da     0x4  low_level_init.o [3]
  .text              ro code  0x0800c6de     0x4  exit.o [3]
  .text              ro code  0x0800c6e4     0xa  cexit.o [5]
  .text              ro code  0x0800c6f0    0x14  exit.o [6]
  .text              ro code  0x0800c704    0x10  startup_stm32f767xx.o [1]
  .text              ro code  0x0800c714     0xc  cstartup_M.o [5]
  .text              ro code  0x0800c720     0x4  startup_stm32f767xx.o [1]
  .text              ro code  0x0800c724     0x4  startup_stm32f767xx.o [1]
  .text              ro code  0x0800c728     0x4  startup_stm32f767xx.o [1]
  .text              ro code  0x0800c72c     0x4  startup_stm32f767xx.o [1]
  .text              ro code  0x0800c730     0x4  startup_stm32f767xx.o [1]
  .text              ro code  0x0800c734     0x4  startup_stm32f767xx.o [1]
  .text              ro code  0x0800c738     0x4  startup_stm32f767xx.o [1]
  .text              ro code  0x0800c73c     0x4  startup_stm32f767xx.o [1]
  .text              ro code  0x0800c740     0x4  startup_stm32f767xx.o [1]
  .text              ro code  0x0800c744     0x4  startup_stm32f767xx.o [1]
  .text              ro code  0x0800c748     0x4  startup_stm32f767xx.o [1]
  .text              ro code  0x0800c74c     0x4  startup_stm32f767xx.o [1]
  .text              ro code  0x0800c750     0x4  startup_stm32f767xx.o [1]
  .text              ro code  0x0800c754     0x4  startup_stm32f767xx.o [1]
  .text              ro code  0x0800c758     0x4  startup_stm32f767xx.o [1]
  .text              ro code  0x0800c75c     0x4  startup_stm32f767xx.o [1]
  .text              ro code  0x0800c760     0x4  startup_stm32f767xx.o [1]
  .text              ro code  0x0800c764     0x4  startup_stm32f767xx.o [1]
  .text              ro code  0x0800c768     0x4  startup_stm32f767xx.o [1]
  .text              ro code  0x0800c76c     0x4  startup_stm32f767xx.o [1]
  .text              ro code  0x0800c770     0x4  startup_stm32f767xx.o [1]
  .text              ro code  0x0800c774     0x4  startup_stm32f767xx.o [1]
  .text              ro code  0x0800c778     0x4  startup_stm32f767xx.o [1]
  .text              ro code  0x0800c77c     0x4  startup_stm32f767xx.o [1]
  .text              ro code  0x0800c780     0x4  startup_stm32f767xx.o [1]
  .text              ro code  0x0800c784     0x4  startup_stm32f767xx.o [1]
  .text              ro code  0x0800c788     0x4  startup_stm32f767xx.o [1]
  .text              ro code  0x0800c78c     0x4  startup_stm32f767xx.o [1]
  .text              ro code  0x0800c790     0x4  startup_stm32f767xx.o [1]
  .text              ro code  0x0800c794     0x4  startup_stm32f767xx.o [1]
  .text              ro code  0x0800c798     0x4  startup_stm32f767xx.o [1]
  .text              ro code  0x0800c79c     0x4  startup_stm32f767xx.o [1]
  .text              ro code  0x0800c7a0     0x4  startup_stm32f767xx.o [1]
  .text              ro code  0x0800c7a4     0x4  startup_stm32f767xx.o [1]
  .text              ro code  0x0800c7a8     0x4  startup_stm32f767xx.o [1]
  .text              ro code  0x0800c7ac     0x4  startup_stm32f767xx.o [1]
  .text              ro code  0x0800c7b0     0x4  startup_stm32f767xx.o [1]
  .text              ro code  0x0800c7b4     0x4  startup_stm32f767xx.o [1]
  .text              ro code  0x0800c7b8     0x4  startup_stm32f767xx.o [1]
  .text              ro code  0x0800c7bc     0x4  startup_stm32f767xx.o [1]
  .text              ro code  0x0800c7c0     0x4  startup_stm32f767xx.o [1]
  .text              ro code  0x0800c7c4     0x4  startup_stm32f767xx.o [1]
  .text              ro code  0x0800c7c8     0x4  startup_stm32f767xx.o [1]
  .text              ro code  0x0800c7cc     0x4  startup_stm32f767xx.o [1]
  .text              ro code  0x0800c7d0     0x4  startup_stm32f767xx.o [1]
  .text              ro code  0x0800c7d4     0x4  startup_stm32f767xx.o [1]
  .text              ro code  0x0800c7d8     0x4  startup_stm32f767xx.o [1]
  .text              ro code  0x0800c7dc     0x4  startup_stm32f767xx.o [1]
  .text              ro code  0x0800c7e0     0x4  startup_stm32f767xx.o [1]
  .text              ro code  0x0800c7e4     0x4  startup_stm32f767xx.o [1]
  .text              ro code  0x0800c7e8     0x4  startup_stm32f767xx.o [1]
  .text              ro code  0x0800c7ec     0x4  startup_stm32f767xx.o [1]
  .text              ro code  0x0800c7f0     0x4  startup_stm32f767xx.o [1]
  .text              ro code  0x0800c7f4     0x4  startup_stm32f767xx.o [1]
  .text              ro code  0x0800c7f8     0x4  startup_stm32f767xx.o [1]
  .text              ro code  0x0800c7fc     0x4  startup_stm32f767xx.o [1]
  .text              ro code  0x0800c800     0x4  startup_stm32f767xx.o [1]
  .text              ro code  0x0800c804     0x4  startup_stm32f767xx.o [1]
  .text              ro code  0x0800c808     0x4  startup_stm32f767xx.o [1]
  .text              ro code  0x0800c80c     0x4  startup_stm32f767xx.o [1]
  .text              ro code  0x0800c810     0x4  startup_stm32f767xx.o [1]
  .text              ro code  0x0800c814     0x4  startup_stm32f767xx.o [1]
  .text              ro code  0x0800c818     0x4  startup_stm32f767xx.o [1]
  .text              ro code  0x0800c81c     0x4  startup_stm32f767xx.o [1]
  .text              ro code  0x0800c820     0x4  startup_stm32f767xx.o [1]
  .text              ro code  0x0800c824     0x4  startup_stm32f767xx.o [1]
  .text              ro code  0x0800c828     0x4  startup_stm32f767xx.o [1]
  .text              ro code  0x0800c82c     0x4  startup_stm32f767xx.o [1]
  .text              ro code  0x0800c830     0x4  startup_stm32f767xx.o [1]
  .text              ro code  0x0800c834     0x4  startup_stm32f767xx.o [1]
  .text              ro code  0x0800c838     0x4  startup_stm32f767xx.o [1]
  .text              ro code  0x0800c83c     0x4  startup_stm32f767xx.o [1]
  .text              ro code  0x0800c840     0x4  startup_stm32f767xx.o [1]
  .text              ro code  0x0800c844     0x4  startup_stm32f767xx.o [1]
  .text              ro code  0x0800c848     0x4  startup_stm32f767xx.o [1]
  .text              ro code  0x0800c84c     0x4  startup_stm32f767xx.o [1]
  .text              ro code  0x0800c850     0x4  startup_stm32f767xx.o [1]
  .text              ro code  0x0800c854     0x4  startup_stm32f767xx.o [1]
  .text              ro code  0x0800c858     0x4  startup_stm32f767xx.o [1]
  .text              ro code  0x0800c85c     0x4  startup_stm32f767xx.o [1]
  .text              ro code  0x0800c860     0x4  startup_stm32f767xx.o [1]
  .text              ro code  0x0800c864     0x4  startup_stm32f767xx.o [1]
  .text              ro code  0x0800c868     0x4  startup_stm32f767xx.o [1]
  .text              ro code  0x0800c86c     0x4  startup_stm32f767xx.o [1]
  .text              ro code  0x0800c870     0x4  startup_stm32f767xx.o [1]
  .text              ro code  0x0800c874     0x4  startup_stm32f767xx.o [1]
  .text              ro code  0x0800c878     0x4  startup_stm32f767xx.o [1]
  .text              ro code  0x0800c87c     0x4  startup_stm32f767xx.o [1]
  .text              ro code  0x0800c880     0x4  startup_stm32f767xx.o [1]
  .text              ro code  0x0800c884     0x4  startup_stm32f767xx.o [1]
  .text              ro code  0x0800c888     0x4  startup_stm32f767xx.o [1]
  .text              ro code  0x0800c88c     0x4  startup_stm32f767xx.o [1]
  .text              ro code  0x0800c890     0x4  startup_stm32f767xx.o [1]
  .text              ro code  0x0800c894     0x4  startup_stm32f767xx.o [1]
  .text              ro code  0x0800c898     0x4  startup_stm32f767xx.o [1]
  .text              ro code  0x0800c89c     0x4  startup_stm32f767xx.o [1]
  .text              ro code  0x0800c8a0     0x4  startup_stm32f767xx.o [1]
  .text              ro code  0x0800c8a4     0x4  startup_stm32f767xx.o [1]
  .text              ro code  0x0800c8a8     0x4  startup_stm32f767xx.o [1]
  .text              ro code  0x0800c8ac     0x4  startup_stm32f767xx.o [1]
  .text              ro code  0x0800c8b0     0x4  startup_stm32f767xx.o [1]
  .text              ro code  0x0800c8b4     0x4  startup_stm32f767xx.o [1]
  .text              ro code  0x0800c8b8     0x4  startup_stm32f767xx.o [1]
  .text              ro code  0x0800c8bc     0x4  startup_stm32f767xx.o [1]
  .text              ro code  0x0800c8c0     0x4  startup_stm32f767xx.o [1]
  .text              ro code  0x0800c8c4     0x4  startup_stm32f767xx.o [1]
  .text              ro code  0x0800c8c8     0x4  startup_stm32f767xx.o [1]
  .text              ro code  0x0800c8cc     0x4  startup_stm32f767xx.o [1]
  .text              ro code  0x0800c8d0     0x4  startup_stm32f767xx.o [1]
  .text              ro code  0x0800c8d4     0x4  startup_stm32f767xx.o [1]
  .text              ro code  0x0800c8d8     0x4  startup_stm32f767xx.o [1]
  .text              ro code  0x0800c8dc     0x4  startup_stm32f767xx.o [1]
  .text              ro code  0x0800c8e0     0x4  startup_stm32f767xx.o [1]
  .text              ro code  0x0800c8e4     0x4  startup_stm32f767xx.o [1]
  .text              ro code  0x0800c8e8     0x4  startup_stm32f767xx.o [1]
  .text              ro code  0x0800c8ec     0x4  startup_stm32f767xx.o [1]
  .text              ro code  0x0800c8f0     0x4  startup_stm32f767xx.o [1]
  .rodata            const    0x0800c8f4     0x0  zero_init3.o [5]
  .rodata            const    0x0800c8f4     0x0  packbits_init_single.o [5]
  Initializer bytes  const    0x0800c8f4    0x22  <for P2-1>
                            - 0x0800c916  0xc71e

"P2", part 1 of 3:                         0x44c
  P2-1                        0x20000000   0x44c  <Init block>
    .data            inited   0x20000000    0x28  testWAV.o [1]
    .data            inited   0x20000028   0x406  testWAV.o [1]
    .data            inited   0x2000042e    0x1e  testWAV.o [1]
                            - 0x2000044c   0x44c

"P2", part 2 of 3:                        0x1000
  CSTACK                      0x20000450  0x1000  <Block>
    CSTACK           uninit   0x20000450  0x1000  <Block tail>
                            - 0x20001450  0x1000

"P2", part 3 of 3:                        0x1888
  .bss               zero     0x20001450   0x3e8  testWAV.o [1]
  .bss               zero     0x20001838   0x3e8  testWAV.o [1]
  .bss               zero     0x20001c20   0x3e8  testWAV.o [1]
  .bss               zero     0x20002008   0x3e8  testWAV.o [1]
  .bss               zero     0x200023f0   0x3e8  testWAV.o [1]
  .bss               zero     0x200027d8   0x200  testWAV.o [1]
  .bss               zero     0x200029d8   0x200  testWAV.o [1]
  .bss               zero     0x20002bd8    0xfc  testWAV.o [1]
  .bss               zero     0x20002cd4     0x1  testWAV.o [1]
  .bss               zero     0x20002cd5     0x1  testWAV.o [1]
                            - 0x20002cd6  0x1886


*******************************************************************************
*** INIT TABLE
***

          Address     Size
          -------     ----
Zero (__iar_zero_init3)
    1 destination range, total size 0x1886:
          0x20001450  0x1886

Copy/packbits (__iar_packbits_init_single3)
    1 source range, total size 0x22 (3% of destination):
          0x0800c8f4    0x22
    1 destination range, total size 0x44c:
          0x20000000   0x44c



*******************************************************************************
*** MODULE SUMMARY
***

    Module                  ro code  ro data  rw data
    ------                  -------  -------  -------
C:\IAR Systems\oh-in-pe-\Output\Obj: [1]
    startup_stm32f767xx.o       988
    testWAV.o                38 448   11 554    7 378
    -------------------------------------------------
    Total:                   39 436   11 554    7 378

command line: [2]
    -------------------------------------------------
    Total:

dl7M_tlf.a: [3]
    exit.o                        4
    low_level_init.o              4
    -------------------------------------------------
    Total:                        8

m7M_tlv.a: [4]
    fpinit_M.o                   34
    -------------------------------------------------
    Total:                       34

rt7M_tl.a: [5]
    ABImemclr4.o                  6
    ABImemcpy_unaligned.o       118
    ABImemset48.o                50
    cexit.o                      10
    cmain.o                      26
    cstartup_M.o                 12
    data_init.o                  40
    packbits_init_single.o       56
    zero_init3.o                 64
    -------------------------------------------------
    Total:                      382

shb_l.a: [6]
    exit.o                       20
    -------------------------------------------------
    Total:                       20

    Gaps                          8        4
    Linker created                        32    4 096
-----------------------------------------------------
    Grand Total:             39 888   11 590   11 474


*******************************************************************************
*** ENTRY LIST
***

Entry                      Address    Size  Type      Object
-----                      -------    ----  ----      ------
.iar.init_table$$Base   0x0800c6a0           --   Gb  - Linker created -
.iar.init_table$$Limit  0x0800c6c0           --   Gb  - Linker created -
?main                   0x0800c6c1          Code  Gb  cmain.o [5]
Beep                    0x0800056b    0x1a  Code  Gb  testWAV.o [1]
Beep_3times             0x08000585    0x1c  Code  Gb  testWAV.o [1]
CSTACK$$Base            0x20000450           --   Gb  - Linker created -
CSTACK$$Limit           0x20001450           --   Gb  - Linker created -
Check_valid_increment_file
                        0x08009639    0x3e  Code  Gb  testWAV.o [1]
Delay_ms                0x08000553    0x18  Code  Gb  testWAV.o [1]
Delay_us                0x08000399   0x1ba  Code  Gb  testWAV.o [1]
E_font                  0x08007de0   0x800  Data  Gb  testWAV.o [1]
EntryBuffer             0x200029d8   0x200  Data  Gb  testWAV.o [1]
Fat32Enabled            0x20000000     0x1  Data  Gb  testWAV.o [1]
Filename_arrange        0x0800912d    0x72  Code  Gb  testWAV.o [1]
FirstDataSector         0x20000014     0x4  Data  Gb  testWAV.o [1]
FirstDirCluster         0x20000020     0x4  Data  Gb  testWAV.o [1]
FirstFAT2Sector         0x2000001c     0x4  Data  Gb  testWAV.o [1]
FirstFATSector          0x20000018     0x4  Data  Gb  testWAV.o [1]
Get_long_filename       0x08008f47    0xba  Code  Gb  testWAV.o [1]
Initialize_FAT32        0x08008cb9    0xf6  Code  Gb  testWAV.o [1]
Initialize_MCU          0x080001fd   0x192  Code  Gb  testWAV.o [1]
Initialize_Peripherals  0x080093db    0x66  Code  Gb  testWAV.o [1]
Initialize_SD           0x080087d1   0x310  Code  Gb  testWAV.o [1]
Initialize_System       0x080093b1    0x2a  Code  Gb  testWAV.o [1]
Initialize_TFT_LCD      0x080005dd   0x276  Code  Gb  testWAV.o [1]
Initialize_VS1053b      0x08009219    0x9e  Code  Gb  testWAV.o [1]
Initialize_touch_screen
                        0x0800861b    0x56  Code  Gb  testWAV.o [1]
KG_font                 0x08002384  0x2d00  Data  Gb  testWAV.o [1]
KM_font                 0x080098dc  0x2d00  Data  Gb  testWAV.o [1]
KP_font                 0x080050e0  0x2d00  Data  Gb  testWAV.o [1]
KS_Table                0x08000d0c  0x125c  Data  Gb  testWAV.o [1]
KS_code_conversion      0x08000ca7    0x38  Code  Gb  testWAV.o [1]
Key_input               0x080005a1    0x1c  Code  Gb  testWAV.o [1]
Kfont_type              0x20000438     0x1  Data  Gb  testWAV.o [1]
Play_Audio              0x080094a9    0xa8  Code  Gb  testWAV.o [1]
Play_Audio::index       0x2000042c     0x2  Data  Lc  testWAV.o [1]
Read_ADS7846            0x08008671    0x32  Code  Gb  testWAV.o [1]
Region$$Table$$Base     0x0800c6a0           --   Gb  - Linker created -
Region$$Table$$Limit    0x0800c6c0           --   Gb  - Linker created -
SD_command              0x08008c19    0x44  Code  Gb  testWAV.o [1]
SD_read_sector          0x08008c5d    0x58  Code  Gb  testWAV.o [1]
SD_type                 0x20002cd5     0x1  Data  Gb  testWAV.o [1]
SPI3_high_speed         0x08008763    0x54  Code  Gb  testWAV.o [1]
SPI3_low_speed          0x080086b3    0x54  Code  Gb  testWAV.o [1]
SPI3_medium_speed       0x08008707    0x52  Code  Gb  testWAV.o [1]
SPI3_write              0x080087b7    0x18  Code  Gb  testWAV.o [1]
ScreenMode              0x2000042e     0x1  Data  Gb  testWAV.o [1]
SectorBuffer            0x200027d8   0x200  Data  Gb  testWAV.o [1]
SectorsPerCluster       0x20000004     0x2  Data  Gb  testWAV.o [1]
SetupMainScreen         0x08009445    0x52  Code  Gb  testWAV.o [1]
SystemInit              0x080001f9     0x4  Code  Gb  testWAV.o [1]
TFT_English             0x08000a79   0x222  Code  Gb  testWAV.o [1]
TFT_GRAM_address        0x08000901    0x56  Code  Gb  testWAV.o [1]
TFT_Korean              0x08001f69   0x370  Code  Gb  testWAV.o [1]
TFT_color               0x08000967     0xa  Code  Gb  testWAV.o [1]
TFT_color_screen        0x080008df    0x22  Code  Gb  testWAV.o [1]
TFT_command             0x0800086d    0x2e  Code  Gb  testWAV.o [1]
TFT_data                0x0800089d    0x2c  Code  Gb  testWAV.o [1]
TFT_filename            0x080095c9    0x70  Code  Gb  testWAV.o [1]
TFT_hexadecimal         0x080085e1    0x24  Code  Gb  testWAV.o [1]
TFT_long_filename       0x0800908d    0xa0  Code  Gb  testWAV.o [1]
TFT_pixel               0x08000971    0x68  Code  Gb  testWAV.o [1]
TFT_short_filename      0x0800902b    0x62  Code  Gb  testWAV.o [1]
TFT_string              0x08000a09    0x36  Code  Gb  testWAV.o [1]
TFT_write               0x080008cf    0x10  Code  Gb  testWAV.o [1]
TFT_xy                  0x0800095d     0xa  Code  Gb  testWAV.o [1]
Unicode_to_KS           0x080091b9    0x60  Code  Gb  testWAV.o [1]
Update_Display          0x08009555    0x70  Code  Gb  testWAV.o [1]
Update_Display::loop    0x2000000a     0x2  Data  Lc  testWAV.o [1]
VS1053b_SCI_Read        0x080092f7    0x22  Code  Gb  testWAV.o [1]
VS1053b_SCI_Write       0x080092c9    0x2e  Code  Gb  testWAV.o [1]
VS1053b_SetBassTreble   0x08009385    0x14  Code  Gb  testWAV.o [1]
VS1053b_SetVolume       0x08009367    0x1e  Code  Gb  testWAV.o [1]
VS1053b_software_reset  0x08009345    0x22  Code  Gb  testWAV.o [1]
WAV_end_sector          0x20000024     0x4  Data  Gb  testWAV.o [1]
WAV_start_backup        0x20002008   0x3e8  Data  Gb  testWAV.o [1]
WAV_start_sector        0x20001c20   0x3e8  Data  Gb  testWAV.o [1]
WAVbuffer               0x2000002c   0x400  Data  Gb  testWAV.o [1]
Xcharacter              0x20000431     0x1  Data  Gb  testWAV.o [1]
XcharacterLimit         0x2000042f     0x1  Data  Gb  testWAV.o [1]
Xcursor                 0x20000433     0x1  Data  Gb  testWAV.o [1]
Ycharacter              0x20000432     0x1  Data  Gb  testWAV.o [1]
YcharacterLimit         0x20000430     0x1  Data  Gb  testWAV.o [1]
Ycursor                 0x20000434     0x1  Data  Gb  testWAV.o [1]
__aeabi_memclr4         0x08009829          Code  Gb  ABImemclr4.o [5]
__cmain                 0x0800c6c1          Code  Gb  cmain.o [5]
__exit                  0x0800c6f1    0x14  Code  Gb  exit.o [6]
__iar_Memset4_word      0x080098a9          Code  Gb  ABImemset48.o [5]
__iar_Memset8_word      0x080098a9          Code  Gb  ABImemset48.o [5]
__iar_data_init3        0x0800c655    0x28  Code  Gb  data_init.o [5]
__iar_init_vfp          0x0800c67d          Code  Gb  fpinit_M.o [4]
__iar_packbits_init_single3
                        0x0800c61d    0x38  Code  Gb  packbits_init_single.o [5]
__iar_program_start     0x0800c715          Code  Gb  cstartup_M.o [5]
__iar_unaligned___aeabi_memcpy
                        0x08009831          Code  Gb  ABImemcpy_unaligned.o [5]
__iar_unaligned___aeabi_memcpy4
                        0x08009851          Code  Gb  ABImemcpy_unaligned.o [5]
__iar_unaligned___aeabi_memcpy8
                        0x08009851          Code  Gb  ABImemcpy_unaligned.o [5]
__iar_zero_init3        0x0800c5dd    0x40  Code  Gb  zero_init3.o [5]
__low_level_init        0x0800c6db     0x4  Code  Gb  low_level_init.o [3]
__vector_table          0x08000000          Data  Gb  startup_stm32f767xx.o [1]
_call_main              0x0800c6cd          Code  Gb  cmain.o [5]
_exit                   0x0800c6e5          Code  Gb  cexit.o [5]
_main                   0x0800c6d7          Code  Gb  cmain.o [5]
background              0x20000442     0x2  Data  Gb  testWAV.o [1]
bul_cho1                0x0800233c    0x18  Data  Gb  testWAV.o [1]
bul_cho2                0x0800236c    0x18  Data  Gb  testWAV.o [1]
bul_jong                0x08002354    0x18  Data  Gb  testWAV.o [1]
currentBuffer           0x20000028     0x1  Data  Gb  testWAV.o [1]
cursor                  0x2000043a     0x2  Data  Gb  testWAV.o [1]
cursor_flag             0x20000435     0x1  Data  Gb  testWAV.o [1]
exit                    0x0800c6df     0x4  Code  Gb  exit.o [3]
extension               0x20000010     0x4  Data  Gb  testWAV.o [1]
fatClustToSect          0x08008f33    0x14  Code  Gb  testWAV.o [1]
fatDir                  0x08008eb9    0x3c  Code  Gb  testWAV.o [1]
fatGetDirEntry          0x08008dcf    0xca  Code  Gb  testWAV.o [1]
fatNextCluster          0x08008ef5    0x3e  Code  Gb  testWAV.o [1]
file_number             0x20000002     0x1  Data  Gb  testWAV.o [1]
file_size               0x200023f0   0x3e8  Data  Gb  testWAV.o [1]
file_start_cluster      0x20001450   0x3e8  Data  Gb  testWAV.o [1]
file_start_entry        0x20002bd8    0xfc  Data  Gb  testWAV.o [1]
file_start_sector       0x20001838   0x3e8  Data  Gb  testWAV.o [1]
foreground              0x20000440     0x2  Data  Gb  testWAV.o [1]
index                   0x20000006     0x2  Data  Gb  testWAV.o [1]
key_flag                0x20002cd4     0x1  Data  Gb  testWAV.o [1]
main                    0x08009399    0x18  Code  Gb  testWAV.o [1]
outline                 0x2000043e     0x2  Data  Gb  testWAV.o [1]
outline_flag            0x20000437     0x1  Data  Gb  testWAV.o [1]
play_flag               0x20000003     0x1  Data  Gb  testWAV.o [1]
sector_cluster          0x2000000c     0x4  Data  Gb  testWAV.o [1]
table_cho               0x080022e4    0x18  Data  Gb  testWAV.o [1]
table_jong              0x0800231c    0x20  Data  Gb  testWAV.o [1]
table_joong             0x080022fc    0x20  Data  Gb  testWAV.o [1]
total_file              0x20000001     0x1  Data  Gb  testWAV.o [1]
underscore              0x2000043c     0x2  Data  Gb  testWAV.o [1]
underscore_flag         0x20000436     0x1  Data  Gb  testWAV.o [1]
volume                  0x20000008     0x2  Data  Gb  testWAV.o [1]
x_12bit                 0x20000444     0x2  Data  Gb  testWAV.o [1]
x_touch                 0x20000448     0x2  Data  Gb  testWAV.o [1]
y_12bit                 0x20000446     0x2  Data  Gb  testWAV.o [1]
y_touch                 0x2000044a     0x2  Data  Gb  testWAV.o [1]


[1] = C:\IAR Systems\oh-in-pe-\Output\Obj
[2] = command line
[3] = dl7M_tlf.a
[4] = m7M_tlv.a
[5] = rt7M_tl.a
[6] = shb_l.a

  39 888 bytes of readonly  code memory
  11 590 bytes of readonly  data memory
  11 474 bytes of readwrite data memory

Errors: none
Warnings: none
