###############################################################################
#
# IAR ELF Linker V7.80.4.12462/W32 for ARM                11/Dec/2024  04:27:52
# Copyright 2007-2017 IAR Systems AB.
#
#    Output file  =  C:\IAR Systems\oh-in-pe-\Output\Exe\OK-STM767.out
#    Map file     =  C:\IAR Systems\oh-in-pe-\Output\List\OK-STM767.map
#    Command line =  
#        "C:\IAR Systems\oh-in-pe-\Output\Obj\complex.o" "C:\IAR
#        Systems\oh-in-pe-\Output\Obj\fft.o" "C:\IAR
#        Systems\oh-in-pe-\Output\Obj\piano.o" "C:\IAR
#        Systems\oh-in-pe-\Output\Obj\startup_stm32f767xx.o" --redirect
#        _Printf=_PrintfFull --redirect _Scanf=_ScanfFull -o "C:\IAR
#        Systems\oh-in-pe-\Output\Exe\OK-STM767.out" --map "C:\IAR
#        Systems\oh-in-pe-\Output\List\OK-STM767.map" --config "C:\IAR
#        Systems\oh-in-pe-\Linker\stm32f767xx_flash.icf" --semihosting --entry
#        __iar_program_start "C:\Program Files (x86)\IAR Systems\Embedded
#        Workbench 7.5_2\arm\CMSIS\Lib\IAR\iar_cortexM7lf_math.a" --vfe
#
###############################################################################

*******************************************************************************
*** RUNTIME MODEL ATTRIBUTES
***

CppFlavor                     = *
__Heap_Handler                = DLMalloc
__SystemLibrary               = DLib
__dlib_dynamic_initialization = normal


*******************************************************************************
*** PLACEMENT SUMMARY
***

"A0":  place at 0x08000000 { ro section .intvec };
"P1":  place in [from 0x08000000 to 0x081fffff] { ro };
"P2":  place in [from 0x20000000 to 0x2007ffff] { rw, block CSTACK, block HEAP };
initialize by copy { rw };

  Section             Kind        Address    Size  Object
  -------             ----        -------    ----  ------
"A0":                                       0x1f8
  .intvec             ro code  0x08000000   0x1f8  startup_stm32f767xx.o [1]
                             - 0x080001f8   0x1f8

"P1":                                      0xecb0
  .text               ro code  0x080001f8  0x8f9c  piano.o [1]
  .text               ro code  0x08009194     0x6  ABImemclr4.o [5]
  .text               ro code  0x0800919a     0xa  xsprout.o [3]
  .text               ro code  0x080091a4    0x76  ABImemcpy_unaligned.o [5]
  .text               ro code  0x0800921c    0x34  sprintf.o [3]
  .text               ro code  0x08009250    0x32  ABImemset48.o [5]
  .text               ro code  0x08009284  0x119a  xprintffull.o [3]
  .text               ro code  0x0800a41e    0x20  xmbtowc.o [3]
  .text               ro code  0x0800a440    0x16  strchr.o [5]
  .text               ro code  0x0800a458    0x36  strlen.o [5]
  .text               ro code  0x0800a490    0x58  memchr.o [5]
  .text               ro code  0x0800a4e8     0xa  xmbcurmax.o [3]
  .text               ro code  0x0800a4f4  0x14f4  dlmalloc.o [3]
  .text               ro code  0x0800b9e8    0x1a  xwctomb.o [3]
  .text               ro code  0x0800ba04    0xee  I64DivMod.o [5]
  .text               ro code  0x0800baf2    0x44  xdnorm.o [4]
  .text               ro code  0x0800bb38    0x2e  DblCmpLe.o [4]
  .text               ro code  0x0800bb68    0x2e  DblCmpGe.o [4]
  .text               ro code  0x0800bb98   0x114  xdscale.o [4]
  .text               ro code  0x0800bcac     0xe  DblToS32.o [4]
  .text               ro code  0x0800bcba     0xe  S32ToDbl.o [4]
  .text               ro code  0x0800bcc8    0x12  DblSub.o [4]
  .text               ro code  0x0800bcda    0x12  DblMul.o [4]
  .text               ro code  0x0800bcec    0x12  DblDiv.o [4]
  .text               ro code  0x0800bcfe     0xe  DblToU32.o [4]
  .text               ro code  0x0800bd0c     0xe  U32ToDbl.o [4]
  .text               ro code  0x0800bd1c    0x6c  localeconv.o [3]
  .text               ro code  0x0800bd88     0xe  div.o [3]
  .text               ro code  0x0800bd98    0x14  setlocale.o [3]
  .text               ro code  0x0800bdac    0x60  xencoding_sb.o [3]
  .text               ro code  0x0800be0c     0x6  abort.o [3]
  .text               ro code  0x0800be14    0x2c  xgetmemchunk.o [3]
  .text               ro code  0x0800be40     0x2  I64DivZer.o [5]
  .text               ro code  0x0800be42     0x2  xtls.o [3]
  .text               ro code  0x0800be44    0x14  exit.o [6]
  .rodata             const    0x0800be58  0x2d00  piano.o [1]
  .text               ro code  0x0800eb58    0x40  zero_init3.o [5]
  .text               ro code  0x0800eb98    0x38  packbits_init_single.o [5]
  .text               ro code  0x0800ebd0    0x28  data_init.o [5]
  .text               ro code  0x0800ebf8    0x22  fpinit_M.o [4]
  .iar.init_table     const    0x0800ec1c    0x20  - Linker created -
  .text               ro code  0x0800ec3c    0x1a  cmain.o [5]
  .text               ro code  0x0800ec56     0x4  low_level_init.o [3]
  .text               ro code  0x0800ec5a     0x4  exit.o [3]
  .text               ro code  0x0800ec60     0xa  cexit.o [5]
  .text               ro code  0x0800ec6c    0x10  startup_stm32f767xx.o [1]
  .text               ro code  0x0800ec7c     0xc  cstartup_M.o [5]
  .text               ro code  0x0800ec88     0x4  startup_stm32f767xx.o [1]
  .text               ro code  0x0800ec8c     0x4  startup_stm32f767xx.o [1]
  .text               ro code  0x0800ec90     0x4  startup_stm32f767xx.o [1]
  .text               ro code  0x0800ec94     0x4  startup_stm32f767xx.o [1]
  .text               ro code  0x0800ec98     0x4  startup_stm32f767xx.o [1]
  .text               ro code  0x0800ec9c     0x4  startup_stm32f767xx.o [1]
  .text               ro code  0x0800eca0     0x4  startup_stm32f767xx.o [1]
  .text               ro code  0x0800eca4     0x4  startup_stm32f767xx.o [1]
  .text               ro code  0x0800eca8     0x4  startup_stm32f767xx.o [1]
  .text               ro code  0x0800ecac     0x4  startup_stm32f767xx.o [1]
  .text               ro code  0x0800ecb0     0x4  startup_stm32f767xx.o [1]
  .text               ro code  0x0800ecb4     0x4  startup_stm32f767xx.o [1]
  .text               ro code  0x0800ecb8     0x4  startup_stm32f767xx.o [1]
  .text               ro code  0x0800ecbc     0x4  startup_stm32f767xx.o [1]
  .text               ro code  0x0800ecc0     0x4  startup_stm32f767xx.o [1]
  .text               ro code  0x0800ecc4     0x4  startup_stm32f767xx.o [1]
  .text               ro code  0x0800ecc8     0x4  startup_stm32f767xx.o [1]
  .text               ro code  0x0800eccc     0x4  startup_stm32f767xx.o [1]
  .text               ro code  0x0800ecd0     0x4  startup_stm32f767xx.o [1]
  .text               ro code  0x0800ecd4     0x4  startup_stm32f767xx.o [1]
  .text               ro code  0x0800ecd8     0x4  startup_stm32f767xx.o [1]
  .text               ro code  0x0800ecdc     0x4  startup_stm32f767xx.o [1]
  .text               ro code  0x0800ece0     0x4  startup_stm32f767xx.o [1]
  .text               ro code  0x0800ece4     0x4  startup_stm32f767xx.o [1]
  .text               ro code  0x0800ece8     0x4  startup_stm32f767xx.o [1]
  .text               ro code  0x0800ecec     0x4  startup_stm32f767xx.o [1]
  .text               ro code  0x0800ecf0     0x4  startup_stm32f767xx.o [1]
  .text               ro code  0x0800ecf4     0x4  startup_stm32f767xx.o [1]
  .text               ro code  0x0800ecf8     0x4  startup_stm32f767xx.o [1]
  .text               ro code  0x0800ecfc     0x4  startup_stm32f767xx.o [1]
  .text               ro code  0x0800ed00     0x4  startup_stm32f767xx.o [1]
  .text               ro code  0x0800ed04     0x4  startup_stm32f767xx.o [1]
  .text               ro code  0x0800ed08     0x4  startup_stm32f767xx.o [1]
  .text               ro code  0x0800ed0c     0x4  startup_stm32f767xx.o [1]
  .text               ro code  0x0800ed10     0x4  startup_stm32f767xx.o [1]
  .text               ro code  0x0800ed14     0x4  startup_stm32f767xx.o [1]
  .text               ro code  0x0800ed18     0x4  startup_stm32f767xx.o [1]
  .text               ro code  0x0800ed1c     0x4  startup_stm32f767xx.o [1]
  .text               ro code  0x0800ed20     0x4  startup_stm32f767xx.o [1]
  .text               ro code  0x0800ed24     0x4  startup_stm32f767xx.o [1]
  .text               ro code  0x0800ed28     0x4  startup_stm32f767xx.o [1]
  .text               ro code  0x0800ed2c     0x4  startup_stm32f767xx.o [1]
  .text               ro code  0x0800ed30     0x4  startup_stm32f767xx.o [1]
  .text               ro code  0x0800ed34     0x4  startup_stm32f767xx.o [1]
  .text               ro code  0x0800ed38     0x4  startup_stm32f767xx.o [1]
  .text               ro code  0x0800ed3c     0x4  startup_stm32f767xx.o [1]
  .text               ro code  0x0800ed40     0x4  startup_stm32f767xx.o [1]
  .text               ro code  0x0800ed44     0x4  startup_stm32f767xx.o [1]
  .text               ro code  0x0800ed48     0x4  startup_stm32f767xx.o [1]
  .text               ro code  0x0800ed4c     0x4  startup_stm32f767xx.o [1]
  .text               ro code  0x0800ed50     0x4  startup_stm32f767xx.o [1]
  .text               ro code  0x0800ed54     0x4  startup_stm32f767xx.o [1]
  .text               ro code  0x0800ed58     0x4  startup_stm32f767xx.o [1]
  .text               ro code  0x0800ed5c     0x4  startup_stm32f767xx.o [1]
  .text               ro code  0x0800ed60     0x4  startup_stm32f767xx.o [1]
  .text               ro code  0x0800ed64     0x4  startup_stm32f767xx.o [1]
  .text               ro code  0x0800ed68     0x4  startup_stm32f767xx.o [1]
  .text               ro code  0x0800ed6c     0x4  startup_stm32f767xx.o [1]
  .text               ro code  0x0800ed70     0x4  startup_stm32f767xx.o [1]
  .text               ro code  0x0800ed74     0x4  startup_stm32f767xx.o [1]
  .text               ro code  0x0800ed78     0x4  startup_stm32f767xx.o [1]
  .text               ro code  0x0800ed7c     0x4  startup_stm32f767xx.o [1]
  .text               ro code  0x0800ed80     0x4  startup_stm32f767xx.o [1]
  .text               ro code  0x0800ed84     0x4  startup_stm32f767xx.o [1]
  .text               ro code  0x0800ed88     0x4  startup_stm32f767xx.o [1]
  .text               ro code  0x0800ed8c     0x4  startup_stm32f767xx.o [1]
  .text               ro code  0x0800ed90     0x4  startup_stm32f767xx.o [1]
  .text               ro code  0x0800ed94     0x4  startup_stm32f767xx.o [1]
  .text               ro code  0x0800ed98     0x4  startup_stm32f767xx.o [1]
  .text               ro code  0x0800ed9c     0x4  startup_stm32f767xx.o [1]
  .text               ro code  0x0800eda0     0x4  startup_stm32f767xx.o [1]
  .text               ro code  0x0800eda4     0x4  startup_stm32f767xx.o [1]
  .text               ro code  0x0800eda8     0x4  startup_stm32f767xx.o [1]
  .text               ro code  0x0800edac     0x4  startup_stm32f767xx.o [1]
  .text               ro code  0x0800edb0     0x4  startup_stm32f767xx.o [1]
  .text               ro code  0x0800edb4     0x4  startup_stm32f767xx.o [1]
  .text               ro code  0x0800edb8     0x4  startup_stm32f767xx.o [1]
  .text               ro code  0x0800edbc     0x4  startup_stm32f767xx.o [1]
  .text               ro code  0x0800edc0     0x4  startup_stm32f767xx.o [1]
  .text               ro code  0x0800edc4     0x4  startup_stm32f767xx.o [1]
  .text               ro code  0x0800edc8     0x4  startup_stm32f767xx.o [1]
  .text               ro code  0x0800edcc     0x4  startup_stm32f767xx.o [1]
  .text               ro code  0x0800edd0     0x4  startup_stm32f767xx.o [1]
  .text               ro code  0x0800edd4     0x4  startup_stm32f767xx.o [1]
  .text               ro code  0x0800edd8     0x4  startup_stm32f767xx.o [1]
  .text               ro code  0x0800eddc     0x4  startup_stm32f767xx.o [1]
  .text               ro code  0x0800ede0     0x4  startup_stm32f767xx.o [1]
  .text               ro code  0x0800ede4     0x4  startup_stm32f767xx.o [1]
  .text               ro code  0x0800ede8     0x4  startup_stm32f767xx.o [1]
  .text               ro code  0x0800edec     0x4  startup_stm32f767xx.o [1]
  .text               ro code  0x0800edf0     0x4  startup_stm32f767xx.o [1]
  .text               ro code  0x0800edf4     0x4  startup_stm32f767xx.o [1]
  .text               ro code  0x0800edf8     0x4  startup_stm32f767xx.o [1]
  .text               ro code  0x0800edfc     0x4  startup_stm32f767xx.o [1]
  .text               ro code  0x0800ee00     0x4  startup_stm32f767xx.o [1]
  .text               ro code  0x0800ee04     0x4  startup_stm32f767xx.o [1]
  .text               ro code  0x0800ee08     0x4  startup_stm32f767xx.o [1]
  .text               ro code  0x0800ee0c     0x4  startup_stm32f767xx.o [1]
  .text               ro code  0x0800ee10     0x4  startup_stm32f767xx.o [1]
  .text               ro code  0x0800ee14     0x4  startup_stm32f767xx.o [1]
  .text               ro code  0x0800ee18     0x4  startup_stm32f767xx.o [1]
  .text               ro code  0x0800ee1c     0x4  startup_stm32f767xx.o [1]
  .text               ro code  0x0800ee20     0x4  startup_stm32f767xx.o [1]
  .text               ro code  0x0800ee24     0x4  startup_stm32f767xx.o [1]
  .text               ro code  0x0800ee28     0x4  startup_stm32f767xx.o [1]
  .text               ro code  0x0800ee2c     0x4  startup_stm32f767xx.o [1]
  .text               ro code  0x0800ee30     0x4  startup_stm32f767xx.o [1]
  .text               ro code  0x0800ee34     0x4  startup_stm32f767xx.o [1]
  .text               ro code  0x0800ee38     0x4  startup_stm32f767xx.o [1]
  .text               ro code  0x0800ee3c     0x4  startup_stm32f767xx.o [1]
  .text               ro code  0x0800ee40     0x4  startup_stm32f767xx.o [1]
  .text               ro code  0x0800ee44     0x4  startup_stm32f767xx.o [1]
  .text               ro code  0x0800ee48     0x4  startup_stm32f767xx.o [1]
  .text               ro code  0x0800ee4c     0x4  startup_stm32f767xx.o [1]
  .text               ro code  0x0800ee50     0x4  startup_stm32f767xx.o [1]
  .text               ro code  0x0800ee54     0x4  startup_stm32f767xx.o [1]
  .text               ro code  0x0800ee58     0x4  startup_stm32f767xx.o [1]
  .rodata             const    0x0800ee5c     0x0  zero_init3.o [5]
  .rodata             const    0x0800ee5c     0x0  packbits_init_single.o [5]
  Initializer bytes   const    0x0800ee5c    0x4c  <for P2-1>
                             - 0x0800eea8  0xecb0

"P2", part 1 of 3:                          0x170
  P2-1                         0x20000000   0x170  <Init block>
    .data             inited   0x20000000    0x58  piano.o [1]
    .data             inited   0x20000058    0x1c  piano.o [1]
    __DLIB_PERTHREAD  inited   0x20000074    0x88  localeconv.o [3]
    __DLIB_PERTHREAD  inited   0x200000fc    0x74  setlocale.o [3]
                             - 0x20000170   0x170

"P2", part 2 of 3:                         0x1800
  CSTACK                       0x20000170  0x1000  <Block>
    CSTACK            uninit   0x20000170  0x1000  <Block tail>
  HEAP                         0x20001170   0x800  <Block>
    HEAP              uninit   0x20001170   0x800  <Block tail>
                             - 0x20001970  0x1800

"P2", part 3 of 3:                          0x258
  .bss                zero     0x20001970   0x1d8  dlmalloc.o [3]
  .bss                zero     0x20001b48    0x38  piano.o [1]
  .bss                zero     0x20001b80    0x28  piano.o [1]
  .bss                zero     0x20001ba8    0x18  dlmalloc.o [3]
  .bss                zero     0x20001bc0     0x4  xgetmemchunk.o [3]
  .bss                zero     0x20001bc4     0x1  piano.o [1]
                             - 0x20001bc5   0x255


*******************************************************************************
*** INIT TABLE
***

          Address     Size
          -------     ----
Zero (__iar_zero_init3)
    1 destination range, total size 0x255:
          0x20001970  0x255

Copy/packbits (__iar_packbits_init_single3)
    1 source range, total size 0x4c (20% of destination):
          0x0800ee5c   0x4c
    1 destination range, total size 0x170:
          0x20000000  0x170



*******************************************************************************
*** MODULE SUMMARY
***

    Module                  ro code  ro data  rw data
    ------                  -------  -------  -------
C:\IAR Systems\oh-in-pe-\Output\Obj: [1]
    piano.o                  36 764   11 543      213
    startup_stm32f767xx.o       988
    -------------------------------------------------
    Total:                   37 752   11 543      213

command line: [2]
    -------------------------------------------------
    Total:

dl7M_tlf.a: [3]
    abort.o                       6
    div.o                        14
    dlmalloc.o                5 364               496
    exit.o                        4
    localeconv.o                108       29      136
    low_level_init.o              4
    setlocale.o                  20       24      116
    sprintf.o                    52
    xencoding_sb.o               96
    xgetmemchunk.o               44                 4
    xmbcurmax.o                  10
    xmbtowc.o                    32
    xprintffull.o             4 506
    xsprout.o                    10
    xtls.o                        2
    xwctomb.o                    26
    -------------------------------------------------
    Total:                   10 298       53      752

m7M_tlv.a: [4]
    DblCmpGe.o                   46
    DblCmpLe.o                   46
    DblDiv.o                     18
    DblMul.o                     18
    DblSub.o                     18
    DblToS32.o                   14
    DblToU32.o                   14
    S32ToDbl.o                   14
    U32ToDbl.o                   14
    fpinit_M.o                   34
    xdnorm.o                     68
    xdscale.o                   276
    -------------------------------------------------
    Total:                      580

rt7M_tl.a: [5]
    ABImemclr4.o                  6
    ABImemcpy_unaligned.o       118
    ABImemset48.o                50
    I64DivMod.o                 238
    I64DivZer.o                   2
    cexit.o                      10
    cmain.o                      26
    cstartup_M.o                 12
    data_init.o                  40
    memchr.o                     88
    packbits_init_single.o       56
    strchr.o                     22
    strlen.o                     54
    zero_init3.o                 64
    -------------------------------------------------
    Total:                      786

shb_l.a: [6]
    exit.o                       20
    -------------------------------------------------
    Total:                       20

    Gaps                         30        2
    Linker created                        32    6 144
-----------------------------------------------------
    Grand Total:             49 466   11 630    7 109


*******************************************************************************
*** ENTRY LIST
***

Entry                      Address    Size  Type      Object
-----                      -------    ----  ----      ------
.iar.init_table$$Base   0x0800ec1c           --   Gb  - Linker created -
.iar.init_table$$Limit  0x0800ec3c           --   Gb  - Linker created -
?main                   0x0800ec3d          Code  Gb  cmain.o [5]
Black_Key_Init          0x08008e1b    0x3c  Code  Gb  piano.o [1]
Block                   0x08008697    0x82  Code  Gb  piano.o [1]
CSTACK$$Base            0x20000170           --   Gb  - Linker created -
CSTACK$$Limit           0x20001170           --   Gb  - Linker created -
Delay_ms                0x08000553    0x18  Code  Gb  piano.o [1]
Delay_us                0x08000399   0x1ba  Code  Gb  piano.o [1]
Draw_Equalizer_UI       0x08008b9b    0xe2  Code  Gb  piano.o [1]
Draw_Keys               0x08008d97    0x4a  Code  Gb  piano.o [1]
Draw_MainScreen         0x08008ae5    0xb6  Code  Gb  piano.o [1]
Draw_Piano_UI           0x08008d77    0x20  Code  Gb  piano.o [1]
E_font                  0x08007d90   0x800  Data  Gb  piano.o [1]
Get_Key_Input           0x08008a57    0x12  Code  Gb  piano.o [1]
Get_Touch_Input         0x08008a69    0x7a  Code  Gb  piano.o [1]
HEAP$$Base              0x20001170           --   Gb  - Linker created -
HEAP$$Limit             0x20001970           --   Gb  - Linker created -
Initialize_MCU          0x080001fd   0x192  Code  Gb  piano.o [1]
Initialize_TFT_LCD      0x080005a7   0x276  Code  Gb  piano.o [1]
Initialize_touch_screen
                        0x08008739    0x56  Code  Gb  piano.o [1]
KG_font                 0x08002334  0x2d00  Data  Gb  piano.o [1]
KM_font                 0x0800be58  0x2d00  Data  Gb  piano.o [1]
KP_font                 0x08005090  0x2d00  Data  Gb  piano.o [1]
KS_Table                0x08000cbc  0x125c  Data  Gb  piano.o [1]
KS_code_conversion      0x08000c5b    0x38  Code  Gb  piano.o [1]
Key_Touch_Handler       0x08008e8f    0xbc  Code  Gb  piano.o [1]
Key_input               0x0800056b    0x1c  Code  Gb  piano.o [1]
Kfont_type              0x2000000a     0x1  Data  Gb  piano.o [1]
Line                    0x08008591    0xaa  Code  Gb  piano.o [1]
LoadInt                 0x080098fb    0x6e  Code  Lc  xprintffull.o [3]
MainScreen              0x08008a2d     0xe  Code  Gb  piano.o [1]
Menu_Equalizer          0x08008a3b     0xe  Code  Gb  piano.o [1]
Menu_Piano              0x08008a49     0xe  Code  Gb  piano.o [1]
Piano_Input_Handler     0x08008f67    0x60  Code  Gb  piano.o [1]
Play_Note               0x08008e57     0xa  Code  Gb  piano.o [1]
Process_Equalizer_Key1  0x08008fd7    0x14  Code  Gb  piano.o [1]
Process_Equalizer_Key2  0x08008feb    0x3e  Code  Gb  piano.o [1]
Process_Equalizer_Key3  0x08009029    0x3e  Code  Gb  piano.o [1]
Read_ADS7846            0x0800878f    0x32  Code  Gb  piano.o [1]
Rectangle               0x08008651    0x46  Code  Gb  piano.o [1]
Region$$Table$$Base     0x0800ec1c           --   Gb  - Linker created -
Region$$Table$$Limit    0x0800ec3c           --   Gb  - Linker created -
Reset_Key_State         0x08008e61    0x2e  Code  Gb  piano.o [1]
ScreenMode              0x20000000     0x1  Data  Gb  piano.o [1]
SystemInit              0x080001f9     0x4  Code  Gb  piano.o [1]
System_Init             0x080089b3    0x26  Code  Gb  piano.o [1]
TFT_English             0x08000a2d   0x222  Code  Gb  piano.o [1]
TFT_GRAM_address        0x080008c9    0x56  Code  Gb  piano.o [1]
TFT_Korean              0x08001f19   0x370  Code  Gb  piano.o [1]
TFT_color_screen        0x080008a7    0x22  Code  Gb  piano.o [1]
TFT_command             0x08000835    0x2e  Code  Gb  piano.o [1]
TFT_data                0x08000865    0x2c  Code  Gb  piano.o [1]
TFT_pixel               0x08000925    0x68  Code  Gb  piano.o [1]
TFT_string              0x080009bd    0x36  Code  Gb  piano.o [1]
TFT_write               0x08000897    0x10  Code  Gb  piano.o [1]
TIM1_Init               0x080089d9    0x54  Code  Gb  piano.o [1]
Touch_screen_input      0x080087d1   0x102  Code  Gb  piano.o [1]
Update_Equalizer_UI     0x08008c7d    0xd2  Code  Gb  piano.o [1]
White_Key_Init          0x08008df7    0x24  Code  Gb  piano.o [1]
Xcharacter              0x20000003     0x1  Data  Gb  piano.o [1]
XcharacterLimit         0x20000001     0x1  Data  Gb  piano.o [1]
Xcursor                 0x20000005     0x1  Data  Gb  piano.o [1]
Ycharacter              0x20000004     0x1  Data  Gb  piano.o [1]
YcharacterLimit         0x20000002     0x1  Data  Gb  piano.o [1]
Ycursor                 0x20000006     0x1  Data  Gb  piano.o [1]
_EncodingSb_Mbtowc      0x0800bdc7    0x30  Code  Gb  xencoding_sb.o [3]
_EncodingSb_Mbtowc::initial
                        0x0800be04     0x8  Data  Lc  xencoding_sb.o [3]
_EncodingSb_Wctomb      0x0800bdad    0x1a  Code  Gb  xencoding_sb.o [3]
_EncodingSb_Wctomb::initial
                        0x0800bdfc     0x8  Data  Lc  xencoding_sb.o [3]
_GenldFull              0x0800a181   0x254  Code  Lc  xprintffull.o [3]
_IsdstStr               0x20000100     0x4  Data  Gb  setlocale.o [3]
_LdtobFull              0x08009d81   0x3fa  Code  Lc  xprintffull.o [3]
_LitobFull              0x08009c75   0x10a  Code  Lc  xprintffull.o [3]
_LocaleEncoding         0x0800bd99     0xe  Code  Gb  setlocale.o [3]
_LocaleReturnString     0x20000120    0x50  Data  Lc  setlocale.o [3]
_Locale_Profile         0x20000104    0x1c  Data  Gb  setlocale.o [3]
_Locale_aeabi_lconv     0x200000c4    0x38  Data  Gb  localeconv.o [3]
_Locale_lconv           0x20000074    0x50  Data  Gb  localeconv.o [3]
_Mbtowc                 0x0800a41f    0x20  Code  Gb  xmbtowc.o [3]
_PrintfFull             0x08009285   0x660  Code  Gb  xprintffull.o [3]
_PutcharsFull           0x0800a3d5    0x2e  Code  Lc  xprintffull.o [3]
_PutstrFull             0x08009969   0x306  Code  Lc  xprintffull.o [3]
_SProut                 0x0800919b     0xa  Code  Gb  xsprout.o [3]
_TzoneStr               0x200000fc     0x4  Data  Gb  setlocale.o [3]
_Wctomb                 0x0800b9e9    0x1a  Code  Gb  xwctomb.o [3]
__aeabi_cdcmple         0x0800bb39          Code  Gb  DblCmpLe.o [4]
__aeabi_cdrcmple        0x0800bb69          Code  Gb  DblCmpGe.o [4]
__aeabi_d2iz            0x0800bcad     0xe  Code  Gb  DblToS32.o [4]
__aeabi_d2uiz           0x0800bcff     0xe  Code  Gb  DblToU32.o [4]
__aeabi_ddiv            0x0800bced    0x12  Code  Gb  DblDiv.o [4]
__aeabi_dmul            0x0800bcdb    0x12  Code  Gb  DblMul.o [4]
__aeabi_dsub            0x0800bcc9    0x12  Code  Gb  DblSub.o [4]
__aeabi_i2d             0x0800bcbb     0xe  Code  Gb  S32ToDbl.o [4]
__aeabi_ldiv0           0x0800be41          Code  Gb  I64DivZer.o [5]
__aeabi_memclr4         0x08009195          Code  Gb  ABImemclr4.o [5]
__aeabi_ui2d            0x0800bd0d     0xe  Code  Gb  U32ToDbl.o [4]
__aeabi_uldivmod        0x0800ba05          Code  Gb  I64DivMod.o [5]
__cmain                 0x0800ec3d          Code  Gb  cmain.o [5]
__data_GetMemChunk      0x0800be15    0x2c  Code  Gb  xgetmemchunk.o [3]
__data_GetMemChunk::start
                        0x20001bc0     0x4  Data  Lc  xgetmemchunk.o [3]
__exit                  0x0800be45    0x14  Code  Gb  exit.o [6]
__iar_Dnorm             0x0800baf3    0x44  Code  Gb  xdnorm.o [4]
__iar_Dscale            0x0800bb99   0x114  Code  Gb  xdscale.o [4]
__iar_Locale_lconv_init
                        0x0800bd1d    0x3a  Code  Gb  localeconv.o [3]
__iar_Mbcurmax          0x0800a4e9     0xa  Code  Gb  xmbcurmax.o [3]
__iar_Memchr            0x0800a491          Code  Gb  memchr.o [5]
__iar_Memset4_word      0x08009251          Code  Gb  ABImemset48.o [5]
__iar_Memset8_word      0x08009251          Code  Gb  ABImemset48.o [5]
__iar_Strchr            0x0800a441          Code  Gb  strchr.o [5]
__iar_data_init3        0x0800ebd1    0x28  Code  Gb  data_init.o [5]
__iar_dlfree            0x0800b4c7   0x51a  Code  Gb  dlmalloc.o [3]
__iar_dlib_perthread_access
                        0x0800be43     0x2  Code  Gb  xtls.o [3]
__iar_dlmalloc          0x0800b211   0x2aa  Code  Gb  dlmalloc.o [3]
__iar_init_vfp          0x0800ebf9          Code  Gb  fpinit_M.o [4]
__iar_packbits_init_single3
                        0x0800eb99    0x38  Code  Gb  packbits_init_single.o [5]
__iar_program_start     0x0800ec7d          Code  Gb  cstartup_M.o [5]
__iar_unaligned___aeabi_memcpy
                        0x080091a5          Code  Gb  ABImemcpy_unaligned.o [5]
__iar_unaligned___aeabi_memcpy4
                        0x080091c5          Code  Gb  ABImemcpy_unaligned.o [5]
__iar_unaligned___aeabi_memcpy8
                        0x080091c5          Code  Gb  ABImemcpy_unaligned.o [5]
__iar_zero_init3        0x0800eb59    0x40  Code  Gb  zero_init3.o [5]
__low_level_init        0x0800ec57     0x4  Code  Gb  low_level_init.o [3]
__vector_table          0x08000000          Data  Gb  startup_stm32f767xx.o [1]
_call_main              0x0800ec49          Code  Gb  cmain.o [5]
_exit                   0x0800ec61          Code  Gb  cexit.o [5]
_gm_                    0x20001970   0x1d8  Data  Lc  dlmalloc.o [3]
_main                   0x0800ec53          Code  Gb  cmain.o [5]
abort                   0x0800be0d     0x6  Code  Gb  abort.o [3]
background              0x20000024     0x2  Data  Gb  piano.o [1]
black_keys              0x20001b80    0x28  Data  Gb  piano.o [1]
bul_cho1                0x080022ec    0x18  Data  Gb  piano.o [1]
bul_cho2                0x0800231c    0x18  Data  Gb  piano.o [1]
bul_jong                0x08002304    0x18  Data  Gb  piano.o [1]
cursor                  0x2000001c     0x2  Data  Gb  piano.o [1]
cursor_flag             0x20000007     0x1  Data  Gb  piano.o [1]
div                     0x0800bd89     0xe  Code  Gb  div.o [3]
exit                    0x0800ec5b     0x4  Code  Gb  exit.o [3]
foreground              0x20000022     0x2  Data  Gb  piano.o [1]
graph_piano_mode        0x20000034     0x4  Data  Gb  piano.o [1]
init_mparams            0x0800a511    0x32  Code  Lc  dlmalloc.o [3]
init_top                0x0800a543    0x34  Code  Lc  dlmalloc.o [3]
is_black_key_touching   0x20000014     0x8  Data  Gb  piano.o [1]
is_white_key_touching   0x2000000c     0x8  Data  Gb  piano.o [1]
key_flag                0x20001bc4     0x1  Data  Gb  piano.o [1]
localeconv              0x0800bd57    0x16  Code  Gb  localeconv.o [3]
main                    0x08008925    0x8e  Code  Gb  piano.o [1]
memchr                  0x0800a491          Code  Gb  memchr.o [5]
menu_selected           0x20000030     0x4  Data  Gb  piano.o [1]
mparams                 0x20001ba8    0x18  Data  Lc  dlmalloc.o [3]
notes                   0x20000038    0x20  Data  Gb  piano.o [1]
outline                 0x20000020     0x2  Data  Gb  piano.o [1]
outline_flag            0x20000009     0x1  Data  Gb  piano.o [1]
prepend_alloc           0x0800a577   0x372  Code  Lc  dlmalloc.o [3]
segment_holding         0x0800a4f5    0x1c  Code  Lc  dlmalloc.o [3]
selected_slider         0x20000058     0x1  Data  Gb  piano.o [1]
sliders                 0x2000005c    0x18  Data  Gb  piano.o [1]
sprintf                 0x0800921d    0x34  Code  Gb  sprintf.o [3]
strchr                  0x0800a441          Code  Gb  strchr.o [5]
strlen                  0x0800a459          Code  Gb  strlen.o [5]
sys_alloc               0x0800a8e9   0x388  Code  Lc  dlmalloc.o [3]
table_cho               0x08002294    0x18  Data  Gb  piano.o [1]
table_jong              0x080022cc    0x20  Data  Gb  piano.o [1]
table_joong             0x080022ac    0x20  Data  Gb  piano.o [1]
tmalloc_large           0x0800ac7d   0x380  Code  Lc  dlmalloc.o [3]
tmalloc_small           0x0800affd   0x206  Code  Lc  dlmalloc.o [3]
underscore              0x2000001e     0x2  Data  Gb  piano.o [1]
underscore_flag         0x20000008     0x1  Data  Gb  piano.o [1]
white_keys              0x20001b48    0x38  Data  Gb  piano.o [1]
x_12bit                 0x20000026     0x2  Data  Gb  piano.o [1]
x_touch                 0x2000002a     0x2  Data  Gb  piano.o [1]
y_12bit                 0x20000028     0x2  Data  Gb  piano.o [1]
y_touch                 0x2000002c     0x2  Data  Gb  piano.o [1]


[1] = C:\IAR Systems\oh-in-pe-\Output\Obj
[2] = command line
[3] = dl7M_tlf.a
[4] = m7M_tlv.a
[5] = rt7M_tl.a
[6] = shb_l.a

  49 466 bytes of readonly  code memory
  11 630 bytes of readonly  data memory
   7 109 bytes of readwrite data memory

Errors: none
Warnings: none
