###############################################################################
#
# IAR ELF Linker V7.80.4.12462/W32 for ARM                25/Nov/2024  02:33:57
# Copyright 2007-2017 IAR Systems AB.
#
#    Output file  =  C:\IAR Systems\oh-in-pe-\Output\Exe\OK-STM767.out
#    Map file     =  C:\IAR Systems\oh-in-pe-\Output\List\OK-STM767.map
#    Command line =  
#        "C:\IAR Systems\oh-in-pe-\Output\Obj\main.o" "C:\IAR
#        Systems\oh-in-pe-\Output\Obj\startup_stm32f767xx.o" --redirect
#        _Printf=_PrintfFull --redirect _Scanf=_ScanfFull -o "C:\IAR
#        Systems\oh-in-pe-\Output\Exe\OK-STM767.out" --map "C:\IAR
#        Systems\oh-in-pe-\Output\List\OK-STM767.map" --config "C:\IAR
#        Systems\oh-in-pe-\Linker\stm32f767xx_flash.icf" --semihosting --entry
#        __iar_program_start "C:\Program Files (x86)\IAR Systems\Embedded
#        Workbench 7.5_2\arm\CMSIS\Lib\IAR\iar_cortexM7lf_math.a" --vfe
#
###############################################################################

*******************************************************************************
*** RUNTIME MODEL ATTRIBUTES
***

CppFlavor       = *
__SystemLibrary = DLib


*******************************************************************************
*** PLACEMENT SUMMARY
***

"A0":  place at 0x08000000 { ro section .intvec };
"P1":  place in [from 0x08000000 to 0x081fffff] { ro };
"P2":  place in [from 0x20000000 to 0x2007ffff] { rw, block CSTACK, block HEAP };
initialize by copy { rw };

  Section             Kind        Address    Size  Object
  -------             ----        -------    ----  ------
"A0":                                       0x1f8
  .intvec             ro code  0x08000000   0x1f8  startup_stm32f767xx.o [1]
                             - 0x080001f8   0x1f8

"P1":                                      0xec50
  .text               ro code  0x080001f8  0xa7fc  main.o [1]
  .text               ro code  0x0800a9f4     0x6  ABImemclr4.o [5]
  .text               ro code  0x0800a9fa     0xa  xsprout.o [3]
  .text               ro code  0x0800aa04    0x76  ABImemcpy_unaligned.o [5]
  .text               ro code  0x0800aa7c   0x164  xflog.o [4]
  .text               ro code  0x0800abe0     0x8  abs.o [3]
  .text               ro code  0x0800abe8    0x34  sprintf.o [3]
  .text               ro code  0x0800ac1c    0x32  ABImemset48.o [5]
  .text               ro code  0x0800ac4e    0x28  xfdnorm.o [4]
  .text               ro code  0x0800ac78     0xc  errno.o [3]
  .text               ro code  0x0800ac84   0xdd2  xprintffull.o [3]
  .text               ro code  0x0800ba56     0x2  xtls.o [3]
  .text               ro code  0x0800ba58    0x16  strchr.o [5]
  .text               ro code  0x0800ba70    0x36  strlen.o [5]
  .text               ro code  0x0800baa8    0x58  memchr.o [5]
  .text               ro code  0x0800bb00    0xee  I64DivMod.o [5]
  .text               ro code  0x0800bbee    0x44  xdnorm.o [4]
  .text               ro code  0x0800bc34    0x2e  DblCmpLe.o [4]
  .text               ro code  0x0800bc64    0x2e  DblCmpGe.o [4]
  .text               ro code  0x0800bc94   0x114  xdscale.o [4]
  .text               ro code  0x0800bda8     0xe  DblToS32.o [4]
  .text               ro code  0x0800bdb6     0xe  S32ToDbl.o [4]
  .text               ro code  0x0800bdc4    0x12  DblSub.o [4]
  .text               ro code  0x0800bdd6    0x12  DblMul.o [4]
  .text               ro code  0x0800bde8    0x12  DblDiv.o [4]
  .text               ro code  0x0800bdfa     0xe  DblToU32.o [4]
  .text               ro code  0x0800be08     0xe  U32ToDbl.o [4]
  .text               ro code  0x0800be16     0xe  div.o [3]
  .text               ro code  0x0800be24     0x2  I64DivZer.o [5]
  .rodata             const    0x0800be28  0x2d00  main.o [1]
  .text               ro code  0x0800eb28    0x40  zero_init3.o [5]
  .text               ro code  0x0800eb68    0x38  packbits_init_single.o [5]
  .text               ro code  0x0800eba0    0x28  data_init.o [5]
  .text               ro code  0x0800ebc8    0x22  fpinit_M.o [4]
  .iar.init_table     const    0x0800ebec    0x20  - Linker created -
  .text               ro code  0x0800ec0c    0x1a  cmain.o [5]
  .text               ro code  0x0800ec26     0x4  low_level_init.o [3]
  .text               ro code  0x0800ec2a     0x4  exit.o [3]
  .text               ro code  0x0800ec30     0xa  cexit.o [5]
  .text               ro code  0x0800ec3c    0x14  exit.o [6]
  .text               ro code  0x0800ec50    0x10  startup_stm32f767xx.o [1]
  .text               ro code  0x0800ec60     0xc  cstartup_M.o [5]
  .text               ro code  0x0800ec6c     0x4  startup_stm32f767xx.o [1]
  .text               ro code  0x0800ec70     0x4  startup_stm32f767xx.o [1]
  .text               ro code  0x0800ec74     0x4  startup_stm32f767xx.o [1]
  .text               ro code  0x0800ec78     0x4  startup_stm32f767xx.o [1]
  .text               ro code  0x0800ec7c     0x4  startup_stm32f767xx.o [1]
  .text               ro code  0x0800ec80     0x4  startup_stm32f767xx.o [1]
  .text               ro code  0x0800ec84     0x4  startup_stm32f767xx.o [1]
  .text               ro code  0x0800ec88     0x4  startup_stm32f767xx.o [1]
  .text               ro code  0x0800ec8c     0x4  startup_stm32f767xx.o [1]
  .text               ro code  0x0800ec90     0x4  startup_stm32f767xx.o [1]
  .text               ro code  0x0800ec94     0x4  startup_stm32f767xx.o [1]
  .text               ro code  0x0800ec98     0x4  startup_stm32f767xx.o [1]
  .text               ro code  0x0800ec9c     0x4  startup_stm32f767xx.o [1]
  .text               ro code  0x0800eca0     0x4  startup_stm32f767xx.o [1]
  .text               ro code  0x0800eca4     0x4  startup_stm32f767xx.o [1]
  .text               ro code  0x0800eca8     0x4  startup_stm32f767xx.o [1]
  .text               ro code  0x0800ecac     0x4  startup_stm32f767xx.o [1]
  .text               ro code  0x0800ecb0     0x4  startup_stm32f767xx.o [1]
  .text               ro code  0x0800ecb4     0x4  startup_stm32f767xx.o [1]
  .text               ro code  0x0800ecb8     0x4  startup_stm32f767xx.o [1]
  .text               ro code  0x0800ecbc     0x4  startup_stm32f767xx.o [1]
  .text               ro code  0x0800ecc0     0x4  startup_stm32f767xx.o [1]
  .text               ro code  0x0800ecc4     0x4  startup_stm32f767xx.o [1]
  .text               ro code  0x0800ecc8     0x4  startup_stm32f767xx.o [1]
  .text               ro code  0x0800eccc     0x4  startup_stm32f767xx.o [1]
  .text               ro code  0x0800ecd0     0x4  startup_stm32f767xx.o [1]
  .text               ro code  0x0800ecd4     0x4  startup_stm32f767xx.o [1]
  .text               ro code  0x0800ecd8     0x4  startup_stm32f767xx.o [1]
  .text               ro code  0x0800ecdc     0x4  startup_stm32f767xx.o [1]
  .text               ro code  0x0800ece0     0x4  startup_stm32f767xx.o [1]
  .text               ro code  0x0800ece4     0x4  startup_stm32f767xx.o [1]
  .text               ro code  0x0800ece8     0x4  startup_stm32f767xx.o [1]
  .text               ro code  0x0800ecec     0x4  startup_stm32f767xx.o [1]
  .text               ro code  0x0800ecf0     0x4  startup_stm32f767xx.o [1]
  .text               ro code  0x0800ecf4     0x4  startup_stm32f767xx.o [1]
  .text               ro code  0x0800ecf8     0x4  startup_stm32f767xx.o [1]
  .text               ro code  0x0800ecfc     0x4  startup_stm32f767xx.o [1]
  .text               ro code  0x0800ed00     0x4  startup_stm32f767xx.o [1]
  .text               ro code  0x0800ed04     0x4  startup_stm32f767xx.o [1]
  .text               ro code  0x0800ed08     0x4  startup_stm32f767xx.o [1]
  .text               ro code  0x0800ed0c     0x4  startup_stm32f767xx.o [1]
  .text               ro code  0x0800ed10     0x4  startup_stm32f767xx.o [1]
  .text               ro code  0x0800ed14     0x4  startup_stm32f767xx.o [1]
  .text               ro code  0x0800ed18     0x4  startup_stm32f767xx.o [1]
  .text               ro code  0x0800ed1c     0x4  startup_stm32f767xx.o [1]
  .text               ro code  0x0800ed20     0x4  startup_stm32f767xx.o [1]
  .text               ro code  0x0800ed24     0x4  startup_stm32f767xx.o [1]
  .text               ro code  0x0800ed28     0x4  startup_stm32f767xx.o [1]
  .text               ro code  0x0800ed2c     0x4  startup_stm32f767xx.o [1]
  .text               ro code  0x0800ed30     0x4  startup_stm32f767xx.o [1]
  .text               ro code  0x0800ed34     0x4  startup_stm32f767xx.o [1]
  .text               ro code  0x0800ed38     0x4  startup_stm32f767xx.o [1]
  .text               ro code  0x0800ed3c     0x4  startup_stm32f767xx.o [1]
  .text               ro code  0x0800ed40     0x4  startup_stm32f767xx.o [1]
  .text               ro code  0x0800ed44     0x4  startup_stm32f767xx.o [1]
  .text               ro code  0x0800ed48     0x4  startup_stm32f767xx.o [1]
  .text               ro code  0x0800ed4c     0x4  startup_stm32f767xx.o [1]
  .text               ro code  0x0800ed50     0x4  startup_stm32f767xx.o [1]
  .text               ro code  0x0800ed54     0x4  startup_stm32f767xx.o [1]
  .text               ro code  0x0800ed58     0x4  startup_stm32f767xx.o [1]
  .text               ro code  0x0800ed5c     0x4  startup_stm32f767xx.o [1]
  .text               ro code  0x0800ed60     0x4  startup_stm32f767xx.o [1]
  .text               ro code  0x0800ed64     0x4  startup_stm32f767xx.o [1]
  .text               ro code  0x0800ed68     0x4  startup_stm32f767xx.o [1]
  .text               ro code  0x0800ed6c     0x4  startup_stm32f767xx.o [1]
  .text               ro code  0x0800ed70     0x4  startup_stm32f767xx.o [1]
  .text               ro code  0x0800ed74     0x4  startup_stm32f767xx.o [1]
  .text               ro code  0x0800ed78     0x4  startup_stm32f767xx.o [1]
  .text               ro code  0x0800ed7c     0x4  startup_stm32f767xx.o [1]
  .text               ro code  0x0800ed80     0x4  startup_stm32f767xx.o [1]
  .text               ro code  0x0800ed84     0x4  startup_stm32f767xx.o [1]
  .text               ro code  0x0800ed88     0x4  startup_stm32f767xx.o [1]
  .text               ro code  0x0800ed8c     0x4  startup_stm32f767xx.o [1]
  .text               ro code  0x0800ed90     0x4  startup_stm32f767xx.o [1]
  .text               ro code  0x0800ed94     0x4  startup_stm32f767xx.o [1]
  .text               ro code  0x0800ed98     0x4  startup_stm32f767xx.o [1]
  .text               ro code  0x0800ed9c     0x4  startup_stm32f767xx.o [1]
  .text               ro code  0x0800eda0     0x4  startup_stm32f767xx.o [1]
  .text               ro code  0x0800eda4     0x4  startup_stm32f767xx.o [1]
  .text               ro code  0x0800eda8     0x4  startup_stm32f767xx.o [1]
  .text               ro code  0x0800edac     0x4  startup_stm32f767xx.o [1]
  .text               ro code  0x0800edb0     0x4  startup_stm32f767xx.o [1]
  .text               ro code  0x0800edb4     0x4  startup_stm32f767xx.o [1]
  .text               ro code  0x0800edb8     0x4  startup_stm32f767xx.o [1]
  .text               ro code  0x0800edbc     0x4  startup_stm32f767xx.o [1]
  .text               ro code  0x0800edc0     0x4  startup_stm32f767xx.o [1]
  .text               ro code  0x0800edc4     0x4  startup_stm32f767xx.o [1]
  .text               ro code  0x0800edc8     0x4  startup_stm32f767xx.o [1]
  .text               ro code  0x0800edcc     0x4  startup_stm32f767xx.o [1]
  .text               ro code  0x0800edd0     0x4  startup_stm32f767xx.o [1]
  .text               ro code  0x0800edd4     0x4  startup_stm32f767xx.o [1]
  .text               ro code  0x0800edd8     0x4  startup_stm32f767xx.o [1]
  .text               ro code  0x0800eddc     0x4  startup_stm32f767xx.o [1]
  .text               ro code  0x0800ede0     0x4  startup_stm32f767xx.o [1]
  .text               ro code  0x0800ede4     0x4  startup_stm32f767xx.o [1]
  .text               ro code  0x0800ede8     0x4  startup_stm32f767xx.o [1]
  .text               ro code  0x0800edec     0x4  startup_stm32f767xx.o [1]
  .text               ro code  0x0800edf0     0x4  startup_stm32f767xx.o [1]
  .text               ro code  0x0800edf4     0x4  startup_stm32f767xx.o [1]
  .text               ro code  0x0800edf8     0x4  startup_stm32f767xx.o [1]
  .text               ro code  0x0800edfc     0x4  startup_stm32f767xx.o [1]
  .text               ro code  0x0800ee00     0x4  startup_stm32f767xx.o [1]
  .text               ro code  0x0800ee04     0x4  startup_stm32f767xx.o [1]
  .text               ro code  0x0800ee08     0x4  startup_stm32f767xx.o [1]
  .text               ro code  0x0800ee0c     0x4  startup_stm32f767xx.o [1]
  .text               ro code  0x0800ee10     0x4  startup_stm32f767xx.o [1]
  .text               ro code  0x0800ee14     0x4  startup_stm32f767xx.o [1]
  .text               ro code  0x0800ee18     0x4  startup_stm32f767xx.o [1]
  .text               ro code  0x0800ee1c     0x4  startup_stm32f767xx.o [1]
  .text               ro code  0x0800ee20     0x4  startup_stm32f767xx.o [1]
  .text               ro code  0x0800ee24     0x4  startup_stm32f767xx.o [1]
  .text               ro code  0x0800ee28     0x4  startup_stm32f767xx.o [1]
  .text               ro code  0x0800ee2c     0x4  startup_stm32f767xx.o [1]
  .text               ro code  0x0800ee30     0x4  startup_stm32f767xx.o [1]
  .text               ro code  0x0800ee34     0x4  startup_stm32f767xx.o [1]
  .text               ro code  0x0800ee38     0x4  startup_stm32f767xx.o [1]
  .rodata             const    0x0800ee3c     0x0  zero_init3.o [5]
  .rodata             const    0x0800ee3c     0x0  packbits_init_single.o [5]
  Initializer bytes   const    0x0800ee3c     0xc  <for P2-1>
                             - 0x0800ee48  0xec50

"P2", part 1 of 3:                           0x22
  P2-1                         0x20000000    0x22  <Init block>
    __DLIB_PERTHREAD  inited   0x20000000     0x4  errno.o [3]
    .data             inited   0x20000004    0x1e  main.o [1]
                             - 0x20000022    0x22

"P2", part 2 of 3:                         0x1000
  CSTACK                       0x20000028  0x1000  <Block>
    CSTACK            uninit   0x20000028  0x1000  <Block tail>
                             - 0x20001028  0x1000

"P2", part 3 of 3:                         0x1de4
  .bss                zero     0x20001028   0x400  main.o [1]
  .bss                zero     0x20001428   0x3e8  main.o [1]
  .bss                zero     0x20001810   0x3e8  main.o [1]
  .bss                zero     0x20001bf8   0x3e8  main.o [1]
  .bss                zero     0x20001fe0   0x3e8  main.o [1]
  .bss                zero     0x200023c8   0x3e8  main.o [1]
  .bss                zero     0x200027b0   0x200  main.o [1]
  .bss                zero     0x200029b0   0x200  main.o [1]
  .bss                zero     0x20002bb0   0x104  main.o [1]
  .bss                zero     0x20002cb4    0xfc  main.o [1]
  .bss                zero     0x20002db0    0x38  main.o [1]
  .bss                zero     0x20002de8    0x20  main.o [1]
  .bss                zero     0x20002e08     0x1  main.o [1]
  .bss                zero     0x20002e09     0x1  main.o [1]
                             - 0x20002e0a  0x1de2


*******************************************************************************
*** INIT TABLE
***

          Address     Size
          -------     ----
Zero (__iar_zero_init3)
    1 destination range, total size 0x1de2:
          0x20001028  0x1de2

Copy/packbits (__iar_packbits_init_single3)
    1 source range, total size 0xc (35% of destination):
          0x0800ee3c     0xc
    1 destination range, total size 0x22:
          0x20000000    0x22



*******************************************************************************
*** MODULE SUMMARY
***

    Module                  ro code  ro data  rw data
    ------                  -------  -------  -------
C:\IAR Systems\oh-in-pe-\Output\Obj: [1]
    main.o                   43 004   11 531    7 680
    startup_stm32f767xx.o       984
    -------------------------------------------------
    Total:                   43 988   11 531    7 680

command line: [2]
    -------------------------------------------------
    Total:

dl7M_tln.a: [3]
    abs.o                         8
    div.o                        14
    errno.o                      12        1        4
    exit.o                        4
    low_level_init.o              4
    sprintf.o                    52
    xprintffull.o             3 538
    xsprout.o                    10
    xtls.o                        2
    -------------------------------------------------
    Total:                    3 644        1        4

m7M_tlv.a: [4]
    DblCmpGe.o                   46
    DblCmpLe.o                   46
    DblDiv.o                     18
    DblMul.o                     18
    DblSub.o                     18
    DblToS32.o                   14
    DblToU32.o                   14
    S32ToDbl.o                   14
    U32ToDbl.o                   14
    fpinit_M.o                   34
    xdnorm.o                     68
    xdscale.o                   276
    xfdnorm.o                    40
    xflog.o                     356
    -------------------------------------------------
    Total:                      976

rt7M_tl.a: [5]
    ABImemclr4.o                  6
    ABImemcpy_unaligned.o       118
    ABImemset48.o                50
    I64DivMod.o                 238
    I64DivZer.o                   2
    cexit.o                      10
    cmain.o                      26
    cstartup_M.o                 12
    data_init.o                  40
    memchr.o                     88
    packbits_init_single.o       56
    strchr.o                     22
    strlen.o                     54
    zero_init3.o                 64
    -------------------------------------------------
    Total:                      786

shb_l.a: [6]
    exit.o                       20
    -------------------------------------------------
    Total:                       20

    Gaps                         18        4
    Linker created                        32    4 096
-----------------------------------------------------
    Grand Total:             49 432   11 568   11 780


*******************************************************************************
*** ENTRY LIST
***

Entry                      Address    Size  Type      Object
-----                      -------    ----  ----      ------
.iar.init_table$$Base   0x0800ebec           --   Gb  - Linker created -
.iar.init_table$$Limit  0x0800ec0c           --   Gb  - Linker created -
?main                   0x0800ec0d          Code  Gb  cmain.o [5]
Beep                    0x0800056b    0x1a  Code  Gb  main.o [1]
Beep_3times             0x08000585    0x1c  Code  Gb  main.o [1]
CSTACK$$Base            0x20000028           --   Gb  - Linker created -
CSTACK$$Limit           0x20001028           --   Gb  - Linker created -
Check_valid_increment_file
                        0x0800a4b9    0x34  Code  Gb  main.o [1]
DebugSpectrum           0x0800a29d    0x56  Code  Gb  main.o [1]
DebugSpectrum::lastDebugTime
                        0x20002de4     0x4  Data  Lc  main.o [1]
Delay_ms                0x08000553    0x18  Code  Gb  main.o [1]
Delay_us                0x08000399   0x1ba  Code  Gb  main.o [1]
DrawSpectrumBar         0x0800a071    0x62  Code  Gb  main.o [1]
E_font                  0x08007de0   0x800  Data  Gb  main.o [1]
EntryBuffer             0x200029b0   0x200  Data  Gb  main.o [1]
Fat32Enabled            0x20002db0     0x1  Data  Gb  main.o [1]
Filename_arrange        0x08009515    0x72  Code  Gb  main.o [1]
FirstDataSector         0x20002dc8     0x4  Data  Gb  main.o [1]
FirstDirCluster         0x20002dd4     0x4  Data  Gb  main.o [1]
FirstFAT2Sector         0x20002dd0     0x4  Data  Gb  main.o [1]
FirstFATSector          0x20002dcc     0x4  Data  Gb  main.o [1]
Get_long_filename       0x0800931b    0xba  Code  Gb  main.o [1]
Icon_input              0x0800a5f3    0xd2  Code  Gb  main.o [1]
InitSpectrum            0x08009fcb    0x6c  Code  Gb  main.o [1]
Initialize_FAT32        0x08008fc9    0xea  Code  Gb  main.o [1]
Initialize_MCU          0x080001fd   0x192  Code  Gb  main.o [1]
Initialize_SD           0x08008ad5   0x30a  Code  Gb  main.o [1]
Initialize_TFT_LCD      0x080005dd   0x276  Code  Gb  main.o [1]
Initialize_VS1053b      0x080095fd   0x120  Code  Gb  main.o [1]
Initialize_touch_screen
                        0x080087fb    0x56  Code  Gb  main.o [1]
KG_font                 0x08002384  0x2d00  Data  Gb  main.o [1]
KM_font                 0x0800be28  0x2d00  Data  Gb  main.o [1]
KP_font                 0x080050e0  0x2d00  Data  Gb  main.o [1]
KS_Table                0x08000d0c  0x125c  Data  Gb  main.o [1]
KS_code_conversion      0x08000ca7    0x38  Code  Gb  main.o [1]
Key_input               0x080005a1    0x1c  Code  Gb  main.o [1]
Kfont_type              0x2000000e     0x1  Data  Gb  main.o [1]
Line                    0x080086e5    0xaa  Code  Gb  main.o [1]
LoadInt                 0x0800b22b    0x6e  Code  Lc  xprintffull.o [3]
MP3_end_sector          0x20002ddc     0x4  Data  Gb  main.o [1]
MP3_start_backup        0x200023c8   0x3e8  Data  Gb  main.o [1]
MP3_start_sector        0x20001fe0   0x3e8  Data  Gb  main.o [1]
MP3buffer               0x20001028   0x400  Data  Gb  main.o [1]
PlayAndDrawSpectrum     0x0800a1f5    0xa4  Code  Gb  main.o [1]
PlayAndDrawSpectrum::index
                        0x20002dbe     0x2  Data  Lc  main.o [1]
PlayAndDrawSpectrum::lastUpdate
                        0x20002de0     0x4  Data  Lc  main.o [1]
Read_ADS7846            0x08008851    0x32  Code  Gb  main.o [1]
Rectangle               0x080087a5    0x46  Code  Gb  main.o [1]
Region$$Table$$Base     0x0800ebec           --   Gb  - Linker created -
Region$$Table$$Limit    0x0800ec0c           --   Gb  - Linker created -
SD_command              0x08008f29    0x44  Code  Gb  main.o [1]
SD_read_sector          0x08008f6d    0x58  Code  Gb  main.o [1]
SD_type                 0x20002e09     0x1  Data  Gb  main.o [1]
SPI3_high_speed         0x08008a47    0x54  Code  Gb  main.o [1]
SPI3_low_speed          0x08008997    0x54  Code  Gb  main.o [1]
SPI3_medium_speed       0x080089eb    0x52  Code  Gb  main.o [1]
SPI3_write              0x08008a9b    0x18  Code  Gb  main.o [1]
ScreenMode              0x20000004     0x1  Data  Gb  main.o [1]
SectorBuffer            0x200027b0   0x200  Data  Gb  main.o [1]
SectorsPerCluster       0x20002db6     0x2  Data  Gb  main.o [1]
SendMP3Data             0x0800a043    0x2e  Code  Gb  main.o [1]
SetupMainScreen         0x08009e6b   0x14a  Code  Gb  main.o [1]
SysTick_Count           0x20002dd8     0x4  Data  Gb  main.o [1]
SysTick_Handler         0x080098a3     0xc  Code  Gb  main.o [1]
SysTick_Initialize      0x080098b9    0x14  Code  Gb  main.o [1]
SystemInit              0x080001f9     0x4  Code  Gb  main.o [1]
TFT_English             0x08000a79   0x222  Code  Gb  main.o [1]
TFT_GRAM_address        0x08000901    0x56  Code  Gb  main.o [1]
TFT_Korean              0x08001f69   0x370  Code  Gb  main.o [1]
TFT_MP3_bitrate         0x0800a505    0xde  Code  Gb  main.o [1]
TFT_bass                0x0800a46d    0x1e  Code  Gb  main.o [1]
TFT_color               0x08000967     0xa  Code  Gb  main.o [1]
TFT_color_screen        0x080008df    0x22  Code  Gb  main.o [1]
TFT_command             0x0800086d    0x2e  Code  Gb  main.o [1]
TFT_data                0x0800089d    0x2c  Code  Gb  main.o [1]
TFT_filename            0x0800a2fd    0xf8  Code  Gb  main.o [1]
TFT_hexadecimal         0x080086b1    0x24  Code  Gb  main.o [1]
TFT_long_filename       0x08009461    0xa0  Code  Gb  main.o [1]
TFT_pixel               0x08000971    0x68  Code  Gb  main.o [1]
TFT_short_filename      0x080093ff    0x62  Code  Gb  main.o [1]
TFT_signed_decimal      0x08008645    0x4c  Code  Gb  main.o [1]
TFT_string              0x08000a09    0x36  Code  Gb  main.o [1]
TFT_treble              0x0800a495    0x20  Code  Gb  main.o [1]
TFT_unsigned_decimal    0x080085e1    0x3c  Code  Gb  main.o [1]
TFT_volume              0x0800a409    0x5c  Code  Gb  main.o [1]
TFT_write               0x080008cf    0x10  Code  Gb  main.o [1]
TFT_xy                  0x0800095d     0xa  Code  Gb  main.o [1]
Touch_screen_input      0x08008895   0x102  Code  Gb  main.o [1]
Unicode_to_KS           0x0800959d    0x60  Code  Gb  main.o [1]
UpdateSpectrum          0x0800a0dd    0xd2  Code  Gb  main.o [1]
UpdateSpectrum::bands   0x0800a1b4    0x40  Data  Lc  main.o [1]
UpdateSpectrum::filterIndex
                        0x20002bb0     0x1  Data  Lc  main.o [1]
UpdateSpectrum::prevValues
                        0x20002bb4   0x100  Data  Lc  main.o [1]
UpdateSpectrum{1}{2}{3}::prevHeightLocal
                        0x20002bb2     0x2  Data  Lc  main.o [1]
VS1053b_SCI_Read        0x080097f1    0x22  Code  Gb  main.o [1]
VS1053b_SCI_Read_Hexadecimal
                        0x08009813    0x22  Code  Gb  main.o [1]
VS1053b_SCI_Write       0x080097bf    0x2e  Code  Gb  main.o [1]
VS1053b_SetBassTreble   0x0800988f    0x14  Code  Gb  main.o [1]
VS1053b_SetVolume       0x08009871    0x1e  Code  Gb  main.o [1]
VS1053b_software_reset  0x0800984f    0x22  Code  Gb  main.o [1]
Xcharacter              0x20000007     0x1  Data  Gb  main.o [1]
XcharacterLimit         0x20000005     0x1  Data  Gb  main.o [1]
Xcursor                 0x20000009     0x1  Data  Gb  main.o [1]
Ycharacter              0x20000008     0x1  Data  Gb  main.o [1]
YcharacterLimit         0x20000006     0x1  Data  Gb  main.o [1]
Ycursor                 0x2000000a     0x1  Data  Gb  main.o [1]
_GenldFull              0x0800b7a5   0x26a  Code  Lc  xprintffull.o [3]
_LdtobFull              0x0800b3a5   0x3fa  Code  Lc  xprintffull.o [3]
_LitobFull              0x0800b299   0x10a  Code  Lc  xprintffull.o [3]
_PrintfFull             0x0800ac85   0x5a0  Code  Gb  xprintffull.o [3]
_PutcharsFull           0x0800ba0f    0x2e  Code  Lc  xprintffull.o [3]
_SProut                 0x0800a9fb     0xa  Code  Gb  xsprout.o [3]
__aeabi_cdcmple         0x0800bc35          Code  Gb  DblCmpLe.o [4]
__aeabi_cdrcmple        0x0800bc65          Code  Gb  DblCmpGe.o [4]
__aeabi_d2iz            0x0800bda9     0xe  Code  Gb  DblToS32.o [4]
__aeabi_d2uiz           0x0800bdfb     0xe  Code  Gb  DblToU32.o [4]
__aeabi_ddiv            0x0800bde9    0x12  Code  Gb  DblDiv.o [4]
__aeabi_dmul            0x0800bdd7    0x12  Code  Gb  DblMul.o [4]
__aeabi_dsub            0x0800bdc5    0x12  Code  Gb  DblSub.o [4]
__aeabi_errno_addr      0x0800ac79     0x6  Code  Gb  errno.o [3]
__aeabi_i2d             0x0800bdb7     0xe  Code  Gb  S32ToDbl.o [4]
__aeabi_ldiv0           0x0800be25          Code  Gb  I64DivZer.o [5]
__aeabi_memclr4         0x0800a9f5          Code  Gb  ABImemclr4.o [5]
__aeabi_ui2d            0x0800be09     0xe  Code  Gb  U32ToDbl.o [4]
__aeabi_uldivmod        0x0800bb01          Code  Gb  I64DivMod.o [5]
__cmain                 0x0800ec0d          Code  Gb  cmain.o [5]
__exit                  0x0800ec3d    0x14  Code  Gb  exit.o [6]
__iar_Dnorm             0x0800bbef    0x44  Code  Gb  xdnorm.o [4]
__iar_Dscale            0x0800bc95   0x114  Code  Gb  xdscale.o [4]
__iar_Errno             0x20000000     0x4  Data  Gb  errno.o [3]
__iar_FDnorm            0x0800ac4f    0x28  Code  Gb  xfdnorm.o [4]
__iar_FLog              0x0800aa7d   0x128  Code  Gb  xflog.o [4]
__iar_Memchr            0x0800baa9          Code  Gb  memchr.o [5]
__iar_Memset4_word      0x0800ac1d          Code  Gb  ABImemset48.o [5]
__iar_Memset8_word      0x0800ac1d          Code  Gb  ABImemset48.o [5]
__iar_Strchr            0x0800ba59          Code  Gb  strchr.o [5]
__iar_data_init3        0x0800eba1    0x28  Code  Gb  data_init.o [5]
__iar_dlib_perthread_access
                        0x0800ba57     0x2  Code  Gb  xtls.o [3]
__iar_init_vfp          0x0800ebc9          Code  Gb  fpinit_M.o [4]
__iar_packbits_init_single3
                        0x0800eb69    0x38  Code  Gb  packbits_init_single.o [5]
__iar_program_start     0x0800ec61          Code  Gb  cstartup_M.o [5]
__iar_unaligned___aeabi_memcpy
                        0x0800aa05          Code  Gb  ABImemcpy_unaligned.o [5]
__iar_unaligned___aeabi_memcpy4
                        0x0800aa25          Code  Gb  ABImemcpy_unaligned.o [5]
__iar_unaligned___aeabi_memcpy8
                        0x0800aa25          Code  Gb  ABImemcpy_unaligned.o [5]
__iar_zero_init3        0x0800eb29    0x40  Code  Gb  zero_init3.o [5]
__low_level_init        0x0800ec27     0x4  Code  Gb  low_level_init.o [3]
__vector_table          0x08000000          Data  Gb  startup_stm32f767xx.o [1]
_call_main              0x0800ec19          Code  Gb  cmain.o [5]
_exit                   0x0800ec31          Code  Gb  cexit.o [5]
_main                   0x0800ec23          Code  Gb  cmain.o [5]
abs                     0x0800abe1     0x8  Code  Gb  abs.o [3]
background              0x20000018     0x2  Data  Gb  main.o [1]
bass                    0x20002dba     0x2  Data  Gb  main.o [1]
bul_cho1                0x0800233c    0x18  Data  Gb  main.o [1]
bul_cho2                0x0800236c    0x18  Data  Gb  main.o [1]
bul_jong                0x08002354    0x18  Data  Gb  main.o [1]
currentBuffer           0x20002db3     0x1  Data  Gb  main.o [1]
cursor                  0x20000010     0x2  Data  Gb  main.o [1]
cursor_flag             0x2000000b     0x1  Data  Gb  main.o [1]
div                     0x0800be17     0xe  Code  Gb  div.o [3]
exit                    0x0800ec2b     0x4  Code  Gb  exit.o [3]
extension               0x20002dc4     0x4  Data  Gb  main.o [1]
fatClustToSect          0x08009307    0x14  Code  Gb  main.o [1]
fatDir                  0x0800928d    0x3c  Code  Gb  main.o [1]
fatGetDirEntry          0x08009195    0xc8  Code  Gb  main.o [1]
fatNextCluster          0x080092c9    0x3e  Code  Gb  main.o [1]
file_number             0x20002db2     0x1  Data  Gb  main.o [1]
file_size               0x20001bf8   0x3e8  Data  Gb  main.o [1]
file_start_cluster      0x20001428   0x3e8  Data  Gb  main.o [1]
file_start_entry        0x20002cb4    0xfc  Data  Gb  main.o [1]
file_start_sector       0x20001810   0x3e8  Data  Gb  main.o [1]
foreground              0x20000016     0x2  Data  Gb  main.o [1]
icon_flag               0x2000000f     0x1  Data  Gb  main.o [1]
key_flag                0x20002e08     0x1  Data  Gb  main.o [1]
main                    0x080098d5   0x492  Code  Gb  main.o [1]
memchr                  0x0800baa9          Code  Gb  memchr.o [5]
outline                 0x20000014     0x2  Data  Gb  main.o [1]
outline_flag            0x2000000d     0x1  Data  Gb  main.o [1]
play_flag               0x20002db4     0x1  Data  Gb  main.o [1]
prevHeight              0x20002de8    0x20  Data  Lc  main.o [1]
sector_cluster          0x20002dc0     0x4  Data  Gb  main.o [1]
sprintf                 0x0800abe9    0x34  Code  Gb  sprintf.o [3]
strchr                  0x0800ba59          Code  Gb  strchr.o [5]
strlen                  0x0800ba71          Code  Gb  strlen.o [5]
table_cho               0x080022e4    0x18  Data  Gb  main.o [1]
table_jong              0x0800231c    0x20  Data  Gb  main.o [1]
table_joong             0x080022fc    0x20  Data  Gb  main.o [1]
total_file              0x20002db1     0x1  Data  Gb  main.o [1]
treble                  0x20002dbc     0x2  Data  Gb  main.o [1]
underscore              0x20000012     0x2  Data  Gb  main.o [1]
underscore_flag         0x2000000c     0x1  Data  Gb  main.o [1]
volume                  0x20002db8     0x2  Data  Gb  main.o [1]
x_12bit                 0x2000001a     0x2  Data  Gb  main.o [1]
x_touch                 0x2000001e     0x2  Data  Gb  main.o [1]
y_12bit                 0x2000001c     0x2  Data  Gb  main.o [1]
y_touch                 0x20000020     0x2  Data  Gb  main.o [1]


[1] = C:\IAR Systems\oh-in-pe-\Output\Obj
[2] = command line
[3] = dl7M_tln.a
[4] = m7M_tlv.a
[5] = rt7M_tl.a
[6] = shb_l.a

  49 432 bytes of readonly  code memory
  11 568 bytes of readonly  data memory
  11 780 bytes of readwrite data memory

Errors: none
Warnings: none
