###############################################################################
#
# IAR ELF Linker V7.80.4.12462/W32 for ARM                23/Nov/2024  03:14:05
# Copyright 2007-2017 IAR Systems AB.
#
#    Output file  =  C:\IAR Systems\oh-in-pe-\Output\Exe\OK-STM767.out
#    Map file     =  C:\IAR Systems\oh-in-pe-\Output\List\OK-STM767.map
#    Command line =  
#        "C:\IAR Systems\oh-in-pe-\Output\Obj\main.o" "C:\IAR
#        Systems\oh-in-pe-\Output\Obj\startup_stm32f767xx.o" --redirect
#        _Printf=_PrintfFull --redirect _Scanf=_ScanfFull -o "C:\IAR
#        Systems\oh-in-pe-\Output\Exe\OK-STM767.out" --map "C:\IAR
#        Systems\oh-in-pe-\Output\List\OK-STM767.map" --config "C:\IAR
#        Systems\oh-in-pe-\Linker\stm32f767xx_flash.icf" --semihosting --entry
#        __iar_program_start "C:\Program Files (x86)\IAR Systems\Embedded
#        Workbench 7.5_2\arm\CMSIS\Lib\IAR\iar_cortexM7lf_math.a" --vfe
#
###############################################################################

*******************************************************************************
*** RUNTIME MODEL ATTRIBUTES
***

CppFlavor                     = *
__Heap_Handler                = Basic
__SystemLibrary               = DLib
__dlib_dynamic_initialization = normal
__dlib_version                = 6


*******************************************************************************
*** PLACEMENT SUMMARY
***

"A0":  place at 0x08000000 { ro section .intvec };
"P1":  place in [from 0x08000000 to 0x081fffff] { ro };
"P2":  place in [from 0x20000000 to 0x2007ffff] { rw, block CSTACK, block HEAP };
initialize by copy { rw };

  Section             Kind        Address     Size  Object
  -------             ----        -------     ----  ------
"A0":                                        0x1f8
  .intvec             ro code  0x08000000    0x1f8  startup_stm32f767xx.o [1]
                             - 0x080001f8    0x1f8

"P1":                                      0x23d96
  .rodata             const    0x080001f8  0x13458  arm_common_tables.o [4]
  .text               ro code  0x08013650   0xaa1c  main.o [1]
  .text               ro code  0x0801e06c      0x6  ABImemclr4.o [6]
  .text               ro code  0x0801e072      0xa  xsprout.o [3]
  .text               ro code  0x0801e07c     0x76  ABImemcpy_unaligned.o [6]
  .text               ro code  0x0801e0f4    0x144  arm_rfft_fast_init_f32.o [4]
  .text               ro code  0x0801e238      0x6  ABImemclr.o [6]
  .text               ro code  0x0801e240    0x18c  xfsin.o [5]
  .text               ro code  0x0801e3cc    0x196  arm_rfft_fast_f32.o [4]
  .text               ro code  0x0801e564     0x1c  sqrtf.o [5]
  .text               ro code  0x0801e580    0x164  xflog.o [5]
  .text               ro code  0x0801e6e4     0x34  sprintf.o [3]
  .text               ro code  0x0801e718     0x32  ABImemset48.o [6]
  .text               ro code  0x0801e74c     0x5e  ABImemset.o [6]
  .text               ro code  0x0801e7ac      0xc  errno.o [3]
  .text               ro code  0x0801e7b8     0xec  xfquad.o [5]
  .text               ro code  0x0801e8a4    0x706  arm_cfft_f32.o [4]
  .text               ro code  0x0801efac      0xc  iarEdom.o [6]
  .text               ro code  0x0801efb8     0x28  xfdnorm.o [5]
  .text               ro code  0x0801efe0   0x119a  xprintffull.o [3]
  .text               ro code  0x0802017a      0x2  xtls.o [3]
  .text               ro code  0x0802017c     0x50  xfdint.o [5]
  .text               ro code  0x080201cc     0xe6  fmodf.o [5]
  .text               ro code  0x080202b4    0x598  arm_cfft_radix8_f32.o [4]
  .text               ro code  0x0802084c     0xc0  arm_bitreversal2.o [4]
  .text               ro code  0x0802090c     0x20  xmbtowc.o [3]
  .text               ro code  0x0802092c     0x16  strchr.o [6]
  .text               ro code  0x08020944     0x36  strlen.o [6]
  .text               ro code  0x0802097c     0x58  memchr.o [6]
  .text               ro code  0x080209d4      0xa  xmbcurmax.o [3]
  .text               ro code  0x080209e0     0xb0  xxmemxmalloc.o [3]
  .text               ro code  0x08020a90     0x1a  xwctomb.o [3]
  .text               ro code  0x08020aac     0x80  xxmemxfree.o [3]
  .text               ro code  0x08020b2c     0xee  I64DivMod.o [6]
  .text               ro code  0x08020c1a     0x44  xdnorm.o [5]
  .text               ro code  0x08020c60     0x2e  DblCmpLe.o [5]
  .text               ro code  0x08020c90     0x2e  DblCmpGe.o [5]
  .text               ro code  0x08020cc0    0x114  xdscale.o [5]
  .text               ro code  0x08020dd4      0xe  DblToS32.o [5]
  .text               ro code  0x08020de2      0xe  S32ToDbl.o [5]
  .text               ro code  0x08020df0     0x12  DblSub.o [5]
  .text               ro code  0x08020e02     0x12  DblMul.o [5]
  .text               ro code  0x08020e14     0x12  DblDiv.o [5]
  .text               ro code  0x08020e26      0xe  DblToU32.o [5]
  .text               ro code  0x08020e34      0xe  U32ToDbl.o [5]
  .text               ro code  0x08020e44     0x6c  localeconv.o [3]
  .text               ro code  0x08020eb0      0xe  div.o [3]
  .text               ro code  0x08020ec0     0x14  setlocale.o [3]
  .text               ro code  0x08020ed4     0x60  xencoding_sb.o [3]
  .text               ro code  0x08020f34     0x2c  xgetmemchunk.o [3]
  .text               ro code  0x08020f60      0x2  I64DivZer.o [6]
  .rodata             const    0x08020f64   0x2d00  main.o [1]
  .text               ro code  0x08023c64     0x40  zero_init3.o [6]
  .text               ro code  0x08023ca4     0x38  packbits_init_single.o [6]
  .text               ro code  0x08023cdc     0x28  data_init.o [6]
  .text               ro code  0x08023d04     0x22  fpinit_M.o [5]
  .iar.init_table     const    0x08023d28     0x20  - Linker created -
  .text               ro code  0x08023d48     0x1a  cmain.o [6]
  .text               ro code  0x08023d62      0x4  low_level_init.o [3]
  .text               ro code  0x08023d66      0x4  exit.o [3]
  .text               ro code  0x08023d6c      0xa  cexit.o [6]
  .text               ro code  0x08023d78     0x14  exit.o [7]
  .text               ro code  0x08023d8c     0x10  startup_stm32f767xx.o [1]
  .text               ro code  0x08023d9c      0xc  cstartup_M.o [6]
  .text               ro code  0x08023da8      0x4  startup_stm32f767xx.o [1]
  .text               ro code  0x08023dac      0x4  startup_stm32f767xx.o [1]
  .text               ro code  0x08023db0      0x4  startup_stm32f767xx.o [1]
  .text               ro code  0x08023db4      0x4  startup_stm32f767xx.o [1]
  .text               ro code  0x08023db8      0x4  startup_stm32f767xx.o [1]
  .text               ro code  0x08023dbc      0x4  startup_stm32f767xx.o [1]
  .text               ro code  0x08023dc0      0x4  startup_stm32f767xx.o [1]
  .text               ro code  0x08023dc4      0x4  startup_stm32f767xx.o [1]
  .text               ro code  0x08023dc8      0x4  startup_stm32f767xx.o [1]
  .text               ro code  0x08023dcc      0x4  startup_stm32f767xx.o [1]
  .text               ro code  0x08023dd0      0x4  startup_stm32f767xx.o [1]
  .text               ro code  0x08023dd4      0x4  startup_stm32f767xx.o [1]
  .text               ro code  0x08023dd8      0x4  startup_stm32f767xx.o [1]
  .text               ro code  0x08023ddc      0x4  startup_stm32f767xx.o [1]
  .text               ro code  0x08023de0      0x4  startup_stm32f767xx.o [1]
  .text               ro code  0x08023de4      0x4  startup_stm32f767xx.o [1]
  .text               ro code  0x08023de8      0x4  startup_stm32f767xx.o [1]
  .text               ro code  0x08023dec      0x4  startup_stm32f767xx.o [1]
  .text               ro code  0x08023df0      0x4  startup_stm32f767xx.o [1]
  .text               ro code  0x08023df4      0x4  startup_stm32f767xx.o [1]
  .text               ro code  0x08023df8      0x4  startup_stm32f767xx.o [1]
  .text               ro code  0x08023dfc      0x4  startup_stm32f767xx.o [1]
  .text               ro code  0x08023e00      0x4  startup_stm32f767xx.o [1]
  .text               ro code  0x08023e04      0x4  startup_stm32f767xx.o [1]
  .text               ro code  0x08023e08      0x4  startup_stm32f767xx.o [1]
  .text               ro code  0x08023e0c      0x4  startup_stm32f767xx.o [1]
  .text               ro code  0x08023e10      0x4  startup_stm32f767xx.o [1]
  .text               ro code  0x08023e14      0x4  startup_stm32f767xx.o [1]
  .text               ro code  0x08023e18      0x4  startup_stm32f767xx.o [1]
  .text               ro code  0x08023e1c      0x4  startup_stm32f767xx.o [1]
  .text               ro code  0x08023e20      0x4  startup_stm32f767xx.o [1]
  .text               ro code  0x08023e24      0x4  startup_stm32f767xx.o [1]
  .text               ro code  0x08023e28      0x4  startup_stm32f767xx.o [1]
  .text               ro code  0x08023e2c      0x4  startup_stm32f767xx.o [1]
  .text               ro code  0x08023e30      0x4  startup_stm32f767xx.o [1]
  .text               ro code  0x08023e34      0x4  startup_stm32f767xx.o [1]
  .text               ro code  0x08023e38      0x4  startup_stm32f767xx.o [1]
  .text               ro code  0x08023e3c      0x4  startup_stm32f767xx.o [1]
  .text               ro code  0x08023e40      0x4  startup_stm32f767xx.o [1]
  .text               ro code  0x08023e44      0x4  startup_stm32f767xx.o [1]
  .text               ro code  0x08023e48      0x4  startup_stm32f767xx.o [1]
  .text               ro code  0x08023e4c      0x4  startup_stm32f767xx.o [1]
  .text               ro code  0x08023e50      0x4  startup_stm32f767xx.o [1]
  .text               ro code  0x08023e54      0x4  startup_stm32f767xx.o [1]
  .text               ro code  0x08023e58      0x4  startup_stm32f767xx.o [1]
  .text               ro code  0x08023e5c      0x4  startup_stm32f767xx.o [1]
  .text               ro code  0x08023e60      0x4  startup_stm32f767xx.o [1]
  .text               ro code  0x08023e64      0x4  startup_stm32f767xx.o [1]
  .text               ro code  0x08023e68      0x4  startup_stm32f767xx.o [1]
  .text               ro code  0x08023e6c      0x4  startup_stm32f767xx.o [1]
  .text               ro code  0x08023e70      0x4  startup_stm32f767xx.o [1]
  .text               ro code  0x08023e74      0x4  startup_stm32f767xx.o [1]
  .text               ro code  0x08023e78      0x4  startup_stm32f767xx.o [1]
  .text               ro code  0x08023e7c      0x4  startup_stm32f767xx.o [1]
  .text               ro code  0x08023e80      0x4  startup_stm32f767xx.o [1]
  .text               ro code  0x08023e84      0x4  startup_stm32f767xx.o [1]
  .text               ro code  0x08023e88      0x4  startup_stm32f767xx.o [1]
  .text               ro code  0x08023e8c      0x4  startup_stm32f767xx.o [1]
  .text               ro code  0x08023e90      0x4  startup_stm32f767xx.o [1]
  .text               ro code  0x08023e94      0x4  startup_stm32f767xx.o [1]
  .text               ro code  0x08023e98      0x4  startup_stm32f767xx.o [1]
  .text               ro code  0x08023e9c      0x4  startup_stm32f767xx.o [1]
  .text               ro code  0x08023ea0      0x4  startup_stm32f767xx.o [1]
  .text               ro code  0x08023ea4      0x4  startup_stm32f767xx.o [1]
  .text               ro code  0x08023ea8      0x4  startup_stm32f767xx.o [1]
  .text               ro code  0x08023eac      0x4  startup_stm32f767xx.o [1]
  .text               ro code  0x08023eb0      0x4  startup_stm32f767xx.o [1]
  .text               ro code  0x08023eb4      0x4  startup_stm32f767xx.o [1]
  .text               ro code  0x08023eb8      0x4  startup_stm32f767xx.o [1]
  .text               ro code  0x08023ebc      0x4  startup_stm32f767xx.o [1]
  .text               ro code  0x08023ec0      0x4  startup_stm32f767xx.o [1]
  .text               ro code  0x08023ec4      0x4  startup_stm32f767xx.o [1]
  .text               ro code  0x08023ec8      0x4  startup_stm32f767xx.o [1]
  .text               ro code  0x08023ecc      0x4  startup_stm32f767xx.o [1]
  .text               ro code  0x08023ed0      0x4  startup_stm32f767xx.o [1]
  .text               ro code  0x08023ed4      0x4  startup_stm32f767xx.o [1]
  .text               ro code  0x08023ed8      0x4  startup_stm32f767xx.o [1]
  .text               ro code  0x08023edc      0x4  startup_stm32f767xx.o [1]
  .text               ro code  0x08023ee0      0x4  startup_stm32f767xx.o [1]
  .text               ro code  0x08023ee4      0x4  startup_stm32f767xx.o [1]
  .text               ro code  0x08023ee8      0x4  startup_stm32f767xx.o [1]
  .text               ro code  0x08023eec      0x4  startup_stm32f767xx.o [1]
  .text               ro code  0x08023ef0      0x4  startup_stm32f767xx.o [1]
  .text               ro code  0x08023ef4      0x4  startup_stm32f767xx.o [1]
  .text               ro code  0x08023ef8      0x4  startup_stm32f767xx.o [1]
  .text               ro code  0x08023efc      0x4  startup_stm32f767xx.o [1]
  .text               ro code  0x08023f00      0x4  startup_stm32f767xx.o [1]
  .text               ro code  0x08023f04      0x4  startup_stm32f767xx.o [1]
  .text               ro code  0x08023f08      0x4  startup_stm32f767xx.o [1]
  .text               ro code  0x08023f0c      0x4  startup_stm32f767xx.o [1]
  .text               ro code  0x08023f10      0x4  startup_stm32f767xx.o [1]
  .text               ro code  0x08023f14      0x4  startup_stm32f767xx.o [1]
  .text               ro code  0x08023f18      0x4  startup_stm32f767xx.o [1]
  .text               ro code  0x08023f1c      0x4  startup_stm32f767xx.o [1]
  .text               ro code  0x08023f20      0x4  startup_stm32f767xx.o [1]
  .text               ro code  0x08023f24      0x4  startup_stm32f767xx.o [1]
  .text               ro code  0x08023f28      0x4  startup_stm32f767xx.o [1]
  .text               ro code  0x08023f2c      0x4  startup_stm32f767xx.o [1]
  .text               ro code  0x08023f30      0x4  startup_stm32f767xx.o [1]
  .text               ro code  0x08023f34      0x4  startup_stm32f767xx.o [1]
  .text               ro code  0x08023f38      0x4  startup_stm32f767xx.o [1]
  .text               ro code  0x08023f3c      0x4  startup_stm32f767xx.o [1]
  .text               ro code  0x08023f40      0x4  startup_stm32f767xx.o [1]
  .text               ro code  0x08023f44      0x4  startup_stm32f767xx.o [1]
  .text               ro code  0x08023f48      0x4  startup_stm32f767xx.o [1]
  .text               ro code  0x08023f4c      0x4  startup_stm32f767xx.o [1]
  .text               ro code  0x08023f50      0x4  startup_stm32f767xx.o [1]
  .text               ro code  0x08023f54      0x4  startup_stm32f767xx.o [1]
  .text               ro code  0x08023f58      0x4  startup_stm32f767xx.o [1]
  .text               ro code  0x08023f5c      0x4  startup_stm32f767xx.o [1]
  .text               ro code  0x08023f60      0x4  startup_stm32f767xx.o [1]
  .text               ro code  0x08023f64      0x4  startup_stm32f767xx.o [1]
  .text               ro code  0x08023f68      0x4  startup_stm32f767xx.o [1]
  .text               ro code  0x08023f6c      0x4  startup_stm32f767xx.o [1]
  .text               ro code  0x08023f70      0x4  startup_stm32f767xx.o [1]
  .text               ro code  0x08023f74      0x4  startup_stm32f767xx.o [1]
  .rodata             const    0x08023f78      0x0  zero_init3.o [6]
  .rodata             const    0x08023f78      0x0  packbits_init_single.o [6]
  Initializer bytes   const    0x08023f78     0x16  <for P2-1>
                             - 0x08023f8e  0x23d96

"P2", part 1 of 3:                           0x11e
  P2-1                         0x20000000    0x11e  <Init block>
    __DLIB_PERTHREAD  inited   0x20000000      0x4  errno.o [3]
    __DLIB_PERTHREAD  inited   0x20000004     0x88  localeconv.o [3]
    __DLIB_PERTHREAD  inited   0x2000008c     0x74  setlocale.o [3]
    .data             inited   0x20000100     0x1e  main.o [1]
                             - 0x2000011e    0x11e

"P2", part 2 of 3:                          0x1800
  CSTACK                       0x20000120   0x1000  <Block>
    CSTACK            uninit   0x20000120   0x1000  <Block tail>
  HEAP                         0x20001120    0x800  <Block>
    HEAP              uninit   0x20001120    0x800  <Block tail>
                             - 0x20001920   0x1800

"P2", part 3 of 3:                          0x1b10
  .bss                zero     0x20001920    0x800  main.o [1]
  .bss                zero     0x20002120    0x3e8  main.o [1]
  .bss                zero     0x20002508    0x3e8  main.o [1]
  .bss                zero     0x200028f0    0x3e8  main.o [1]
  .bss                zero     0x20002cd8    0x240  main.o [1]
  .bss                zero     0x20002f18    0x200  main.o [1]
  .bss                zero     0x20003118    0x200  main.o [1]
  .bss                zero     0x20003318     0xfc  main.o [1]
  .bss                zero     0x20003414      0xc  main.o [1]
  .bss                zero     0x20003420      0x8  xxmemxmalloc.o [3]
  .bss                zero     0x20003428      0x4  xgetmemchunk.o [3]
  .bss                zero     0x2000342c      0x1  main.o [1]
  .bss                zero     0x2000342d      0x1  main.o [1]
                             - 0x2000342e   0x1b0e


*******************************************************************************
*** INIT TABLE
***

          Address     Size
          -------     ----
Zero (__iar_zero_init3)
    1 destination range, total size 0x1b0e:
          0x20001920  0x1b0e

Copy/packbits (__iar_packbits_init_single3)
    1 source range, total size 0x16 (7% of destination):
          0x08023f78    0x16
    1 destination range, total size 0x11e:
          0x20000000   0x11e



*******************************************************************************
*** MODULE SUMMARY
***

    Module                    ro code  ro data  rw data
    ------                    -------  -------  -------
C:\IAR Systems\oh-in-pe-\Output\Obj: [1]
    main.o                     43 548   11 523    6 944
    startup_stm32f767xx.o         984
    ---------------------------------------------------
    Total:                     44 532   11 523    6 944

command line: [2]
    ---------------------------------------------------
    Total:

dl7M_tlf.a: [3]
    div.o                          14
    errno.o                        12                 4
    exit.o                          4
    localeconv.o                  108       10      136
    low_level_init.o                4
    setlocale.o                    20        9      116
    sprintf.o                      52
    xencoding_sb.o                 96
    xgetmemchunk.o                 44                 4
    xmbcurmax.o                    10
    xmbtowc.o                      32
    xprintffull.o               4 506
    xsprout.o                      10
    xtls.o                          2
    xwctomb.o                      26
    xxmemxfree.o                  128
    xxmemxmalloc.o                176                 8
    ---------------------------------------------------
    Total:                      5 244       19      268

iar_cortexM7lf_math.a: [4]
    arm_bitreversal2.o            192
    arm_cfft_f32.o              1 798
    arm_cfft_radix8_f32.o       1 432
    arm_common_tables.o                 78 936
    arm_rfft_fast_f32.o           406
    arm_rfft_fast_init_f32.o      324
    ---------------------------------------------------
    Total:                      4 152   78 936

m7M_tlv.a: [5]
    DblCmpGe.o                     46
    DblCmpLe.o                     46
    DblDiv.o                       18
    DblMul.o                       18
    DblSub.o                       18
    DblToS32.o                     14
    DblToU32.o                     14
    S32ToDbl.o                     14
    U32ToDbl.o                     14
    fmodf.o                       230
    fpinit_M.o                     34
    sqrtf.o                        28
    xdnorm.o                       68
    xdscale.o                     276
    xfdint.o                       80
    xfdnorm.o                      40
    xflog.o                       356
    xfquad.o                      236
    xfsin.o                       396
    ---------------------------------------------------
    Total:                      1 946

rt7M_tl.a: [6]
    ABImemclr.o                     6
    ABImemclr4.o                    6
    ABImemcpy_unaligned.o         118
    ABImemset.o                    94
    ABImemset48.o                  50
    I64DivMod.o                   238
    I64DivZer.o                     2
    cexit.o                        10
    cmain.o                        26
    cstartup_M.o                   12
    data_init.o                    40
    iarEdom.o                      12
    memchr.o                       88
    packbits_init_single.o         56
    strchr.o                       22
    strlen.o                       54
    zero_init3.o                   64
    ---------------------------------------------------
    Total:                        898

shb_l.a: [7]
    exit.o                         20
    ---------------------------------------------------
    Total:                         20

    Gaps                           36        4
    Linker created                          32    6 144
-------------------------------------------------------
    Grand Total:               56 828   90 514   13 356


*******************************************************************************
*** ENTRY LIST
***

Entry                      Address    Size  Type      Object
-----                      -------    ----  ----      ------
.iar.init_table$$Base   0x08023d28           --   Gb  - Linker created -
.iar.init_table$$Limit  0x08023d48           --   Gb  - Linker created -
?main                   0x08023d49          Code  Gb  cmain.o [6]
Beep                    0x080139c3    0x1a  Code  Gb  main.o [1]
Beep_3times             0x080139dd    0x1c  Code  Gb  main.o [1]
CSTACK$$Base            0x20000120           --   Gb  - Linker created -
CSTACK$$Limit           0x20001120           --   Gb  - Linker created -
Check_valid_decrement_file
                        0x0801d7cf    0x36  Code  Gb  main.o [1]
Check_valid_increment_file
                        0x0801d795    0x3a  Code  Gb  main.o [1]
Delay_ms                0x080139ab    0x18  Code  Gb  main.o [1]
Delay_us                0x080137f1   0x1ba  Code  Gb  main.o [1]
Display_Normal_Screen   0x0801db5d    0xd0  Code  Gb  main.o [1]
Draw_Spectrum           0x0801da45   0x104  Code  Gb  main.o [1]
Draw_Spectrum::lastDrawTime
                        0x2000341c     0x4  Data  Lc  main.o [1]
E_font                  0x0801b31c   0x800  Data  Gb  main.o [1]
EntryBuffer             0x20003118   0x200  Data  Gb  main.o [1]
FFT_Input               0x20001d20   0x400  Data  Gb  main.o [1]
FFT_Mag                 0x20002d00   0x200  Data  Gb  main.o [1]
FFT_Output              0x20001920   0x400  Data  Gb  main.o [1]
Fat32Enabled            0x20002cd8     0x1  Data  Gb  main.o [1]
Filename_arrange        0x0801ca35    0x72  Code  Gb  main.o [1]
FirstDataSector         0x20002cf0     0x4  Data  Gb  main.o [1]
FirstDirCluster         0x20002cfc     0x4  Data  Gb  main.o [1]
FirstFAT2Sector         0x20002cf8     0x4  Data  Gb  main.o [1]
FirstFATSector          0x20002cf4     0x4  Data  Gb  main.o [1]
Get_long_filename       0x0801c83f    0xba  Code  Gb  main.o [1]
HEAP$$Base              0x20001120           --   Gb  - Linker created -
HEAP$$Limit             0x20001920           --   Gb  - Linker created -
Icon_input              0x0801d907    0x70  Code  Gb  main.o [1]
Init_FFT_Screen         0x0801dc8b    0xcc  Code  Gb  main.o [1]
Initialize_FAT32        0x0801c4e7    0xf0  Code  Gb  main.o [1]
Initialize_LCD          0x08013a35    0x86  Code  Gb  main.o [1]
Initialize_MCU          0x08013655   0x192  Code  Gb  main.o [1]
Initialize_SD           0x0801c011   0x30a  Code  Gb  main.o [1]
Initialize_TFT_LCD      0x08013b11   0x276  Code  Gb  main.o [1]
Initialize_VS1053b      0x0801cb1d   0x116  Code  Gb  main.o [1]
Initialize_touch_screen
                        0x0801bd37    0x56  Code  Gb  main.o [1]
KG_font                 0x080158c0  0x2d00  Data  Gb  main.o [1]
KM_font                 0x08020f64  0x2d00  Data  Gb  main.o [1]
KP_font                 0x0801861c  0x2d00  Data  Gb  main.o [1]
KS_Table                0x08014248  0x125c  Data  Gb  main.o [1]
KS_code_conversion      0x080141db    0x38  Code  Gb  main.o [1]
Key_input               0x080139f9    0x1c  Code  Gb  main.o [1]
Kfont_type              0x2000010a     0x1  Data  Gb  main.o [1]
LCD_command             0x08013abb     0xc  Code  Gb  main.o [1]
LCD_data                0x08013ac7     0xa  Code  Gb  main.o [1]
LCD_string              0x08013af7    0x1a  Code  Gb  main.o [1]
Line                    0x0801bc21    0xaa  Code  Gb  main.o [1]
LoadInt                 0x0801f657    0x6e  Code  Lc  xprintffull.o [3]
Process_FFT             0x0801d98d    0xb4  Code  Gb  main.o [1]
Read_ADS7846            0x0801bd8d    0x32  Code  Gb  main.o [1]
Rectangle               0x0801bce1    0x46  Code  Gb  main.o [1]
Region$$Table$$Base     0x08023d28           --   Gb  - Linker created -
Region$$Table$$Limit    0x08023d48           --   Gb  - Linker created -
S                       0x20002f00    0x18  Data  Gb  main.o [1]
SD_command              0x0801c447    0x44  Code  Gb  main.o [1]
SD_read_sector          0x0801c48b    0x58  Code  Gb  main.o [1]
SD_type                 0x2000342d     0x1  Data  Gb  main.o [1]
SPI3_high_speed         0x0801bf83    0x54  Code  Gb  main.o [1]
SPI3_low_speed          0x0801bed3    0x54  Code  Gb  main.o [1]
SPI3_medium_speed       0x0801bf27    0x52  Code  Gb  main.o [1]
SPI3_write              0x0801bfd7    0x18  Code  Gb  main.o [1]
ScreenMode              0x20000100     0x1  Data  Gb  main.o [1]
SectorBuffer            0x20002f18   0x200  Data  Gb  main.o [1]
SectorsPerCluster       0x20002cde     0x2  Data  Gb  main.o [1]
SysTick_Handler         0x0801cdb1    0x20  Code  Gb  main.o [1]
SysTick_Handler::fft_tick_count
                        0x20003418     0x4  Data  Lc  main.o [1]
SystemInit              0x08013651     0x4  Code  Gb  main.o [1]
SystemTicks             0x20003414     0x4  Data  Lc  main.o [1]
TFT_English             0x08013fad   0x222  Code  Gb  main.o [1]
TFT_GRAM_address        0x08013e35    0x56  Code  Gb  main.o [1]
TFT_Korean              0x080154a5   0x370  Code  Gb  main.o [1]
TFT_MP3_bitrate         0x0801d819    0xde  Code  Gb  main.o [1]
TFT_bass                0x0801d749    0x20  Code  Gb  main.o [1]
TFT_color               0x08013e9b     0xa  Code  Gb  main.o [1]
TFT_color_screen        0x08013e13    0x22  Code  Gb  main.o [1]
TFT_command             0x08013da1    0x2e  Code  Gb  main.o [1]
TFT_data                0x08013dd1    0x2c  Code  Gb  main.o [1]
TFT_filename            0x0801d5d1    0xea  Code  Gb  main.o [1]
TFT_hexadecimal         0x0801bbed    0x24  Code  Gb  main.o [1]
TFT_long_filename       0x0801c985    0xa0  Code  Gb  main.o [1]
TFT_pixel               0x08013ea5    0x68  Code  Gb  main.o [1]
TFT_short_filename      0x0801c923    0x62  Code  Gb  main.o [1]
TFT_signed_decimal      0x0801bb81    0x4c  Code  Gb  main.o [1]
TFT_string              0x08013f3d    0x36  Code  Gb  main.o [1]
TFT_treble              0x0801d773    0x22  Code  Gb  main.o [1]
TFT_unsigned_decimal    0x0801bb1d    0x3c  Code  Gb  main.o [1]
TFT_volume              0x0801d6e1    0x5e  Code  Gb  main.o [1]
TFT_write               0x08013e03    0x10  Code  Gb  main.o [1]
TFT_xy                  0x08013e91     0xa  Code  Gb  main.o [1]
Touch_screen_input      0x0801bdd1   0x102  Code  Gb  main.o [1]
Unicode_to_KS           0x0801cabd    0x60  Code  Gb  main.o [1]
VS1053b_SCI_Read        0x0801cd01    0x22  Code  Gb  main.o [1]
VS1053b_SCI_Read_Hexadecimal
                        0x0801cd23    0x22  Code  Gb  main.o [1]
VS1053b_SCI_Write       0x0801ccd1    0x2c  Code  Gb  main.o [1]
VS1053b_SetBassTreble   0x0801cd9d    0x14  Code  Gb  main.o [1]
VS1053b_SetVolume       0x0801cd7f    0x1e  Code  Gb  main.o [1]
VS1053b_software_reset  0x0801cd5d    0x22  Code  Gb  main.o [1]
Xcharacter              0x20000103     0x1  Data  Gb  main.o [1]
XcharacterLimit         0x20000101     0x1  Data  Gb  main.o [1]
Xcursor                 0x20000105     0x1  Data  Gb  main.o [1]
Ycharacter              0x20000104     0x1  Data  Gb  main.o [1]
YcharacterLimit         0x20000102     0x1  Data  Gb  main.o [1]
Ycursor                 0x20000106     0x1  Data  Gb  main.o [1]
_EncodingSb_Mbtowc      0x08020eef    0x30  Code  Gb  xencoding_sb.o [3]
_EncodingSb_Mbtowc::initial
                        0x08020f2c     0x8  Data  Lc  xencoding_sb.o [3]
_EncodingSb_Wctomb      0x08020ed5    0x1a  Code  Gb  xencoding_sb.o [3]
_EncodingSb_Wctomb::initial
                        0x08020f24     0x8  Data  Lc  xencoding_sb.o [3]
_GenldFull              0x0801fedd   0x254  Code  Lc  xprintffull.o [3]
_IsdstStr               0x20000090     0x4  Data  Gb  setlocale.o [3]
_LdtobFull              0x0801fadd   0x3fa  Code  Lc  xprintffull.o [3]
_LitobFull              0x0801f9d1   0x10a  Code  Lc  xprintffull.o [3]
_LocaleEncoding         0x08020ec1     0xe  Code  Gb  setlocale.o [3]
_LocaleReturnString     0x200000b0    0x50  Data  Lc  setlocale.o [3]
_Locale_Profile         0x20000094    0x1c  Data  Gb  setlocale.o [3]
_Locale_aeabi_lconv     0x20000054    0x38  Data  Gb  localeconv.o [3]
_Locale_lconv           0x20000004    0x50  Data  Gb  localeconv.o [3]
_Mbtowc                 0x0802090d    0x20  Code  Gb  xmbtowc.o [3]
_PrintfFull             0x0801efe1   0x660  Code  Gb  xprintffull.o [3]
_PutcharsFull           0x08020131    0x2e  Code  Lc  xprintffull.o [3]
_PutstrFull             0x0801f6c5   0x306  Code  Lc  xprintffull.o [3]
_SProut                 0x0801e073     0xa  Code  Gb  xsprout.o [3]
_TzoneStr               0x2000008c     0x4  Data  Gb  setlocale.o [3]
_Wctomb                 0x08020a91    0x1a  Code  Gb  xwctomb.o [3]
__aeabi_cdcmple         0x08020c61          Code  Gb  DblCmpLe.o [5]
__aeabi_cdrcmple        0x08020c91          Code  Gb  DblCmpGe.o [5]
__aeabi_d2iz            0x08020dd5     0xe  Code  Gb  DblToS32.o [5]
__aeabi_d2uiz           0x08020e27     0xe  Code  Gb  DblToU32.o [5]
__aeabi_ddiv            0x08020e15    0x12  Code  Gb  DblDiv.o [5]
__aeabi_dmul            0x08020e03    0x12  Code  Gb  DblMul.o [5]
__aeabi_dsub            0x08020df1    0x12  Code  Gb  DblSub.o [5]
__aeabi_errno_addr      0x0801e7ad     0x6  Code  Gb  errno.o [3]
__aeabi_i2d             0x08020de3     0xe  Code  Gb  S32ToDbl.o [5]
__aeabi_ldiv0           0x08020f61          Code  Gb  I64DivZer.o [6]
__aeabi_memclr          0x0801e239          Code  Gb  ABImemclr.o [6]
__aeabi_memclr4         0x0801e06d          Code  Gb  ABImemclr4.o [6]
__aeabi_ui2d            0x08020e35     0xe  Code  Gb  U32ToDbl.o [5]
__aeabi_uldivmod        0x08020b2d          Code  Gb  I64DivMod.o [6]
__cmain                 0x08023d49          Code  Gb  cmain.o [6]
__data_Aldata           0x20003420     0x8  Data  Gb  xxmemxmalloc.o [3]
__data_GetMemChunk      0x08020f35    0x2c  Code  Gb  xgetmemchunk.o [3]
__data_GetMemChunk::start
                        0x20003428     0x4  Data  Lc  xgetmemchunk.o [3]
__exit                  0x08023d79    0x14  Code  Gb  exit.o [7]
__iar_Dnorm             0x08020c1b    0x44  Code  Gb  xdnorm.o [5]
__iar_Dscale            0x08020cc1   0x114  Code  Gb  xdscale.o [5]
__iar_Errno             0x20000000     0x4  Data  Gb  errno.o [3]
__iar_FDint             0x0802017d    0x50  Code  Gb  xfdint.o [5]
__iar_FDnorm            0x0801efb9    0x28  Code  Gb  xfdnorm.o [5]
__iar_FLog              0x0801e581   0x128  Code  Gb  xflog.o [5]
__iar_FQuad             0x0801e7b9    0xc2  Code  Gb  xfquad.o [5]
__iar_FSin              0x0801e241   0x14c  Code  Gb  xfsin.o [5]
__iar_Locale_lconv_init
                        0x08020e45    0x3a  Code  Gb  localeconv.o [3]
__iar_Mbcurmax          0x080209d5     0xa  Code  Gb  xmbcurmax.o [3]
__iar_Memchr            0x0802097d          Code  Gb  memchr.o [6]
__iar_Memset4_word      0x0801e719          Code  Gb  ABImemset48.o [6]
__iar_Memset8_word      0x0801e719          Code  Gb  ABImemset48.o [6]
__iar_Memset_word       0x0801e74d          Code  Gb  ABImemset.o [6]
__iar_Strchr            0x0802092d          Code  Gb  strchr.o [6]
__iar_data_init3        0x08023cdd    0x28  Code  Gb  data_init.o [6]
__iar_dlib_perthread_access
                        0x0802017b     0x2  Code  Gb  xtls.o [3]
__iar_edom              0x0801efad          Code  Gb  iarEdom.o [6]
__iar_init_vfp          0x08023d05          Code  Gb  fpinit_M.o [5]
__iar_packbits_init_single3
                        0x08023ca5    0x38  Code  Gb  packbits_init_single.o [6]
__iar_program_start     0x08023d9d          Code  Gb  cstartup_M.o [6]
__iar_unaligned___aeabi_memcpy
                        0x0801e07d          Code  Gb  ABImemcpy_unaligned.o [6]
__iar_unaligned___aeabi_memcpy4
                        0x0801e09d          Code  Gb  ABImemcpy_unaligned.o [6]
__iar_unaligned___aeabi_memcpy8
                        0x0801e09d          Code  Gb  ABImemcpy_unaligned.o [6]
__iar_vfp_fmodf         0x080201cd          Code  Gb  fmodf.o [5]
__iar_zero_init3        0x08023c65    0x40  Code  Gb  zero_init3.o [6]
__low_level_init        0x08023d63     0x4  Code  Gb  low_level_init.o [3]
__vector_table          0x08000000          Data  Gb  startup_stm32f767xx.o [1]
_call_main              0x08023d55          Code  Gb  cmain.o [6]
_exit                   0x08023d6d          Code  Gb  cexit.o [6]
_main                   0x08023d5f          Code  Gb  cmain.o [6]
armBitRevIndexTable1024
                        0x08008b00   0xe10  Data  Gb  arm_common_tables.o [4]
armBitRevIndexTable128  0x08008270   0x1a0  Data  Gb  arm_common_tables.o [4]
armBitRevIndexTable16   0x08008178    0x28  Data  Gb  arm_common_tables.o [4]
armBitRevIndexTable2048
                        0x08009910  0x1dc0  Data  Gb  arm_common_tables.o [4]
armBitRevIndexTable256  0x08008410   0x370  Data  Gb  arm_common_tables.o [4]
armBitRevIndexTable32   0x080081a0    0x60  Data  Gb  arm_common_tables.o [4]
armBitRevIndexTable512  0x08008780   0x380  Data  Gb  arm_common_tables.o [4]
armBitRevIndexTable64   0x08008200    0x70  Data  Gb  arm_common_tables.o [4]
arm_bitreversal_16      0x080208b7          Code  Gb  arm_bitreversal2.o [4]
arm_bitreversal_32      0x0802084d          Code  Gb  arm_bitreversal2.o [4]
arm_cfft_f32            0x0801ee25   0x186  Code  Gb  arm_cfft_f32.o [4]
arm_cfft_radix8by2_f32  0x0801e8a5   0x168  Code  Gb  arm_cfft_f32.o [4]
arm_cfft_radix8by4_f32  0x0801ea0d   0x416  Code  Gb  arm_cfft_f32.o [4]
arm_radix8_butterfly_f32
                        0x080202b5   0x598  Code  Gb  arm_cfft_radix8_f32.o [4]
arm_rfft_fast_f32       0x0801e519    0x4a  Code  Gb  arm_rfft_fast_f32.o [4]
arm_rfft_fast_init_f32  0x0801e0f5   0x144  Code  Gb  arm_rfft_fast_init_f32.o [4]
background              0x20000114     0x2  Data  Gb  main.o [1]
bass                    0x20002ce2     0x2  Data  Gb  main.o [1]
bul_cho1                0x08015878    0x18  Data  Gb  main.o [1]
bul_cho2                0x080158a8    0x18  Data  Gb  main.o [1]
bul_jong                0x08015890    0x18  Data  Gb  main.o [1]
cursor                  0x2000010c     0x2  Data  Gb  main.o [1]
cursor_flag             0x20000107     0x1  Data  Gb  main.o [1]
div                     0x08020eb1     0xe  Code  Gb  div.o [3]
exit                    0x08023d67     0x4  Code  Gb  exit.o [3]
extension               0x20002cec     0x4  Data  Gb  main.o [1]
fatClustToSect          0x0801c82b    0x14  Code  Gb  main.o [1]
fatDir                  0x0801c7b1    0x3c  Code  Gb  main.o [1]
fatGetDirEntry          0x0801c6b9    0xc8  Code  Gb  main.o [1]
fatNextCluster          0x0801c7ed    0x3e  Code  Gb  main.o [1]
fft_display_mode        0x20002cd9     0x1  Data  Gb  main.o [1]
fft_update_flag         0x20002cda     0x1  Data  Gb  main.o [1]
file_number             0x20002cdc     0x1  Data  Gb  main.o [1]
file_size               0x200028f0   0x3e8  Data  Gb  main.o [1]
file_start_cluster      0x20002120   0x3e8  Data  Gb  main.o [1]
file_start_entry        0x20003318    0xfc  Data  Gb  main.o [1]
file_start_sector       0x20002508   0x3e8  Data  Gb  main.o [1]
fmodf                   0x080201d1          Code  Gb  fmodf.o [5]
foreground              0x20000112     0x2  Data  Gb  main.o [1]
free                    0x08020aad    0x7a  Code  Gb  xxmemxfree.o [3]
icon_flag               0x2000010b     0x1  Data  Gb  main.o [1]
key_flag                0x2000342c     0x1  Data  Gb  main.o [1]
localeconv              0x08020e7f    0x16  Code  Gb  localeconv.o [3]
main                    0x0801cdfd   0x66e  Code  Gb  main.o [1]
malloc                  0x080209e1    0xac  Code  Gb  xxmemxmalloc.o [3]
memchr                  0x0802097d          Code  Gb  memchr.o [6]
merge_rfft_f32          0x0801e479    0xa0  Code  Gb  arm_rfft_fast_f32.o [4]
outline                 0x20000110     0x2  Data  Gb  main.o [1]
outline_flag            0x20000109     0x1  Data  Gb  main.o [1]
sector_cluster          0x20002ce8     0x4  Data  Gb  main.o [1]
sprintf                 0x0801e6e5    0x34  Code  Gb  sprintf.o [3]
sqrtf                   0x0801e565          Code  Gb  sqrtf.o [5]
stage_rfft_f32          0x0801e3cd    0xac  Code  Gb  arm_rfft_fast_f32.o [4]
strchr                  0x0802092d          Code  Gb  strchr.o [6]
strlen                  0x08020945          Code  Gb  strlen.o [6]
table_cho               0x08015820    0x18  Data  Gb  main.o [1]
table_jong              0x08015858    0x20  Data  Gb  main.o [1]
table_joong             0x08015838    0x20  Data  Gb  main.o [1]
total_file              0x20002cdb     0x1  Data  Gb  main.o [1]
treble                  0x20002ce4     0x2  Data  Gb  main.o [1]
twiddleCoef_1024        0x08002178  0x2000  Data  Gb  arm_common_tables.o [4]
twiddleCoef_128         0x08000578   0x400  Data  Gb  arm_common_tables.o [4]
twiddleCoef_16          0x080001f8    0x80  Data  Gb  arm_common_tables.o [4]
twiddleCoef_2048        0x08004178  0x4000  Data  Gb  arm_common_tables.o [4]
twiddleCoef_256         0x08000978   0x800  Data  Gb  arm_common_tables.o [4]
twiddleCoef_32          0x08000278   0x100  Data  Gb  arm_common_tables.o [4]
twiddleCoef_512         0x08001178  0x1000  Data  Gb  arm_common_tables.o [4]
twiddleCoef_64          0x08000378   0x200  Data  Gb  arm_common_tables.o [4]
twiddleCoef_rfft_1024   0x0800c650  0x1000  Data  Gb  arm_common_tables.o [4]
twiddleCoef_rfft_128    0x0800b850   0x200  Data  Gb  arm_common_tables.o [4]
twiddleCoef_rfft_2048   0x0800d650  0x2000  Data  Gb  arm_common_tables.o [4]
twiddleCoef_rfft_256    0x0800ba50   0x400  Data  Gb  arm_common_tables.o [4]
twiddleCoef_rfft_32     0x0800b6d0    0x80  Data  Gb  arm_common_tables.o [4]
twiddleCoef_rfft_4096   0x0800f650  0x4000  Data  Gb  arm_common_tables.o [4]
twiddleCoef_rfft_512    0x0800be50   0x800  Data  Gb  arm_common_tables.o [4]
twiddleCoef_rfft_64     0x0800b750   0x100  Data  Gb  arm_common_tables.o [4]
underscore              0x2000010e     0x2  Data  Gb  main.o [1]
underscore_flag         0x20000108     0x1  Data  Gb  main.o [1]
volume                  0x20002ce0     0x2  Data  Gb  main.o [1]
x_12bit                 0x20000116     0x2  Data  Gb  main.o [1]
x_touch                 0x2000011a     0x2  Data  Gb  main.o [1]
y_12bit                 0x20000118     0x2  Data  Gb  main.o [1]
y_touch                 0x2000011c     0x2  Data  Gb  main.o [1]


[1] = C:\IAR Systems\oh-in-pe-\Output\Obj
[2] = command line
[3] = dl7M_tlf.a
[4] = iar_cortexM7lf_math.a
[5] = m7M_tlv.a
[6] = rt7M_tl.a
[7] = shb_l.a

  56 828 bytes of readonly  code memory
  90 514 bytes of readonly  data memory
  13 356 bytes of readwrite data memory

Errors: none
Warnings: none
