###############################################################################
#
# IAR ELF Linker V7.80.4.12462/W32 for ARM                11/Dec/2024  01:43:52
# Copyright 2007-2017 IAR Systems AB.
#
#    Output file  =  C:\IAR Systems\oh-in-pe-\Output\Exe\OK-STM767.out
#    Map file     =  C:\IAR Systems\oh-in-pe-\Output\List\OK-STM767.map
#    Command line =  
#        "C:\IAR Systems\oh-in-pe-\Output\Obj\complex.o" "C:\IAR
#        Systems\oh-in-pe-\Output\Obj\fft.o" "C:\IAR
#        Systems\oh-in-pe-\Output\Obj\piano.o" "C:\IAR
#        Systems\oh-in-pe-\Output\Obj\startup_stm32f767xx.o" --redirect
#        _Printf=_PrintfFull --redirect _Scanf=_ScanfFull -o "C:\IAR
#        Systems\oh-in-pe-\Output\Exe\OK-STM767.out" --map "C:\IAR
#        Systems\oh-in-pe-\Output\List\OK-STM767.map" --config "C:\IAR
#        Systems\oh-in-pe-\Linker\stm32f767xx_flash.icf" --semihosting --entry
#        __iar_program_start "C:\Program Files (x86)\IAR Systems\Embedded
#        Workbench 7.5_2\arm\CMSIS\Lib\IAR\iar_cortexM7lf_math.a" --vfe
#
###############################################################################

*******************************************************************************
*** RUNTIME MODEL ATTRIBUTES
***

CppFlavor                     = *
__Heap_Handler                = DLMalloc
__SystemLibrary               = DLib
__dlib_dynamic_initialization = normal


*******************************************************************************
*** PLACEMENT SUMMARY
***

"A0":  place at 0x08000000 { ro section .intvec };
"P1":  place in [from 0x08000000 to 0x081fffff] { ro };
"P2":  place in [from 0x20000000 to 0x2007ffff] { rw, block CSTACK, block HEAP };
initialize by copy { rw };

  Section             Kind        Address    Size  Object
  -------             ----        -------    ----  ------
"A0":                                       0x1f8
  .intvec             ro code  0x08000000   0x1f8  startup_stm32f767xx.o [1]
                             - 0x080001f8   0x1f8

"P1":                                      0xeef4
  .text               ro code  0x080001f8  0x91dc  piano.o [1]
  .text               ro code  0x080093d4     0x6  ABImemclr4.o [5]
  .text               ro code  0x080093da     0xa  xsprout.o [3]
  .text               ro code  0x080093e4    0x76  ABImemcpy_unaligned.o [5]
  .text               ro code  0x0800945c    0x34  sprintf.o [3]
  .text               ro code  0x08009490    0x32  ABImemset48.o [5]
  .text               ro code  0x080094c4  0x119a  xprintffull.o [3]
  .text               ro code  0x0800a65e    0x20  xmbtowc.o [3]
  .text               ro code  0x0800a680    0x16  strchr.o [5]
  .text               ro code  0x0800a698    0x36  strlen.o [5]
  .text               ro code  0x0800a6d0    0x58  memchr.o [5]
  .text               ro code  0x0800a728     0xa  xmbcurmax.o [3]
  .text               ro code  0x0800a734  0x14f4  dlmalloc.o [3]
  .text               ro code  0x0800bc28    0x1a  xwctomb.o [3]
  .text               ro code  0x0800bc44    0xee  I64DivMod.o [5]
  .text               ro code  0x0800bd32    0x44  xdnorm.o [4]
  .text               ro code  0x0800bd78    0x2e  DblCmpLe.o [4]
  .text               ro code  0x0800bda8    0x2e  DblCmpGe.o [4]
  .text               ro code  0x0800bdd8   0x114  xdscale.o [4]
  .text               ro code  0x0800beec     0xe  DblToS32.o [4]
  .text               ro code  0x0800befa     0xe  S32ToDbl.o [4]
  .text               ro code  0x0800bf08    0x12  DblSub.o [4]
  .text               ro code  0x0800bf1a    0x12  DblMul.o [4]
  .text               ro code  0x0800bf2c    0x12  DblDiv.o [4]
  .text               ro code  0x0800bf3e     0xe  DblToU32.o [4]
  .text               ro code  0x0800bf4c     0xe  U32ToDbl.o [4]
  .text               ro code  0x0800bf5c    0x6c  localeconv.o [3]
  .text               ro code  0x0800bfc8     0xe  div.o [3]
  .text               ro code  0x0800bfd8    0x14  setlocale.o [3]
  .text               ro code  0x0800bfec    0x60  xencoding_sb.o [3]
  .text               ro code  0x0800c04c     0x6  abort.o [3]
  .text               ro code  0x0800c054    0x2c  xgetmemchunk.o [3]
  .text               ro code  0x0800c080     0x2  I64DivZer.o [5]
  .text               ro code  0x0800c082     0x2  xtls.o [3]
  .text               ro code  0x0800c084    0x14  exit.o [6]
  .rodata             const    0x0800c098  0x2d00  piano.o [1]
  .text               ro code  0x0800ed98    0x40  zero_init3.o [5]
  .text               ro code  0x0800edd8    0x38  packbits_init_single.o [5]
  .text               ro code  0x0800ee10    0x28  data_init.o [5]
  .text               ro code  0x0800ee38    0x22  fpinit_M.o [4]
  .iar.init_table     const    0x0800ee5c    0x20  - Linker created -
  .text               ro code  0x0800ee7c    0x1a  cmain.o [5]
  .text               ro code  0x0800ee96     0x4  low_level_init.o [3]
  .text               ro code  0x0800ee9a     0x4  exit.o [3]
  .text               ro code  0x0800eea0     0xa  cexit.o [5]
  .text               ro code  0x0800eeac    0x10  startup_stm32f767xx.o [1]
  .text               ro code  0x0800eebc     0xc  cstartup_M.o [5]
  .text               ro code  0x0800eec8     0x4  startup_stm32f767xx.o [1]
  .text               ro code  0x0800eecc     0x4  startup_stm32f767xx.o [1]
  .text               ro code  0x0800eed0     0x4  startup_stm32f767xx.o [1]
  .text               ro code  0x0800eed4     0x4  startup_stm32f767xx.o [1]
  .text               ro code  0x0800eed8     0x4  startup_stm32f767xx.o [1]
  .text               ro code  0x0800eedc     0x4  startup_stm32f767xx.o [1]
  .text               ro code  0x0800eee0     0x4  startup_stm32f767xx.o [1]
  .text               ro code  0x0800eee4     0x4  startup_stm32f767xx.o [1]
  .text               ro code  0x0800eee8     0x4  startup_stm32f767xx.o [1]
  .text               ro code  0x0800eeec     0x4  startup_stm32f767xx.o [1]
  .text               ro code  0x0800eef0     0x4  startup_stm32f767xx.o [1]
  .text               ro code  0x0800eef4     0x4  startup_stm32f767xx.o [1]
  .text               ro code  0x0800eef8     0x4  startup_stm32f767xx.o [1]
  .text               ro code  0x0800eefc     0x4  startup_stm32f767xx.o [1]
  .text               ro code  0x0800ef00     0x4  startup_stm32f767xx.o [1]
  .text               ro code  0x0800ef04     0x4  startup_stm32f767xx.o [1]
  .text               ro code  0x0800ef08     0x4  startup_stm32f767xx.o [1]
  .text               ro code  0x0800ef0c     0x4  startup_stm32f767xx.o [1]
  .text               ro code  0x0800ef10     0x4  startup_stm32f767xx.o [1]
  .text               ro code  0x0800ef14     0x4  startup_stm32f767xx.o [1]
  .text               ro code  0x0800ef18     0x4  startup_stm32f767xx.o [1]
  .text               ro code  0x0800ef1c     0x4  startup_stm32f767xx.o [1]
  .text               ro code  0x0800ef20     0x4  startup_stm32f767xx.o [1]
  .text               ro code  0x0800ef24     0x4  startup_stm32f767xx.o [1]
  .text               ro code  0x0800ef28     0x4  startup_stm32f767xx.o [1]
  .text               ro code  0x0800ef2c     0x4  startup_stm32f767xx.o [1]
  .text               ro code  0x0800ef30     0x4  startup_stm32f767xx.o [1]
  .text               ro code  0x0800ef34     0x4  startup_stm32f767xx.o [1]
  .text               ro code  0x0800ef38     0x4  startup_stm32f767xx.o [1]
  .text               ro code  0x0800ef3c     0x4  startup_stm32f767xx.o [1]
  .text               ro code  0x0800ef40     0x4  startup_stm32f767xx.o [1]
  .text               ro code  0x0800ef44     0x4  startup_stm32f767xx.o [1]
  .text               ro code  0x0800ef48     0x4  startup_stm32f767xx.o [1]
  .text               ro code  0x0800ef4c     0x4  startup_stm32f767xx.o [1]
  .text               ro code  0x0800ef50     0x4  startup_stm32f767xx.o [1]
  .text               ro code  0x0800ef54     0x4  startup_stm32f767xx.o [1]
  .text               ro code  0x0800ef58     0x4  startup_stm32f767xx.o [1]
  .text               ro code  0x0800ef5c     0x4  startup_stm32f767xx.o [1]
  .text               ro code  0x0800ef60     0x4  startup_stm32f767xx.o [1]
  .text               ro code  0x0800ef64     0x4  startup_stm32f767xx.o [1]
  .text               ro code  0x0800ef68     0x4  startup_stm32f767xx.o [1]
  .text               ro code  0x0800ef6c     0x4  startup_stm32f767xx.o [1]
  .text               ro code  0x0800ef70     0x4  startup_stm32f767xx.o [1]
  .text               ro code  0x0800ef74     0x4  startup_stm32f767xx.o [1]
  .text               ro code  0x0800ef78     0x4  startup_stm32f767xx.o [1]
  .text               ro code  0x0800ef7c     0x4  startup_stm32f767xx.o [1]
  .text               ro code  0x0800ef80     0x4  startup_stm32f767xx.o [1]
  .text               ro code  0x0800ef84     0x4  startup_stm32f767xx.o [1]
  .text               ro code  0x0800ef88     0x4  startup_stm32f767xx.o [1]
  .text               ro code  0x0800ef8c     0x4  startup_stm32f767xx.o [1]
  .text               ro code  0x0800ef90     0x4  startup_stm32f767xx.o [1]
  .text               ro code  0x0800ef94     0x4  startup_stm32f767xx.o [1]
  .text               ro code  0x0800ef98     0x4  startup_stm32f767xx.o [1]
  .text               ro code  0x0800ef9c     0x4  startup_stm32f767xx.o [1]
  .text               ro code  0x0800efa0     0x4  startup_stm32f767xx.o [1]
  .text               ro code  0x0800efa4     0x4  startup_stm32f767xx.o [1]
  .text               ro code  0x0800efa8     0x4  startup_stm32f767xx.o [1]
  .text               ro code  0x0800efac     0x4  startup_stm32f767xx.o [1]
  .text               ro code  0x0800efb0     0x4  startup_stm32f767xx.o [1]
  .text               ro code  0x0800efb4     0x4  startup_stm32f767xx.o [1]
  .text               ro code  0x0800efb8     0x4  startup_stm32f767xx.o [1]
  .text               ro code  0x0800efbc     0x4  startup_stm32f767xx.o [1]
  .text               ro code  0x0800efc0     0x4  startup_stm32f767xx.o [1]
  .text               ro code  0x0800efc4     0x4  startup_stm32f767xx.o [1]
  .text               ro code  0x0800efc8     0x4  startup_stm32f767xx.o [1]
  .text               ro code  0x0800efcc     0x4  startup_stm32f767xx.o [1]
  .text               ro code  0x0800efd0     0x4  startup_stm32f767xx.o [1]
  .text               ro code  0x0800efd4     0x4  startup_stm32f767xx.o [1]
  .text               ro code  0x0800efd8     0x4  startup_stm32f767xx.o [1]
  .text               ro code  0x0800efdc     0x4  startup_stm32f767xx.o [1]
  .text               ro code  0x0800efe0     0x4  startup_stm32f767xx.o [1]
  .text               ro code  0x0800efe4     0x4  startup_stm32f767xx.o [1]
  .text               ro code  0x0800efe8     0x4  startup_stm32f767xx.o [1]
  .text               ro code  0x0800efec     0x4  startup_stm32f767xx.o [1]
  .text               ro code  0x0800eff0     0x4  startup_stm32f767xx.o [1]
  .text               ro code  0x0800eff4     0x4  startup_stm32f767xx.o [1]
  .text               ro code  0x0800eff8     0x4  startup_stm32f767xx.o [1]
  .text               ro code  0x0800effc     0x4  startup_stm32f767xx.o [1]
  .text               ro code  0x0800f000     0x4  startup_stm32f767xx.o [1]
  .text               ro code  0x0800f004     0x4  startup_stm32f767xx.o [1]
  .text               ro code  0x0800f008     0x4  startup_stm32f767xx.o [1]
  .text               ro code  0x0800f00c     0x4  startup_stm32f767xx.o [1]
  .text               ro code  0x0800f010     0x4  startup_stm32f767xx.o [1]
  .text               ro code  0x0800f014     0x4  startup_stm32f767xx.o [1]
  .text               ro code  0x0800f018     0x4  startup_stm32f767xx.o [1]
  .text               ro code  0x0800f01c     0x4  startup_stm32f767xx.o [1]
  .text               ro code  0x0800f020     0x4  startup_stm32f767xx.o [1]
  .text               ro code  0x0800f024     0x4  startup_stm32f767xx.o [1]
  .text               ro code  0x0800f028     0x4  startup_stm32f767xx.o [1]
  .text               ro code  0x0800f02c     0x4  startup_stm32f767xx.o [1]
  .text               ro code  0x0800f030     0x4  startup_stm32f767xx.o [1]
  .text               ro code  0x0800f034     0x4  startup_stm32f767xx.o [1]
  .text               ro code  0x0800f038     0x4  startup_stm32f767xx.o [1]
  .text               ro code  0x0800f03c     0x4  startup_stm32f767xx.o [1]
  .text               ro code  0x0800f040     0x4  startup_stm32f767xx.o [1]
  .text               ro code  0x0800f044     0x4  startup_stm32f767xx.o [1]
  .text               ro code  0x0800f048     0x4  startup_stm32f767xx.o [1]
  .text               ro code  0x0800f04c     0x4  startup_stm32f767xx.o [1]
  .text               ro code  0x0800f050     0x4  startup_stm32f767xx.o [1]
  .text               ro code  0x0800f054     0x4  startup_stm32f767xx.o [1]
  .text               ro code  0x0800f058     0x4  startup_stm32f767xx.o [1]
  .text               ro code  0x0800f05c     0x4  startup_stm32f767xx.o [1]
  .text               ro code  0x0800f060     0x4  startup_stm32f767xx.o [1]
  .text               ro code  0x0800f064     0x4  startup_stm32f767xx.o [1]
  .text               ro code  0x0800f068     0x4  startup_stm32f767xx.o [1]
  .text               ro code  0x0800f06c     0x4  startup_stm32f767xx.o [1]
  .text               ro code  0x0800f070     0x4  startup_stm32f767xx.o [1]
  .text               ro code  0x0800f074     0x4  startup_stm32f767xx.o [1]
  .text               ro code  0x0800f078     0x4  startup_stm32f767xx.o [1]
  .text               ro code  0x0800f07c     0x4  startup_stm32f767xx.o [1]
  .text               ro code  0x0800f080     0x4  startup_stm32f767xx.o [1]
  .text               ro code  0x0800f084     0x4  startup_stm32f767xx.o [1]
  .text               ro code  0x0800f088     0x4  startup_stm32f767xx.o [1]
  .text               ro code  0x0800f08c     0x4  startup_stm32f767xx.o [1]
  .text               ro code  0x0800f090     0x4  startup_stm32f767xx.o [1]
  .text               ro code  0x0800f094     0x4  startup_stm32f767xx.o [1]
  .text               ro code  0x0800f098     0x4  startup_stm32f767xx.o [1]
  .rodata             const    0x0800f09c     0x0  zero_init3.o [5]
  .rodata             const    0x0800f09c     0x0  packbits_init_single.o [5]
  Initializer bytes   const    0x0800f09c    0x50  <for P2-1>
                             - 0x0800f0ec  0xeef4

"P2", part 1 of 3:                          0x174
  P2-1                         0x20000000   0x174  <Init block>
    .data             inited   0x20000000    0x5c  piano.o [1]
    .data             inited   0x2000005c    0x1c  piano.o [1]
    __DLIB_PERTHREAD  inited   0x20000078    0x88  localeconv.o [3]
    __DLIB_PERTHREAD  inited   0x20000100    0x74  setlocale.o [3]
                             - 0x20000174   0x174

"P2", part 2 of 3:                         0x1800
  CSTACK                       0x20000178  0x1000  <Block>
    CSTACK            uninit   0x20000178  0x1000  <Block tail>
  HEAP                         0x20001178   0x800  <Block>
    HEAP              uninit   0x20001178   0x800  <Block tail>
                             - 0x20001978  0x1800

"P2", part 3 of 3:                          0x258
  .bss                zero     0x20001978   0x1d8  dlmalloc.o [3]
  .bss                zero     0x20001b50    0x38  piano.o [1]
  .bss                zero     0x20001b88    0x28  piano.o [1]
  .bss                zero     0x20001bb0    0x18  dlmalloc.o [3]
  .bss                zero     0x20001bc8     0x4  xgetmemchunk.o [3]
  .bss                zero     0x20001bcc     0x1  piano.o [1]
                             - 0x20001bcd   0x255


*******************************************************************************
*** INIT TABLE
***

          Address     Size
          -------     ----
Zero (__iar_zero_init3)
    1 destination range, total size 0x255:
          0x20001978  0x255

Copy/packbits (__iar_packbits_init_single3)
    1 source range, total size 0x50 (21% of destination):
          0x0800f09c   0x50
    1 destination range, total size 0x174:
          0x20000000  0x174



*******************************************************************************
*** MODULE SUMMARY
***

    Module                  ro code  ro data  rw data
    ------                  -------  -------  -------
C:\IAR Systems\oh-in-pe-\Output\Obj: [1]
    piano.o                  37 340   11 545      217
    startup_stm32f767xx.o       988
    -------------------------------------------------
    Total:                   38 328   11 545      217

command line: [2]
    -------------------------------------------------
    Total:

dl7M_tlf.a: [3]
    abort.o                       6
    div.o                        14
    dlmalloc.o                5 364               496
    exit.o                        4
    localeconv.o                108       30      136
    low_level_init.o              4
    setlocale.o                  20       25      116
    sprintf.o                    52
    xencoding_sb.o               96
    xgetmemchunk.o               44                 4
    xmbcurmax.o                  10
    xmbtowc.o                    32
    xprintffull.o             4 506
    xsprout.o                    10
    xtls.o                        2
    xwctomb.o                    26
    -------------------------------------------------
    Total:                   10 298       55      752

m7M_tlv.a: [4]
    DblCmpGe.o                   46
    DblCmpLe.o                   46
    DblDiv.o                     18
    DblMul.o                     18
    DblSub.o                     18
    DblToS32.o                   14
    DblToU32.o                   14
    S32ToDbl.o                   14
    U32ToDbl.o                   14
    fpinit_M.o                   34
    xdnorm.o                     68
    xdscale.o                   276
    -------------------------------------------------
    Total:                      580

rt7M_tl.a: [5]
    ABImemclr4.o                  6
    ABImemcpy_unaligned.o       118
    ABImemset48.o                50
    I64DivMod.o                 238
    I64DivZer.o                   2
    cexit.o                      10
    cmain.o                      26
    cstartup_M.o                 12
    data_init.o                  40
    memchr.o                     88
    packbits_init_single.o       56
    strchr.o                     22
    strlen.o                     54
    zero_init3.o                 64
    -------------------------------------------------
    Total:                      786

shb_l.a: [6]
    exit.o                       20
    -------------------------------------------------
    Total:                       20

    Gaps                         30        2
    Linker created                        32    6 144
-----------------------------------------------------
    Grand Total:             50 042   11 634    7 113


*******************************************************************************
*** ENTRY LIST
***

Entry                      Address    Size  Type      Object
-----                      -------    ----  ----      ------
.iar.init_table$$Base   0x0800ee5c           --   Gb  - Linker created -
.iar.init_table$$Limit  0x0800ee7c           --   Gb  - Linker created -
?main                   0x0800ee7d          Code  Gb  cmain.o [5]
Black_key               0x20001b88    0x28  Data  Gb  piano.o [1]
Black_key_Init          0x08008fb7    0x3c  Code  Gb  piano.o [1]
Block                   0x08008697    0x82  Code  Gb  piano.o [1]
CSTACK$$Base            0x20000178           --   Gb  - Linker created -
CSTACK$$Limit           0x20001178           --   Gb  - Linker created -
Delay_ms                0x08000553    0x18  Code  Gb  piano.o [1]
Delay_us                0x08000399   0x1ba  Code  Gb  piano.o [1]
Draw_Keys               0x08009015    0x5e  Code  Gb  piano.o [1]
Draw_line               0x08008d6f    0x56  Code  Gb  piano.o [1]
E_font                  0x08007d90   0x800  Data  Gb  piano.o [1]
FFT_REC                 0x08008ffd    0x18  Code  Gb  piano.o [1]
HEAP$$Base              0x20001178           --   Gb  - Linker created -
HEAP$$Limit             0x20001978           --   Gb  - Linker created -
Initialize_Debug_Screen
                        0x08009229    0x1c  Code  Gb  piano.o [1]
Initialize_MCU          0x080001fd   0x192  Code  Gb  piano.o [1]
Initialize_TFT_LCD      0x080005a3   0x276  Code  Gb  piano.o [1]
Initialize_TIM1         0x08008925    0x54  Code  Gb  piano.o [1]
Initialize_touch_screen
                        0x08008739    0x56  Code  Gb  piano.o [1]
IsBlackKeyTouching      0x20000018     0x8  Data  Gb  piano.o [1]
IsSelected              0x2000005c     0x1  Data  Gb  piano.o [1]
IsWhiteKeyTouching      0x20000010     0x8  Data  Gb  piano.o [1]
KG_font                 0x08002334  0x2d00  Data  Gb  piano.o [1]
KM_font                 0x0800c098  0x2d00  Data  Gb  piano.o [1]
KP_font                 0x08005090  0x2d00  Data  Gb  piano.o [1]
KS_Table                0x08000cbc  0x125c  Data  Gb  piano.o [1]
KS_code_conversion      0x08000c5b    0x38  Code  Gb  piano.o [1]
Key_Touch               0x080090b9    0xbc  Code  Gb  piano.o [1]
Key_input               0x0800056b    0x1c  Code  Gb  piano.o [1]
Key_input_handler       0x0800918f    0x60  Code  Gb  piano.o [1]
Kfont_type              0x2000000a     0x1  Data  Gb  piano.o [1]
Line                    0x08008591    0xaa  Code  Gb  piano.o [1]
LoadInt                 0x08009b3b    0x6e  Code  Lc  xprintffull.o [3]
MainScreenSetup         0x08008a89    0xbe  Code  Gb  piano.o [1]
Menu1                   0x08008ca3    0x8a  Code  Gb  piano.o [1]
Menu2                   0x08008f3d    0x38  Code  Gb  piano.o [1]
Menu_selected           0x20000034     0x4  Data  Gb  piano.o [1]
Piano_TILES             0x08008f7f    0x14  Code  Gb  piano.o [1]
Play_Note               0x08008ff3     0xa  Code  Gb  piano.o [1]
Read_ADS7846            0x0800878f    0x32  Code  Gb  piano.o [1]
Rectangle               0x08008651    0x46  Code  Gb  piano.o [1]
Region$$Table$$Base     0x0800ee5c           --   Gb  - Linker created -
Region$$Table$$Limit    0x0800ee7c           --   Gb  - Linker created -
Reset_Key_State         0x0800908b    0x2e  Code  Gb  piano.o [1]
ScreenMode              0x20000000     0x1  Data  Gb  piano.o [1]
Screen_Change_icon      0x08008b47   0x148  Code  Gb  piano.o [1]
SystemInit              0x080001f9     0x4  Code  Gb  piano.o [1]
TFT_English             0x08000a2d   0x222  Code  Gb  piano.o [1]
TFT_GRAM_address        0x080008c9    0x56  Code  Gb  piano.o [1]
TFT_Korean              0x08001f19   0x370  Code  Gb  piano.o [1]
TFT_color_screen        0x080008a7    0x22  Code  Gb  piano.o [1]
TFT_command             0x08000835    0x2e  Code  Gb  piano.o [1]
TFT_data                0x08000865    0x2c  Code  Gb  piano.o [1]
TFT_pixel               0x08000925    0x68  Code  Gb  piano.o [1]
TFT_string              0x080009bd    0x36  Code  Gb  piano.o [1]
TFT_write               0x08000897    0x10  Code  Gb  piano.o [1]
Touch_screen_input      0x080087d1   0x102  Code  Gb  piano.o [1]
White_key               0x20001b50    0x38  Data  Gb  piano.o [1]
White_key_Init          0x08008f93    0x24  Code  Gb  piano.o [1]
Xcharacter              0x20000003     0x1  Data  Gb  piano.o [1]
XcharacterLimit         0x20000001     0x1  Data  Gb  piano.o [1]
Xcursor                 0x20000005     0x1  Data  Gb  piano.o [1]
Ycharacter              0x20000004     0x1  Data  Gb  piano.o [1]
YcharacterLimit         0x20000002     0x1  Data  Gb  piano.o [1]
Ycursor                 0x20000006     0x1  Data  Gb  piano.o [1]
_EncodingSb_Mbtowc      0x0800c007    0x30  Code  Gb  xencoding_sb.o [3]
_EncodingSb_Mbtowc::initial
                        0x0800c044     0x8  Data  Lc  xencoding_sb.o [3]
_EncodingSb_Wctomb      0x0800bfed    0x1a  Code  Gb  xencoding_sb.o [3]
_EncodingSb_Wctomb::initial
                        0x0800c03c     0x8  Data  Lc  xencoding_sb.o [3]
_GenldFull              0x0800a3c1   0x254  Code  Lc  xprintffull.o [3]
_IsdstStr               0x20000104     0x4  Data  Gb  setlocale.o [3]
_LdtobFull              0x08009fc1   0x3fa  Code  Lc  xprintffull.o [3]
_LitobFull              0x08009eb5   0x10a  Code  Lc  xprintffull.o [3]
_LocaleEncoding         0x0800bfd9     0xe  Code  Gb  setlocale.o [3]
_LocaleReturnString     0x20000124    0x50  Data  Lc  setlocale.o [3]
_Locale_Profile         0x20000108    0x1c  Data  Gb  setlocale.o [3]
_Locale_aeabi_lconv     0x200000c8    0x38  Data  Gb  localeconv.o [3]
_Locale_lconv           0x20000078    0x50  Data  Gb  localeconv.o [3]
_Mbtowc                 0x0800a65f    0x20  Code  Gb  xmbtowc.o [3]
_PrintfFull             0x080094c5   0x660  Code  Gb  xprintffull.o [3]
_PutcharsFull           0x0800a615    0x2e  Code  Lc  xprintffull.o [3]
_PutstrFull             0x08009ba9   0x306  Code  Lc  xprintffull.o [3]
_SProut                 0x080093db     0xa  Code  Gb  xsprout.o [3]
_TzoneStr               0x20000100     0x4  Data  Gb  setlocale.o [3]
_Wctomb                 0x0800bc29    0x1a  Code  Gb  xwctomb.o [3]
__aeabi_cdcmple         0x0800bd79          Code  Gb  DblCmpLe.o [4]
__aeabi_cdrcmple        0x0800bda9          Code  Gb  DblCmpGe.o [4]
__aeabi_d2iz            0x0800beed     0xe  Code  Gb  DblToS32.o [4]
__aeabi_d2uiz           0x0800bf3f     0xe  Code  Gb  DblToU32.o [4]
__aeabi_ddiv            0x0800bf2d    0x12  Code  Gb  DblDiv.o [4]
__aeabi_dmul            0x0800bf1b    0x12  Code  Gb  DblMul.o [4]
__aeabi_dsub            0x0800bf09    0x12  Code  Gb  DblSub.o [4]
__aeabi_i2d             0x0800befb     0xe  Code  Gb  S32ToDbl.o [4]
__aeabi_ldiv0           0x0800c081          Code  Gb  I64DivZer.o [5]
__aeabi_memclr4         0x080093d5          Code  Gb  ABImemclr4.o [5]
__aeabi_ui2d            0x0800bf4d     0xe  Code  Gb  U32ToDbl.o [4]
__aeabi_uldivmod        0x0800bc45          Code  Gb  I64DivMod.o [5]
__cmain                 0x0800ee7d          Code  Gb  cmain.o [5]
__data_GetMemChunk      0x0800c055    0x2c  Code  Gb  xgetmemchunk.o [3]
__data_GetMemChunk::start
                        0x20001bc8     0x4  Data  Lc  xgetmemchunk.o [3]
__exit                  0x0800c085    0x14  Code  Gb  exit.o [6]
__iar_Dnorm             0x0800bd33    0x44  Code  Gb  xdnorm.o [4]
__iar_Dscale            0x0800bdd9   0x114  Code  Gb  xdscale.o [4]
__iar_Locale_lconv_init
                        0x0800bf5d    0x3a  Code  Gb  localeconv.o [3]
__iar_Mbcurmax          0x0800a729     0xa  Code  Gb  xmbcurmax.o [3]
__iar_Memchr            0x0800a6d1          Code  Gb  memchr.o [5]
__iar_Memset4_word      0x08009491          Code  Gb  ABImemset48.o [5]
__iar_Memset8_word      0x08009491          Code  Gb  ABImemset48.o [5]
__iar_Strchr            0x0800a681          Code  Gb  strchr.o [5]
__iar_data_init3        0x0800ee11    0x28  Code  Gb  data_init.o [5]
__iar_dlfree            0x0800b707   0x51a  Code  Gb  dlmalloc.o [3]
__iar_dlib_perthread_access
                        0x0800c083     0x2  Code  Gb  xtls.o [3]
__iar_dlmalloc          0x0800b451   0x2aa  Code  Gb  dlmalloc.o [3]
__iar_init_vfp          0x0800ee39          Code  Gb  fpinit_M.o [4]
__iar_packbits_init_single3
                        0x0800edd9    0x38  Code  Gb  packbits_init_single.o [5]
__iar_program_start     0x0800eebd          Code  Gb  cstartup_M.o [5]
__iar_unaligned___aeabi_memcpy
                        0x080093e5          Code  Gb  ABImemcpy_unaligned.o [5]
__iar_unaligned___aeabi_memcpy4
                        0x08009405          Code  Gb  ABImemcpy_unaligned.o [5]
__iar_unaligned___aeabi_memcpy8
                        0x08009405          Code  Gb  ABImemcpy_unaligned.o [5]
__iar_zero_init3        0x0800ed99    0x40  Code  Gb  zero_init3.o [5]
__low_level_init        0x0800ee97     0x4  Code  Gb  low_level_init.o [3]
__vector_table          0x08000000          Data  Gb  startup_stm32f767xx.o [1]
_call_main              0x0800ee89          Code  Gb  cmain.o [5]
_exit                   0x0800eea1          Code  Gb  cexit.o [5]
_gm_                    0x20001978   0x1d8  Data  Lc  dlmalloc.o [3]
_main                   0x0800ee93          Code  Gb  cmain.o [5]
abort                   0x0800c04d     0x6  Code  Gb  abort.o [3]
background              0x20000028     0x2  Data  Gb  piano.o [1]
bar                     0x20000060    0x18  Data  Gb  piano.o [1]
bul_cho1                0x080022ec    0x18  Data  Gb  piano.o [1]
bul_cho2                0x0800231c    0x18  Data  Gb  piano.o [1]
bul_jong                0x08002304    0x18  Data  Gb  piano.o [1]
cursor                  0x20000020     0x2  Data  Gb  piano.o [1]
cursor_flag             0x20000007     0x1  Data  Gb  piano.o [1]
div                     0x0800bfc9     0xe  Code  Gb  div.o [3]
exit                    0x0800ee9b     0x4  Code  Gb  exit.o [3]
foreground              0x20000026     0x2  Data  Gb  piano.o [1]
graph_piano_mode        0x20000038     0x4  Data  Gb  piano.o [1]
icon_flag1              0x2000000b     0x1  Data  Gb  piano.o [1]
icon_flag2              0x2000000c     0x1  Data  Gb  piano.o [1]
init_mparams            0x0800a751    0x32  Code  Lc  dlmalloc.o [3]
init_top                0x0800a783    0x34  Code  Lc  dlmalloc.o [3]
key_flag                0x20001bcc     0x1  Data  Gb  piano.o [1]
localeconv              0x0800bf97    0x16  Code  Gb  localeconv.o [3]
main                    0x08008979   0x10e  Code  Gb  piano.o [1]
memchr                  0x0800a6d1          Code  Gb  memchr.o [5]
mparams                 0x20001bb0    0x18  Data  Lc  dlmalloc.o [3]
notes                   0x2000003c    0x20  Data  Gb  piano.o [1]
outline                 0x20000024     0x2  Data  Gb  piano.o [1]
outline_flag            0x20000009     0x1  Data  Gb  piano.o [1]
prepend_alloc           0x0800a7b7   0x372  Code  Lc  dlmalloc.o [3]
process_key1            0x08008dcb    0x16  Code  Gb  piano.o [1]
process_key2            0x08008de1    0x40  Code  Gb  piano.o [1]
process_key3            0x08008e21    0x40  Code  Gb  piano.o [1]
segment_holding         0x0800a735    0x1c  Code  Lc  dlmalloc.o [3]
sprintf                 0x0800945d    0x34  Code  Gb  sprintf.o [3]
strchr                  0x0800a681          Code  Gb  strchr.o [5]
strlen                  0x0800a699          Code  Gb  strlen.o [5]
sys_alloc               0x0800ab29   0x388  Code  Lc  dlmalloc.o [3]
table_cho               0x08002294    0x18  Data  Gb  piano.o [1]
table_jong              0x080022cc    0x20  Data  Gb  piano.o [1]
table_joong             0x080022ac    0x20  Data  Gb  piano.o [1]
tmalloc_large           0x0800aebd   0x380  Code  Lc  dlmalloc.o [3]
tmalloc_small           0x0800b23d   0x206  Code  Lc  dlmalloc.o [3]
underscore              0x20000022     0x2  Data  Gb  piano.o [1]
underscore_flag         0x20000008     0x1  Data  Gb  piano.o [1]
update_Main1_UI         0x08008e65    0xca  Code  Gb  piano.o [1]
x_12bit                 0x2000002a     0x2  Data  Gb  piano.o [1]
x_touch                 0x2000002e     0x2  Data  Gb  piano.o [1]
y_12bit                 0x2000002c     0x2  Data  Gb  piano.o [1]
y_touch                 0x20000030     0x2  Data  Gb  piano.o [1]


[1] = C:\IAR Systems\oh-in-pe-\Output\Obj
[2] = command line
[3] = dl7M_tlf.a
[4] = m7M_tlv.a
[5] = rt7M_tl.a
[6] = shb_l.a

  50 042 bytes of readonly  code memory
  11 634 bytes of readonly  data memory
   7 113 bytes of readwrite data memory

Errors: none
Warnings: none
