###############################################################################
#
# IAR ELF Linker V7.80.4.12462/W32 for ARM                30/Nov/2024  03:30:43
# Copyright 2007-2017 IAR Systems AB.
#
#    Output file  =  C:\IAR Systems\oh-in-pe-\Output\Exe\OK-STM767.out
#    Map file     =  C:\IAR Systems\oh-in-pe-\Output\List\OK-STM767.map
#    Command line =  
#        "C:\IAR Systems\oh-in-pe-\Output\Obj\complex.o" "C:\IAR
#        Systems\oh-in-pe-\Output\Obj\fft.o" "C:\IAR
#        Systems\oh-in-pe-\Output\Obj\FFT_WAV.o" "C:\IAR
#        Systems\oh-in-pe-\Output\Obj\startup_stm32f767xx.o" --redirect
#        _Printf=_PrintfFull --redirect _Scanf=_ScanfFull -o "C:\IAR
#        Systems\oh-in-pe-\Output\Exe\OK-STM767.out" --map "C:\IAR
#        Systems\oh-in-pe-\Output\List\OK-STM767.map" --config "C:\IAR
#        Systems\oh-in-pe-\Linker\stm32f767xx_flash.icf" --semihosting --entry
#        __iar_program_start "C:\Program Files (x86)\IAR Systems\Embedded
#        Workbench 7.5_2\arm\CMSIS\Lib\IAR\iar_cortexM7lf_math.a" --vfe
#
###############################################################################

*******************************************************************************
*** RUNTIME MODEL ATTRIBUTES
***

CppFlavor       = *
__Heap_Handler  = DLMalloc
__SystemLibrary = DLib


*******************************************************************************
*** PLACEMENT SUMMARY
***

"A0":  place at 0x08000000 { ro section .intvec };
"P1":  place in [from 0x08000000 to 0x081fffff] { ro };
"P2":  place in [from 0x20000000 to 0x2007ffff] { rw, block CSTACK, block HEAP };
initialize by copy { rw };

  Section             Kind        Address    Size  Object
  -------             ----        -------    ----  ------
"A0":                                       0x1f8
  .intvec             ro code  0x08000000   0x1f8  startup_stm32f767xx.o [1]
                             - 0x080001f8   0x1f8

"P1":                                      0xc644
  .text               ro code  0x080001f8  0x8bac  FFT_WAV.o [1]
  .text               ro code  0x08008da4     0x6  ABImemclr4.o [5]
  .text               ro code  0x08008dac    0x76  ABImemcpy_unaligned.o [5]
  .text               ro code  0x08008e24    0x1c  sqrtf.o [4]
  .text               ro code  0x08008e40   0x1f8  xlog.o [4]
  .text               ro code  0x08009038   0x188  fft.o [1]
  .text               ro code  0x080091c0    0x32  ABImemset48.o [5]
  .text               ro code  0x080091f4     0xc  iarEdom.o [5]
  .text               ro code  0x08009200    0x44  xdnorm.o [4]
  .text               ro code  0x08009244     0xc  errno.o [3]
  .text               ro code  0x08009250   0x25c  xsin.o [4]
  .text               ro code  0x080094ac     0x2  xtls.o [3]
  .text               ro code  0x080094b0   0x124  xquad.o [4]
  .text               ro code  0x080095d4    0x7e  xdint.o [4]
  .text               ro code  0x08009654   0x1c8  fmod.o [4]
  .rodata             const    0x0800981c  0x2d00  FFT_WAV.o [1]
  .text               ro code  0x0800c51c    0x40  zero_init3.o [5]
  .text               ro code  0x0800c55c    0x38  packbits_init_single.o [5]
  .text               ro code  0x0800c594    0x28  data_init.o [5]
  .text               ro code  0x0800c5bc    0x22  fpinit_M.o [4]
  .iar.init_table     const    0x0800c5e0    0x20  - Linker created -
  .text               ro code  0x0800c600    0x1a  cmain.o [5]
  .text               ro code  0x0800c61a     0x4  low_level_init.o [3]
  .text               ro code  0x0800c61e     0x4  exit.o [3]
  .text               ro code  0x0800c624     0xa  cexit.o [5]
  .text               ro code  0x0800c630    0x14  exit.o [6]
  .text               ro code  0x0800c644    0x10  startup_stm32f767xx.o [1]
  .text               ro code  0x0800c654     0xc  cstartup_M.o [5]
  .text               ro code  0x0800c660     0x4  startup_stm32f767xx.o [1]
  .text               ro code  0x0800c664     0x4  startup_stm32f767xx.o [1]
  .text               ro code  0x0800c668     0x4  startup_stm32f767xx.o [1]
  .text               ro code  0x0800c66c     0x4  startup_stm32f767xx.o [1]
  .text               ro code  0x0800c670     0x4  startup_stm32f767xx.o [1]
  .text               ro code  0x0800c674     0x4  startup_stm32f767xx.o [1]
  .text               ro code  0x0800c678     0x4  startup_stm32f767xx.o [1]
  .text               ro code  0x0800c67c     0x4  startup_stm32f767xx.o [1]
  .text               ro code  0x0800c680     0x4  startup_stm32f767xx.o [1]
  .text               ro code  0x0800c684     0x4  startup_stm32f767xx.o [1]
  .text               ro code  0x0800c688     0x4  startup_stm32f767xx.o [1]
  .text               ro code  0x0800c68c     0x4  startup_stm32f767xx.o [1]
  .text               ro code  0x0800c690     0x4  startup_stm32f767xx.o [1]
  .text               ro code  0x0800c694     0x4  startup_stm32f767xx.o [1]
  .text               ro code  0x0800c698     0x4  startup_stm32f767xx.o [1]
  .text               ro code  0x0800c69c     0x4  startup_stm32f767xx.o [1]
  .text               ro code  0x0800c6a0     0x4  startup_stm32f767xx.o [1]
  .text               ro code  0x0800c6a4     0x4  startup_stm32f767xx.o [1]
  .text               ro code  0x0800c6a8     0x4  startup_stm32f767xx.o [1]
  .text               ro code  0x0800c6ac     0x4  startup_stm32f767xx.o [1]
  .text               ro code  0x0800c6b0     0x4  startup_stm32f767xx.o [1]
  .text               ro code  0x0800c6b4     0x4  startup_stm32f767xx.o [1]
  .text               ro code  0x0800c6b8     0x4  startup_stm32f767xx.o [1]
  .text               ro code  0x0800c6bc     0x4  startup_stm32f767xx.o [1]
  .text               ro code  0x0800c6c0     0x4  startup_stm32f767xx.o [1]
  .text               ro code  0x0800c6c4     0x4  startup_stm32f767xx.o [1]
  .text               ro code  0x0800c6c8     0x4  startup_stm32f767xx.o [1]
  .text               ro code  0x0800c6cc     0x4  startup_stm32f767xx.o [1]
  .text               ro code  0x0800c6d0     0x4  startup_stm32f767xx.o [1]
  .text               ro code  0x0800c6d4     0x4  startup_stm32f767xx.o [1]
  .text               ro code  0x0800c6d8     0x4  startup_stm32f767xx.o [1]
  .text               ro code  0x0800c6dc     0x4  startup_stm32f767xx.o [1]
  .text               ro code  0x0800c6e0     0x4  startup_stm32f767xx.o [1]
  .text               ro code  0x0800c6e4     0x4  startup_stm32f767xx.o [1]
  .text               ro code  0x0800c6e8     0x4  startup_stm32f767xx.o [1]
  .text               ro code  0x0800c6ec     0x4  startup_stm32f767xx.o [1]
  .text               ro code  0x0800c6f0     0x4  startup_stm32f767xx.o [1]
  .text               ro code  0x0800c6f4     0x4  startup_stm32f767xx.o [1]
  .text               ro code  0x0800c6f8     0x4  startup_stm32f767xx.o [1]
  .text               ro code  0x0800c6fc     0x4  startup_stm32f767xx.o [1]
  .text               ro code  0x0800c700     0x4  startup_stm32f767xx.o [1]
  .text               ro code  0x0800c704     0x4  startup_stm32f767xx.o [1]
  .text               ro code  0x0800c708     0x4  startup_stm32f767xx.o [1]
  .text               ro code  0x0800c70c     0x4  startup_stm32f767xx.o [1]
  .text               ro code  0x0800c710     0x4  startup_stm32f767xx.o [1]
  .text               ro code  0x0800c714     0x4  startup_stm32f767xx.o [1]
  .text               ro code  0x0800c718     0x4  startup_stm32f767xx.o [1]
  .text               ro code  0x0800c71c     0x4  startup_stm32f767xx.o [1]
  .text               ro code  0x0800c720     0x4  startup_stm32f767xx.o [1]
  .text               ro code  0x0800c724     0x4  startup_stm32f767xx.o [1]
  .text               ro code  0x0800c728     0x4  startup_stm32f767xx.o [1]
  .text               ro code  0x0800c72c     0x4  startup_stm32f767xx.o [1]
  .text               ro code  0x0800c730     0x4  startup_stm32f767xx.o [1]
  .text               ro code  0x0800c734     0x4  startup_stm32f767xx.o [1]
  .text               ro code  0x0800c738     0x4  startup_stm32f767xx.o [1]
  .text               ro code  0x0800c73c     0x4  startup_stm32f767xx.o [1]
  .text               ro code  0x0800c740     0x4  startup_stm32f767xx.o [1]
  .text               ro code  0x0800c744     0x4  startup_stm32f767xx.o [1]
  .text               ro code  0x0800c748     0x4  startup_stm32f767xx.o [1]
  .text               ro code  0x0800c74c     0x4  startup_stm32f767xx.o [1]
  .text               ro code  0x0800c750     0x4  startup_stm32f767xx.o [1]
  .text               ro code  0x0800c754     0x4  startup_stm32f767xx.o [1]
  .text               ro code  0x0800c758     0x4  startup_stm32f767xx.o [1]
  .text               ro code  0x0800c75c     0x4  startup_stm32f767xx.o [1]
  .text               ro code  0x0800c760     0x4  startup_stm32f767xx.o [1]
  .text               ro code  0x0800c764     0x4  startup_stm32f767xx.o [1]
  .text               ro code  0x0800c768     0x4  startup_stm32f767xx.o [1]
  .text               ro code  0x0800c76c     0x4  startup_stm32f767xx.o [1]
  .text               ro code  0x0800c770     0x4  startup_stm32f767xx.o [1]
  .text               ro code  0x0800c774     0x4  startup_stm32f767xx.o [1]
  .text               ro code  0x0800c778     0x4  startup_stm32f767xx.o [1]
  .text               ro code  0x0800c77c     0x4  startup_stm32f767xx.o [1]
  .text               ro code  0x0800c780     0x4  startup_stm32f767xx.o [1]
  .text               ro code  0x0800c784     0x4  startup_stm32f767xx.o [1]
  .text               ro code  0x0800c788     0x4  startup_stm32f767xx.o [1]
  .text               ro code  0x0800c78c     0x4  startup_stm32f767xx.o [1]
  .text               ro code  0x0800c790     0x4  startup_stm32f767xx.o [1]
  .text               ro code  0x0800c794     0x4  startup_stm32f767xx.o [1]
  .text               ro code  0x0800c798     0x4  startup_stm32f767xx.o [1]
  .text               ro code  0x0800c79c     0x4  startup_stm32f767xx.o [1]
  .text               ro code  0x0800c7a0     0x4  startup_stm32f767xx.o [1]
  .text               ro code  0x0800c7a4     0x4  startup_stm32f767xx.o [1]
  .text               ro code  0x0800c7a8     0x4  startup_stm32f767xx.o [1]
  .text               ro code  0x0800c7ac     0x4  startup_stm32f767xx.o [1]
  .text               ro code  0x0800c7b0     0x4  startup_stm32f767xx.o [1]
  .text               ro code  0x0800c7b4     0x4  startup_stm32f767xx.o [1]
  .text               ro code  0x0800c7b8     0x4  startup_stm32f767xx.o [1]
  .text               ro code  0x0800c7bc     0x4  startup_stm32f767xx.o [1]
  .text               ro code  0x0800c7c0     0x4  startup_stm32f767xx.o [1]
  .text               ro code  0x0800c7c4     0x4  startup_stm32f767xx.o [1]
  .text               ro code  0x0800c7c8     0x4  startup_stm32f767xx.o [1]
  .text               ro code  0x0800c7cc     0x4  startup_stm32f767xx.o [1]
  .text               ro code  0x0800c7d0     0x4  startup_stm32f767xx.o [1]
  .text               ro code  0x0800c7d4     0x4  startup_stm32f767xx.o [1]
  .text               ro code  0x0800c7d8     0x4  startup_stm32f767xx.o [1]
  .text               ro code  0x0800c7dc     0x4  startup_stm32f767xx.o [1]
  .text               ro code  0x0800c7e0     0x4  startup_stm32f767xx.o [1]
  .text               ro code  0x0800c7e4     0x4  startup_stm32f767xx.o [1]
  .text               ro code  0x0800c7e8     0x4  startup_stm32f767xx.o [1]
  .text               ro code  0x0800c7ec     0x4  startup_stm32f767xx.o [1]
  .text               ro code  0x0800c7f0     0x4  startup_stm32f767xx.o [1]
  .text               ro code  0x0800c7f4     0x4  startup_stm32f767xx.o [1]
  .text               ro code  0x0800c7f8     0x4  startup_stm32f767xx.o [1]
  .text               ro code  0x0800c7fc     0x4  startup_stm32f767xx.o [1]
  .text               ro code  0x0800c800     0x4  startup_stm32f767xx.o [1]
  .text               ro code  0x0800c804     0x4  startup_stm32f767xx.o [1]
  .text               ro code  0x0800c808     0x4  startup_stm32f767xx.o [1]
  .text               ro code  0x0800c80c     0x4  startup_stm32f767xx.o [1]
  .text               ro code  0x0800c810     0x4  startup_stm32f767xx.o [1]
  .text               ro code  0x0800c814     0x4  startup_stm32f767xx.o [1]
  .text               ro code  0x0800c818     0x4  startup_stm32f767xx.o [1]
  .text               ro code  0x0800c81c     0x4  startup_stm32f767xx.o [1]
  .text               ro code  0x0800c820     0x4  startup_stm32f767xx.o [1]
  .text               ro code  0x0800c824     0x4  startup_stm32f767xx.o [1]
  .text               ro code  0x0800c828     0x4  startup_stm32f767xx.o [1]
  .text               ro code  0x0800c82c     0x4  startup_stm32f767xx.o [1]
  .rodata             const    0x0800c830     0x0  zero_init3.o [5]
  .rodata             const    0x0800c830     0x0  packbits_init_single.o [5]
  Initializer bytes   const    0x0800c830     0xc  <for P2-1>
                             - 0x0800c83c  0xc644

"P2", part 1 of 3:                           0x22
  P2-1                         0x20000000    0x22  <Init block>
    __DLIB_PERTHREAD  inited   0x20000000     0x4  errno.o [3]
    .data             inited   0x20000004    0x1e  FFT_WAV.o [1]
                             - 0x20000022    0x22

"P2", part 2 of 3:                         0x1000
  CSTACK                       0x20000028  0x1000  <Block>
    CSTACK            uninit   0x20000028  0x1000  <Block tail>
                             - 0x20001028  0x1000

"P2", part 3 of 3:                         0x7038
  .bss                zero     0x20001028  0x5000  FFT_WAV.o [1]
  .bss                zero     0x20006028  0x2000  FFT_WAV.o [1]
  .bss                zero     0x20008028    0x34  FFT_WAV.o [1]
  .bss                zero     0x2000805c     0x1  FFT_WAV.o [1]
                             - 0x2000805d  0x7035


*******************************************************************************
*** INIT TABLE
***

          Address     Size
          -------     ----
Zero (__iar_zero_init3)
    1 destination range, total size 0x7035:
          0x20001028  0x7035

Copy/packbits (__iar_packbits_init_single3)
    1 source range, total size 0xc (35% of destination):
          0x0800c830     0xc
    1 destination range, total size 0x22:
          0x20000000    0x22



*******************************************************************************
*** MODULE SUMMARY
***

    Module                  ro code  ro data  rw data
    ------                  -------  -------  -------
C:\IAR Systems\oh-in-pe-\Output\Obj: [1]
    FFT_WAV.o                35 756   11 531   28 755
    fft.o                       392
    startup_stm32f767xx.o       984
    -------------------------------------------------
    Total:                   37 132   11 531   28 755

command line: [2]
    -------------------------------------------------
    Total:

dl7M_tlf.a: [3]
    errno.o                      12        1        4
    exit.o                        4
    low_level_init.o              4
    xtls.o                        2
    -------------------------------------------------
    Total:                       22        1        4

m7M_tlv.a: [4]
    fmod.o                      456
    fpinit_M.o                   34
    sqrtf.o                      28
    xdint.o                     126
    xdnorm.o                     68
    xlog.o                      504
    xquad.o                     292
    xsin.o                      604
    -------------------------------------------------
    Total:                    2 112

rt7M_tl.a: [5]
    ABImemclr4.o                  6
    ABImemcpy_unaligned.o       118
    ABImemset48.o                50
    cexit.o                      10
    cmain.o                      26
    cstartup_M.o                 12
    data_init.o                  40
    iarEdom.o                    12
    packbits_init_single.o       56
    zero_init3.o                 64
    -------------------------------------------------
    Total:                      394

shb_l.a: [6]
    exit.o                       20
    -------------------------------------------------
    Total:                       20

    Gaps                         14        2
    Linker created                        32    4 096
-----------------------------------------------------
    Grand Total:             39 694   11 566   32 855


*******************************************************************************
*** ENTRY LIST
***

Entry                      Address    Size  Type      Object
-----                      -------    ----  ----      ------
.iar.init_table$$Base   0x0800c5e0           --   Gb  - Linker created -
.iar.init_table$$Limit  0x0800c600           --   Gb  - Linker created -
?main                   0x0800c601          Code  Gb  cmain.o [5]
CSTACK$$Base            0x20000028           --   Gb  - Linker created -
CSTACK$$Limit           0x20001028           --   Gb  - Linker created -
Clear_FFT_Display       0x08008c6b    0x24  Code  Gb  FFT_WAV.o [1]
Delay_ms                0x08000553    0x18  Code  Gb  FFT_WAV.o [1]
Delay_us                0x08000399   0x1ba  Code  Gb  FFT_WAV.o [1]
Display_FFT_screen      0x08008a49   0x216  Code  Gb  FFT_WAV.o [1]
Draw_FFT                0x08008c8f    0x34  Code  Gb  FFT_WAV.o [1]
E_font                  0x08007eb8   0x800  Data  Gb  FFT_WAV.o [1]
FFT_buffer              0x20006028  0x2000  Data  Gb  FFT_WAV.o [1]
FFT_count               0x2000802a     0x2  Data  Gb  FFT_WAV.o [1]
FFT_flag                0x20008028     0x1  Data  Gb  FFT_WAV.o [1]
FFT_output              0x20005028  0x1000  Data  Gb  FFT_WAV.o [1]
Initialize_LCD          0x0800056f    0x86  Code  Gb  FFT_WAV.o [1]
Initialize_MCU          0x080001fd   0x192  Code  Gb  FFT_WAV.o [1]
Initialize_TFT_LCD      0x08000623   0x27e  Code  Gb  FFT_WAV.o [1]
KG_font                 0x080023c0  0x2d00  Data  Gb  FFT_WAV.o [1]
KM_font                 0x0800981c  0x2d00  Data  Gb  FFT_WAV.o [1]
KP_font                 0x0800511c  0x2d00  Data  Gb  FFT_WAV.o [1]
KS_Table                0x08000d48  0x125c  Data  Gb  FFT_WAV.o [1]
KS_code_conversion      0x08000ceb    0x38  Code  Gb  FFT_WAV.o [1]
Kfont_type              0x2000000e     0x1  Data  Gb  FFT_WAV.o [1]
LCD_command             0x080005f5     0xc  Code  Gb  FFT_WAV.o [1]
Line                    0x080086b9    0xaa  Code  Gb  FFT_WAV.o [1]
Rectangle               0x08008779    0x46  Code  Gb  FFT_WAV.o [1]
Region$$Table$$Base     0x0800c5e0           --   Gb  - Linker created -
Region$$Table$$Limit    0x0800c600           --   Gb  - Linker created -
ScreenMode              0x20000004     0x1  Data  Gb  FFT_WAV.o [1]
SystemInit              0x080001f9     0x4  Code  Gb  FFT_WAV.o [1]
TFT_English             0x08000abd   0x222  Code  Gb  FFT_WAV.o [1]
TFT_English_pixel       0x08007e1d    0x9a  Code  Gb  FFT_WAV.o [1]
TFT_GRAM_address        0x0800094d    0x56  Code  Gb  FFT_WAV.o [1]
TFT_Korean              0x08001fa5   0x370  Code  Gb  FFT_WAV.o [1]
TFT_color               0x080009a9     0xa  Code  Gb  FFT_WAV.o [1]
TFT_color_screen        0x0800092b    0x22  Code  Gb  FFT_WAV.o [1]
TFT_command             0x080008b9    0x2e  Code  Gb  FFT_WAV.o [1]
TFT_data                0x080008e9    0x2c  Code  Gb  FFT_WAV.o [1]
TFT_pixel               0x080009b3    0x68  Code  Gb  FFT_WAV.o [1]
TFT_string              0x08000a4d    0x36  Code  Gb  FFT_WAV.o [1]
TFT_write               0x0800091b    0x10  Code  Gb  FFT_WAV.o [1]
TIM7_IRQHandler         0x08008819    0x5e  Code  Gb  FFT_WAV.o [1]
Xcharacter              0x20000007     0x1  Data  Gb  FFT_WAV.o [1]
XcharacterLimit         0x20000005     0x1  Data  Gb  FFT_WAV.o [1]
Xcursor                 0x20000009     0x1  Data  Gb  FFT_WAV.o [1]
Ycharacter              0x20000008     0x1  Data  Gb  FFT_WAV.o [1]
YcharacterLimit         0x20000006     0x1  Data  Gb  FFT_WAV.o [1]
Ycursor                 0x2000000a     0x1  Data  Gb  FFT_WAV.o [1]
__aeabi_errno_addr      0x08009245     0x6  Code  Gb  errno.o [3]
__aeabi_memclr4         0x08008da5          Code  Gb  ABImemclr4.o [5]
__cmain                 0x0800c601          Code  Gb  cmain.o [5]
__exit                  0x0800c631    0x14  Code  Gb  exit.o [6]
__iar_Dint              0x080095d5    0x7e  Code  Gb  xdint.o [4]
__iar_Dnorm             0x08009201    0x44  Code  Gb  xdnorm.o [4]
__iar_Errno             0x20000000     0x4  Data  Gb  errno.o [3]
__iar_Log               0x08008e41   0x156  Code  Gb  xlog.o [4]
__iar_Memset4_word      0x080091c1          Code  Gb  ABImemset48.o [5]
__iar_Memset8_word      0x080091c1          Code  Gb  ABImemset48.o [5]
__iar_Quad              0x080094b1    0xca  Code  Gb  xquad.o [4]
__iar_Sin               0x08009251   0x19e  Code  Gb  xsin.o [4]
__iar_data_init3        0x0800c595    0x28  Code  Gb  data_init.o [5]
__iar_dlib_perthread_access
                        0x080094ad     0x2  Code  Gb  xtls.o [3]
__iar_edom              0x080091f5          Code  Gb  iarEdom.o [5]
__iar_init_vfp          0x0800c5bd          Code  Gb  fpinit_M.o [4]
__iar_packbits_init_single3
                        0x0800c55d    0x38  Code  Gb  packbits_init_single.o [5]
__iar_program_start     0x0800c655          Code  Gb  cstartup_M.o [5]
__iar_softfp_fmod       0x0800965d          Code  Gb  fmod.o [4]
__iar_softfp_fmodl      0x0800965d          Code  Gb  fmod.o [4]
__iar_unaligned___aeabi_memcpy
                        0x08008dad          Code  Gb  ABImemcpy_unaligned.o [5]
__iar_unaligned___aeabi_memcpy4
                        0x08008dcd          Code  Gb  ABImemcpy_unaligned.o [5]
__iar_unaligned___aeabi_memcpy8
                        0x08008dcd          Code  Gb  ABImemcpy_unaligned.o [5]
__iar_zero_init3        0x0800c51d    0x40  Code  Gb  zero_init3.o [5]
__low_level_init        0x0800c61b     0x4  Code  Gb  low_level_init.o [3]
__vector_table          0x08000000          Data  Gb  startup_stm32f767xx.o [1]
_call_main              0x0800c60d          Code  Gb  cmain.o [5]
_exit                   0x0800c625          Code  Gb  cexit.o [5]
_main                   0x0800c617          Code  Gb  cmain.o [5]
apply_moving_avg        0x080087db    0x3c  Code  Gb  FFT_WAV.o [1]
background              0x20000018     0x2  Data  Gb  FFT_WAV.o [1]
bul_cho1                0x08002378    0x18  Data  Gb  FFT_WAV.o [1]
bul_cho2                0x080023a8    0x18  Data  Gb  FFT_WAV.o [1]
bul_jong                0x08002390    0x18  Data  Gb  FFT_WAV.o [1]
cursor                  0x20000010     0x2  Data  Gb  FFT_WAV.o [1]
cursor_flag             0x2000000b     0x1  Data  Gb  FFT_WAV.o [1]
display_info            0x08008ccd    0x46  Code  Gb  FFT_WAV.o [1]
display_info::blink     0x2000805c     0x1  Data  Lc  FFT_WAV.o [1]
do_fft                  0x08008941    0xee  Code  Gb  FFT_WAV.o [1]
exit                    0x0800c61f     0x4  Code  Gb  exit.o [3]
fft_buffer_pool         0x20001028  0x4000  Data  Gb  FFT_WAV.o [1]
ffti_evaluate_f         0x0800909d   0x10c  Code  Gb  fft.o [1]
ffti_f                  0x08009039    0x18  Code  Gb  fft.o [1]
ffti_shuffle_f          0x08009051    0x4c  Code  Gb  fft.o [1]
fmod                    0x08009655          Code  Gb  fmod.o [4]
fmodl                   0x08009655          Code  Gb  fmod.o [4]
foreground              0x20000016     0x2  Data  Gb  FFT_WAV.o [1]
main                    0x08008879    0xc6  Code  Gb  FFT_WAV.o [1]
moving_avg_buffer       0x2000802c    0x28  Data  Gb  FFT_WAV.o [1]
moving_avg_index        0x20008054     0x4  Data  Gb  FFT_WAV.o [1]
moving_avg_sum          0x20008058     0x4  Data  Gb  FFT_WAV.o [1]
outline                 0x20000014     0x2  Data  Gb  FFT_WAV.o [1]
outline_flag            0x2000000d     0x1  Data  Gb  FFT_WAV.o [1]
sqrtf                   0x08008e25          Code  Gb  sqrtf.o [4]
table_cho               0x08002320    0x18  Data  Gb  FFT_WAV.o [1]
table_jong              0x08002358    0x20  Data  Gb  FFT_WAV.o [1]
table_joong             0x08002338    0x20  Data  Gb  FFT_WAV.o [1]
underscore              0x20000012     0x2  Data  Gb  FFT_WAV.o [1]
underscore_flag         0x2000000c     0x1  Data  Gb  FFT_WAV.o [1]
x_12bit                 0x2000001a     0x2  Data  Gb  FFT_WAV.o [1]
x_touch                 0x2000001e     0x2  Data  Gb  FFT_WAV.o [1]
y_12bit                 0x2000001c     0x2  Data  Gb  FFT_WAV.o [1]
y_touch                 0x20000020     0x2  Data  Gb  FFT_WAV.o [1]


[1] = C:\IAR Systems\oh-in-pe-\Output\Obj
[2] = command line
[3] = dl7M_tlf.a
[4] = m7M_tlv.a
[5] = rt7M_tl.a
[6] = shb_l.a

  39 694 bytes of readonly  code memory
  11 566 bytes of readonly  data memory
  32 855 bytes of readwrite data memory

Errors: none
Warnings: none
