###############################################################################
#
# IAR ELF Linker V7.80.4.12462/W32 for ARM                11/Dec/2024  05:22:11
# Copyright 2007-2017 IAR Systems AB.
#
#    Output file  =  C:\IAR Systems\oh-in-pe-\Output\Exe\OK-STM767.out
#    Map file     =  C:\IAR Systems\oh-in-pe-\Output\List\OK-STM767.map
#    Command line =  
#        "C:\IAR Systems\oh-in-pe-\Output\Obj\complex.o" "C:\IAR
#        Systems\oh-in-pe-\Output\Obj\fft.o" "C:\IAR
#        Systems\oh-in-pe-\Output\Obj\piano.o" "C:\IAR
#        Systems\oh-in-pe-\Output\Obj\startup_stm32f767xx.o" --redirect
#        _Printf=_PrintfFull --redirect _Scanf=_ScanfFull -o "C:\IAR
#        Systems\oh-in-pe-\Output\Exe\OK-STM767.out" --map "C:\IAR
#        Systems\oh-in-pe-\Output\List\OK-STM767.map" --config "C:\IAR
#        Systems\oh-in-pe-\Linker\stm32f767xx_flash.icf" --semihosting --entry
#        __iar_program_start "C:\Program Files (x86)\IAR Systems\Embedded
#        Workbench 7.5_2\arm\CMSIS\Lib\IAR\iar_cortexM7lf_math.a" --vfe
#
###############################################################################

*******************************************************************************
*** RUNTIME MODEL ATTRIBUTES
***

CppFlavor                     = *
__Heap_Handler                = DLMalloc
__SystemLibrary               = DLib
__dlib_dynamic_initialization = normal


*******************************************************************************
*** PLACEMENT SUMMARY
***

"A0":  place at 0x08000000 { ro section .intvec };
"P1":  place in [from 0x08000000 to 0x081fffff] { ro };
"P2":  place in [from 0x20000000 to 0x2007ffff] { rw, block CSTACK, block HEAP };
initialize by copy { rw };

  Section             Kind        Address    Size  Object
  -------             ----        -------    ----  ------
"A0":                                       0x1f8
  .intvec             ro code  0x08000000   0x1f8  startup_stm32f767xx.o [1]
                             - 0x080001f8   0x1f8

"P1":                                      0xfe11
  .text               ro code  0x080001f8  0xa0e4  piano.o [1]
  .text               ro code  0x0800a2dc     0x6  ABImemclr4.o [5]
  .text               ro code  0x0800a2e2     0xa  xsprout.o [3]
  .text               ro code  0x0800a2ec    0x76  ABImemcpy_unaligned.o [5]
  .text               ro code  0x0800a364    0x34  sprintf.o [3]
  .text               ro code  0x0800a398    0x32  ABImemset48.o [5]
  .text               ro code  0x0800a3cc  0x119a  xprintffull.o [3]
  .text               ro code  0x0800b566    0x20  xmbtowc.o [3]
  .text               ro code  0x0800b588    0x16  strchr.o [5]
  .text               ro code  0x0800b5a0    0x36  strlen.o [5]
  .text               ro code  0x0800b5d8    0x58  memchr.o [5]
  .text               ro code  0x0800b630     0xa  xmbcurmax.o [3]
  .text               ro code  0x0800b63c  0x14f4  dlmalloc.o [3]
  .text               ro code  0x0800cb30    0x1a  xwctomb.o [3]
  .text               ro code  0x0800cb4c    0xee  I64DivMod.o [5]
  .text               ro code  0x0800cc3a    0x44  xdnorm.o [4]
  .text               ro code  0x0800cc80    0x2e  DblCmpLe.o [4]
  .text               ro code  0x0800ccb0    0x2e  DblCmpGe.o [4]
  .text               ro code  0x0800cce0   0x114  xdscale.o [4]
  .text               ro code  0x0800cdf4     0xe  DblToS32.o [4]
  .text               ro code  0x0800ce02     0xe  S32ToDbl.o [4]
  .text               ro code  0x0800ce10    0x12  DblSub.o [4]
  .text               ro code  0x0800ce22    0x12  DblMul.o [4]
  .text               ro code  0x0800ce34    0x12  DblDiv.o [4]
  .text               ro code  0x0800ce46     0xe  DblToU32.o [4]
  .text               ro code  0x0800ce54     0xe  U32ToDbl.o [4]
  .text               ro code  0x0800ce64    0x6c  localeconv.o [3]
  .text               ro code  0x0800ced0     0xe  div.o [3]
  .text               ro code  0x0800cee0    0x14  setlocale.o [3]
  .text               ro code  0x0800cef4    0x60  xencoding_sb.o [3]
  .text               ro code  0x0800cf54     0x6  abort.o [3]
  .text               ro code  0x0800cf5c    0x2c  xgetmemchunk.o [3]
  .text               ro code  0x0800cf88     0x2  I64DivZer.o [5]
  .text               ro code  0x0800cf8a     0x2  xtls.o [3]
  .text               ro code  0x0800cf8c    0x14  exit.o [6]
  .rodata             const    0x0800cfa0  0x2d00  piano.o [1]
  .text               ro code  0x0800fca0    0x40  zero_init3.o [5]
  .text               ro code  0x0800fce0    0x38  packbits_init_single.o [5]
  .text               ro code  0x0800fd18    0x28  data_init.o [5]
  .text               ro code  0x0800fd40    0x22  fpinit_M.o [4]
  .iar.init_table     const    0x0800fd64    0x20  - Linker created -
  .text               ro code  0x0800fd84    0x1a  cmain.o [5]
  .text               ro code  0x0800fd9e     0x4  low_level_init.o [3]
  .text               ro code  0x0800fda2     0x4  exit.o [3]
  .text               ro code  0x0800fda8     0xa  cexit.o [5]
  .text               ro code  0x0800fdb4    0x10  startup_stm32f767xx.o [1]
  .text               ro code  0x0800fdc4     0xc  cstartup_M.o [5]
  .text               ro code  0x0800fdd0     0x4  startup_stm32f767xx.o [1]
  .text               ro code  0x0800fdd4     0x4  startup_stm32f767xx.o [1]
  .text               ro code  0x0800fdd8     0x4  startup_stm32f767xx.o [1]
  .text               ro code  0x0800fddc     0x4  startup_stm32f767xx.o [1]
  .text               ro code  0x0800fde0     0x4  startup_stm32f767xx.o [1]
  .text               ro code  0x0800fde4     0x4  startup_stm32f767xx.o [1]
  .text               ro code  0x0800fde8     0x4  startup_stm32f767xx.o [1]
  .text               ro code  0x0800fdec     0x4  startup_stm32f767xx.o [1]
  .text               ro code  0x0800fdf0     0x4  startup_stm32f767xx.o [1]
  .text               ro code  0x0800fdf4     0x4  startup_stm32f767xx.o [1]
  .text               ro code  0x0800fdf8     0x4  startup_stm32f767xx.o [1]
  .text               ro code  0x0800fdfc     0x4  startup_stm32f767xx.o [1]
  .text               ro code  0x0800fe00     0x4  startup_stm32f767xx.o [1]
  .text               ro code  0x0800fe04     0x4  startup_stm32f767xx.o [1]
  .text               ro code  0x0800fe08     0x4  startup_stm32f767xx.o [1]
  .text               ro code  0x0800fe0c     0x4  startup_stm32f767xx.o [1]
  .text               ro code  0x0800fe10     0x4  startup_stm32f767xx.o [1]
  .text               ro code  0x0800fe14     0x4  startup_stm32f767xx.o [1]
  .text               ro code  0x0800fe18     0x4  startup_stm32f767xx.o [1]
  .text               ro code  0x0800fe1c     0x4  startup_stm32f767xx.o [1]
  .text               ro code  0x0800fe20     0x4  startup_stm32f767xx.o [1]
  .text               ro code  0x0800fe24     0x4  startup_stm32f767xx.o [1]
  .text               ro code  0x0800fe28     0x4  startup_stm32f767xx.o [1]
  .text               ro code  0x0800fe2c     0x4  startup_stm32f767xx.o [1]
  .text               ro code  0x0800fe30     0x4  startup_stm32f767xx.o [1]
  .text               ro code  0x0800fe34     0x4  startup_stm32f767xx.o [1]
  .text               ro code  0x0800fe38     0x4  startup_stm32f767xx.o [1]
  .text               ro code  0x0800fe3c     0x4  startup_stm32f767xx.o [1]
  .text               ro code  0x0800fe40     0x4  startup_stm32f767xx.o [1]
  .text               ro code  0x0800fe44     0x4  startup_stm32f767xx.o [1]
  .text               ro code  0x0800fe48     0x4  startup_stm32f767xx.o [1]
  .text               ro code  0x0800fe4c     0x4  startup_stm32f767xx.o [1]
  .text               ro code  0x0800fe50     0x4  startup_stm32f767xx.o [1]
  .text               ro code  0x0800fe54     0x4  startup_stm32f767xx.o [1]
  .text               ro code  0x0800fe58     0x4  startup_stm32f767xx.o [1]
  .text               ro code  0x0800fe5c     0x4  startup_stm32f767xx.o [1]
  .text               ro code  0x0800fe60     0x4  startup_stm32f767xx.o [1]
  .text               ro code  0x0800fe64     0x4  startup_stm32f767xx.o [1]
  .text               ro code  0x0800fe68     0x4  startup_stm32f767xx.o [1]
  .text               ro code  0x0800fe6c     0x4  startup_stm32f767xx.o [1]
  .text               ro code  0x0800fe70     0x4  startup_stm32f767xx.o [1]
  .text               ro code  0x0800fe74     0x4  startup_stm32f767xx.o [1]
  .text               ro code  0x0800fe78     0x4  startup_stm32f767xx.o [1]
  .text               ro code  0x0800fe7c     0x4  startup_stm32f767xx.o [1]
  .text               ro code  0x0800fe80     0x4  startup_stm32f767xx.o [1]
  .text               ro code  0x0800fe84     0x4  startup_stm32f767xx.o [1]
  .text               ro code  0x0800fe88     0x4  startup_stm32f767xx.o [1]
  .text               ro code  0x0800fe8c     0x4  startup_stm32f767xx.o [1]
  .text               ro code  0x0800fe90     0x4  startup_stm32f767xx.o [1]
  .text               ro code  0x0800fe94     0x4  startup_stm32f767xx.o [1]
  .text               ro code  0x0800fe98     0x4  startup_stm32f767xx.o [1]
  .text               ro code  0x0800fe9c     0x4  startup_stm32f767xx.o [1]
  .text               ro code  0x0800fea0     0x4  startup_stm32f767xx.o [1]
  .text               ro code  0x0800fea4     0x4  startup_stm32f767xx.o [1]
  .text               ro code  0x0800fea8     0x4  startup_stm32f767xx.o [1]
  .text               ro code  0x0800feac     0x4  startup_stm32f767xx.o [1]
  .text               ro code  0x0800feb0     0x4  startup_stm32f767xx.o [1]
  .text               ro code  0x0800feb4     0x4  startup_stm32f767xx.o [1]
  .text               ro code  0x0800feb8     0x4  startup_stm32f767xx.o [1]
  .text               ro code  0x0800febc     0x4  startup_stm32f767xx.o [1]
  .text               ro code  0x0800fec0     0x4  startup_stm32f767xx.o [1]
  .text               ro code  0x0800fec4     0x4  startup_stm32f767xx.o [1]
  .text               ro code  0x0800fec8     0x4  startup_stm32f767xx.o [1]
  .text               ro code  0x0800fecc     0x4  startup_stm32f767xx.o [1]
  .text               ro code  0x0800fed0     0x4  startup_stm32f767xx.o [1]
  .text               ro code  0x0800fed4     0x4  startup_stm32f767xx.o [1]
  .text               ro code  0x0800fed8     0x4  startup_stm32f767xx.o [1]
  .text               ro code  0x0800fedc     0x4  startup_stm32f767xx.o [1]
  .text               ro code  0x0800fee0     0x4  startup_stm32f767xx.o [1]
  .text               ro code  0x0800fee4     0x4  startup_stm32f767xx.o [1]
  .text               ro code  0x0800fee8     0x4  startup_stm32f767xx.o [1]
  .text               ro code  0x0800feec     0x4  startup_stm32f767xx.o [1]
  .text               ro code  0x0800fef0     0x4  startup_stm32f767xx.o [1]
  .text               ro code  0x0800fef4     0x4  startup_stm32f767xx.o [1]
  .text               ro code  0x0800fef8     0x4  startup_stm32f767xx.o [1]
  .text               ro code  0x0800fefc     0x4  startup_stm32f767xx.o [1]
  .text               ro code  0x0800ff00     0x4  startup_stm32f767xx.o [1]
  .text               ro code  0x0800ff04     0x4  startup_stm32f767xx.o [1]
  .text               ro code  0x0800ff08     0x4  startup_stm32f767xx.o [1]
  .text               ro code  0x0800ff0c     0x4  startup_stm32f767xx.o [1]
  .text               ro code  0x0800ff10     0x4  startup_stm32f767xx.o [1]
  .text               ro code  0x0800ff14     0x4  startup_stm32f767xx.o [1]
  .text               ro code  0x0800ff18     0x4  startup_stm32f767xx.o [1]
  .text               ro code  0x0800ff1c     0x4  startup_stm32f767xx.o [1]
  .text               ro code  0x0800ff20     0x4  startup_stm32f767xx.o [1]
  .text               ro code  0x0800ff24     0x4  startup_stm32f767xx.o [1]
  .text               ro code  0x0800ff28     0x4  startup_stm32f767xx.o [1]
  .text               ro code  0x0800ff2c     0x4  startup_stm32f767xx.o [1]
  .text               ro code  0x0800ff30     0x4  startup_stm32f767xx.o [1]
  .text               ro code  0x0800ff34     0x4  startup_stm32f767xx.o [1]
  .text               ro code  0x0800ff38     0x4  startup_stm32f767xx.o [1]
  .text               ro code  0x0800ff3c     0x4  startup_stm32f767xx.o [1]
  .text               ro code  0x0800ff40     0x4  startup_stm32f767xx.o [1]
  .text               ro code  0x0800ff44     0x4  startup_stm32f767xx.o [1]
  .text               ro code  0x0800ff48     0x4  startup_stm32f767xx.o [1]
  .text               ro code  0x0800ff4c     0x4  startup_stm32f767xx.o [1]
  .text               ro code  0x0800ff50     0x4  startup_stm32f767xx.o [1]
  .text               ro code  0x0800ff54     0x4  startup_stm32f767xx.o [1]
  .text               ro code  0x0800ff58     0x4  startup_stm32f767xx.o [1]
  .text               ro code  0x0800ff5c     0x4  startup_stm32f767xx.o [1]
  .text               ro code  0x0800ff60     0x4  startup_stm32f767xx.o [1]
  .text               ro code  0x0800ff64     0x4  startup_stm32f767xx.o [1]
  .text               ro code  0x0800ff68     0x4  startup_stm32f767xx.o [1]
  .text               ro code  0x0800ff6c     0x4  startup_stm32f767xx.o [1]
  .text               ro code  0x0800ff70     0x4  startup_stm32f767xx.o [1]
  .text               ro code  0x0800ff74     0x4  startup_stm32f767xx.o [1]
  .text               ro code  0x0800ff78     0x4  startup_stm32f767xx.o [1]
  .text               ro code  0x0800ff7c     0x4  startup_stm32f767xx.o [1]
  .text               ro code  0x0800ff80     0x4  startup_stm32f767xx.o [1]
  .text               ro code  0x0800ff84     0x4  startup_stm32f767xx.o [1]
  .text               ro code  0x0800ff88     0x4  startup_stm32f767xx.o [1]
  .text               ro code  0x0800ff8c     0x4  startup_stm32f767xx.o [1]
  .text               ro code  0x0800ff90     0x4  startup_stm32f767xx.o [1]
  .text               ro code  0x0800ff94     0x4  startup_stm32f767xx.o [1]
  .text               ro code  0x0800ff98     0x4  startup_stm32f767xx.o [1]
  .text               ro code  0x0800ff9c     0x4  startup_stm32f767xx.o [1]
  .text               ro code  0x0800ffa0     0x4  startup_stm32f767xx.o [1]
  .rodata             const    0x0800ffa4     0x0  zero_init3.o [5]
  .rodata             const    0x0800ffa4     0x0  packbits_init_single.o [5]
  Initializer bytes   const    0x0800ffa4    0x65  <for P2-1>
                             - 0x08010009  0xfe11

"P2", part 1 of 3:                          0x5a0
  P2-1                         0x20000000   0x5a0  <Init block>
    .data             inited   0x20000000    0x58  piano.o [1]
    .data             inited   0x20000058    0x28  piano.o [1]
    .data             inited   0x20000080    0x1c  piano.o [1]
    .data             inited   0x2000009c   0x406  piano.o [1]
    __DLIB_PERTHREAD  inited   0x200004a4    0x88  localeconv.o [3]
    __DLIB_PERTHREAD  inited   0x2000052c    0x74  setlocale.o [3]
                             - 0x200005a0   0x5a0

"P2", part 2 of 3:                         0x1800
  CSTACK                       0x200005a0  0x1000  <Block>
    CSTACK            uninit   0x200005a0  0x1000  <Block tail>
  HEAP                         0x200015a0   0x800  <Block>
    HEAP              uninit   0x200015a0   0x800  <Block tail>
                             - 0x20001da0  0x1800

"P2", part 3 of 3:                         0x1adc
  .bss                zero     0x20001da0   0x3e8  piano.o [1]
  .bss                zero     0x20002188   0x3e8  piano.o [1]
  .bss                zero     0x20002570   0x3e8  piano.o [1]
  .bss                zero     0x20002958   0x3e8  piano.o [1]
  .bss                zero     0x20002d40   0x3e8  piano.o [1]
  .bss                zero     0x20003128   0x200  piano.o [1]
  .bss                zero     0x20003328   0x200  piano.o [1]
  .bss                zero     0x20003528   0x1d8  dlmalloc.o [3]
  .bss                zero     0x20003700    0xfc  piano.o [1]
  .bss                zero     0x200037fc    0x38  piano.o [1]
  .bss                zero     0x20003834    0x28  piano.o [1]
  .bss                zero     0x2000385c    0x18  dlmalloc.o [3]
  .bss                zero     0x20003874     0x4  xgetmemchunk.o [3]
  .bss                zero     0x20003878     0x1  piano.o [1]
  .bss                zero     0x20003879     0x1  piano.o [1]
                             - 0x2000387a  0x1ada


*******************************************************************************
*** INIT TABLE
***

          Address     Size
          -------     ----
Zero (__iar_zero_init3)
    1 destination range, total size 0x1ada:
          0x20001da0  0x1ada

Copy/packbits (__iar_packbits_init_single3)
    1 source range, total size 0x65 (7% of destination):
          0x0800ffa4    0x65
    1 destination range, total size 0x5a0:
          0x20000000   0x5a0



*******************************************************************************
*** MODULE SUMMARY
***

    Module                  ro code  ro data  rw data
    ------                  -------  -------  -------
C:\IAR Systems\oh-in-pe-\Output\Obj: [1]
    piano.o                  41 188   11 603    7 560
    startup_stm32f767xx.o       988
    -------------------------------------------------
    Total:                   42 176   11 603    7 560

command line: [2]
    -------------------------------------------------
    Total:

dl7M_tlf.a: [3]
    abort.o                       6
    div.o                        14
    dlmalloc.o                5 364               496
    exit.o                        4
    localeconv.o                108        9      136
    low_level_init.o              4
    setlocale.o                  20        9      116
    sprintf.o                    52
    xencoding_sb.o               96
    xgetmemchunk.o               44                 4
    xmbcurmax.o                  10
    xmbtowc.o                    32
    xprintffull.o             4 506
    xsprout.o                    10
    xtls.o                        2
    xwctomb.o                    26
    -------------------------------------------------
    Total:                   10 298       18      752

m7M_tlv.a: [4]
    DblCmpGe.o                   46
    DblCmpLe.o                   46
    DblDiv.o                     18
    DblMul.o                     18
    DblSub.o                     18
    DblToS32.o                   14
    DblToU32.o                   14
    S32ToDbl.o                   14
    U32ToDbl.o                   14
    fpinit_M.o                   34
    xdnorm.o                     68
    xdscale.o                   276
    -------------------------------------------------
    Total:                      580

rt7M_tl.a: [5]
    ABImemclr4.o                  6
    ABImemcpy_unaligned.o       118
    ABImemset48.o                50
    I64DivMod.o                 238
    I64DivZer.o                   2
    cexit.o                      10
    cmain.o                      26
    cstartup_M.o                 12
    data_init.o                  40
    memchr.o                     88
    packbits_init_single.o       56
    strchr.o                     22
    strlen.o                     54
    zero_init3.o                 64
    -------------------------------------------------
    Total:                      786

shb_l.a: [6]
    exit.o                       20
    -------------------------------------------------
    Total:                       20

    Gaps                         30        2        2
    Linker created                        32    6 144
-----------------------------------------------------
    Grand Total:             53 890   11 655   14 458


*******************************************************************************
*** ENTRY LIST
***

Entry                      Address    Size  Type      Object
-----                      -------    ----  ----      ------
.iar.init_table$$Base   0x0800fd64           --   Gb  - Linker created -
.iar.init_table$$Limit  0x0800fd84           --   Gb  - Linker created -
?main                   0x0800fd85          Code  Gb  cmain.o [5]
Beep                    0x0800056b    0x1a  Code  Gb  piano.o [1]
Beep_3times             0x08000585    0x1c  Code  Gb  piano.o [1]
Black_Key_Init          0x08009c75    0x3e  Code  Gb  piano.o [1]
Block                   0x0800871b    0x82  Code  Gb  piano.o [1]
CSTACK$$Base            0x200005a0           --   Gb  - Linker created -
CSTACK$$Limit           0x200015a0           --   Gb  - Linker created -
Check_valid_decrement_file
                        0x0800a0bb    0x1e  Code  Gb  piano.o [1]
Check_valid_increment_file
                        0x0800a099    0x22  Code  Gb  piano.o [1]
Delay_ms                0x08000553    0x18  Code  Gb  piano.o [1]
Delay_us                0x08000399   0x1ba  Code  Gb  piano.o [1]
Draw_Equalizer_UI       0x080099cb    0xe2  Code  Gb  piano.o [1]
Draw_Keys               0x08009beb    0x4e  Code  Gb  piano.o [1]
Draw_MainScreen         0x08009915    0xb6  Code  Gb  piano.o [1]
Draw_Piano_WAV_UI       0x08009b8f    0x3e  Code  Gb  piano.o [1]
E_font                  0x08007de0   0x800  Data  Gb  piano.o [1]
EntryBuffer             0x20003328   0x200  Data  Gb  piano.o [1]
Fat32Enabled            0x20000058     0x1  Data  Gb  piano.o [1]
Filename_arrange        0x080094e5    0x72  Code  Gb  piano.o [1]
FirstDataSector         0x2000006c     0x4  Data  Gb  piano.o [1]
FirstDirCluster         0x20000078     0x4  Data  Gb  piano.o [1]
FirstFAT2Sector         0x20000074     0x4  Data  Gb  piano.o [1]
FirstFATSector          0x20000070     0x4  Data  Gb  piano.o [1]
Get_Key_Input           0x0800987f    0x12  Code  Gb  piano.o [1]
Get_Touch_Input         0x08009891    0x7a  Code  Gb  piano.o [1]
Get_long_filename       0x080092eb    0xba  Code  Gb  piano.o [1]
HEAP$$Base              0x200015a0           --   Gb  - Linker created -
HEAP$$Limit             0x20001da0           --   Gb  - Linker created -
Initialize_FAT32        0x08008f7d    0xf6  Code  Gb  piano.o [1]
Initialize_MCU          0x080001fd   0x192  Code  Gb  piano.o [1]
Initialize_Peripherals  0x08009e97    0x66  Code  Gb  piano.o [1]
Initialize_SD           0x08008a95   0x30e  Code  Gb  piano.o [1]
Initialize_TFT_LCD      0x080005dd   0x276  Code  Gb  piano.o [1]
Initialize_VS1053b      0x080095c9    0x9e  Code  Gb  piano.o [1]
Initialize_touch_screen
                        0x080087bd    0x56  Code  Gb  piano.o [1]
KG_font                 0x08002384  0x2d00  Data  Gb  piano.o [1]
KM_font                 0x0800cfa0  0x2d00  Data  Gb  piano.o [1]
KP_font                 0x080050e0  0x2d00  Data  Gb  piano.o [1]
KS_Table                0x08000d0c  0x125c  Data  Gb  piano.o [1]
KS_code_conversion      0x08000ca7    0x38  Code  Gb  piano.o [1]
Key_Touch_Handler       0x08009cf7    0xc2  Code  Gb  piano.o [1]
Key_input               0x080005a1    0x1c  Code  Gb  piano.o [1]
Kfont_type              0x2000000a     0x1  Data  Gb  piano.o [1]
Line                    0x08008615    0xaa  Code  Gb  piano.o [1]
LoadInt                 0x0800aa43    0x6e  Code  Lc  xprintffull.o [3]
MainScreen              0x0800984d     0xe  Code  Gb  piano.o [1]
Menu_Equalizer          0x0800985b     0xe  Code  Gb  piano.o [1]
Menu_Piano_WAV          0x08009869    0x16  Code  Gb  piano.o [1]
Piano_Input_Handler     0x08009de7    0x4c  Code  Gb  piano.o [1]
Play_Audio              0x08009efd    0xa8  Code  Gb  piano.o [1]
Play_Audio::index       0x200004a0     0x2  Data  Lc  piano.o [1]
Play_Note               0x08009cb3     0xc  Code  Gb  piano.o [1]
Process_Equalizer_Key1  0x08009e33    0x14  Code  Gb  piano.o [1]
Process_Equalizer_Key3  0x08009e59    0x3e  Code  Gb  piano.o [1]
Read_ADS7846            0x08008813    0x32  Code  Gb  piano.o [1]
Rectangle               0x080086d5    0x46  Code  Gb  piano.o [1]
Region$$Table$$Base     0x0800fd64           --   Gb  - Linker created -
Region$$Table$$Limit    0x0800fd84           --   Gb  - Linker created -
Reset_Key_State         0x08009cc9    0x2e  Code  Gb  piano.o [1]
SD_command              0x08008edd    0x44  Code  Gb  piano.o [1]
SD_read_sector          0x08008f21    0x58  Code  Gb  piano.o [1]
SD_type                 0x20003879     0x1  Data  Gb  piano.o [1]
SPI3_high_speed         0x08008a07    0x54  Code  Gb  piano.o [1]
SPI3_low_speed          0x08008957    0x54  Code  Gb  piano.o [1]
SPI3_medium_speed       0x080089ab    0x52  Code  Gb  piano.o [1]
SPI3_write              0x08008a5b    0x18  Code  Gb  piano.o [1]
ScreenMode              0x20000000     0x1  Data  Gb  piano.o [1]
SectorBuffer            0x20003128   0x200  Data  Gb  piano.o [1]
SectorsPerCluster       0x2000005c     0x2  Data  Gb  piano.o [1]
SystemInit              0x080001f9     0x4  Code  Gb  piano.o [1]
System_Init             0x080097c5    0x2a  Code  Gb  piano.o [1]
TFT_English             0x08000a79   0x222  Code  Gb  piano.o [1]
TFT_Filename            0x0800a041    0x52  Code  Gb  piano.o [1]
TFT_GRAM_address        0x08000901    0x56  Code  Gb  piano.o [1]
TFT_Korean              0x08001f69   0x370  Code  Gb  piano.o [1]
TFT_color               0x08000967     0xa  Code  Gb  piano.o [1]
TFT_color_screen        0x080008df    0x22  Code  Gb  piano.o [1]
TFT_command             0x0800086d    0x2e  Code  Gb  piano.o [1]
TFT_data                0x0800089d    0x2c  Code  Gb  piano.o [1]
TFT_hexadecimal         0x080085e1    0x24  Code  Gb  piano.o [1]
TFT_long_filename       0x08009431    0xa0  Code  Gb  piano.o [1]
TFT_pixel               0x08000971    0x68  Code  Gb  piano.o [1]
TFT_short_filename      0x080093cf    0x62  Code  Gb  piano.o [1]
TFT_string              0x08000a09    0x36  Code  Gb  piano.o [1]
TFT_write               0x080008cf    0x10  Code  Gb  piano.o [1]
TFT_xy                  0x0800095d     0xa  Code  Gb  piano.o [1]
TIM1_Init               0x080097ef    0x54  Code  Gb  piano.o [1]
Touch_screen_input      0x08008855   0x102  Code  Gb  piano.o [1]
Unicode_to_KS           0x08009569    0x60  Code  Gb  piano.o [1]
Update_Equalizer_UI     0x08009aad    0xce  Code  Gb  piano.o [1]
Update_WAV_Display      0x08009fad    0x94  Code  Gb  piano.o [1]
Update_WAV_Display::loop
                        0x20000062     0x2  Data  Lc  piano.o [1]
VS1053b_SCI_Read        0x080096a9    0x22  Code  Gb  piano.o [1]
VS1053b_SCI_Write       0x08009673    0x2e  Code  Gb  piano.o [1]
VS1053b_SetBassTreble   0x08009731    0x14  Code  Gb  piano.o [1]
VS1053b_SetVolume       0x08009713    0x1e  Code  Gb  piano.o [1]
VS1053b_software_reset  0x080096f1    0x22  Code  Gb  piano.o [1]
WAV_end_sector          0x2000007c     0x4  Data  Gb  piano.o [1]
WAV_start_backup        0x20002958   0x3e8  Data  Gb  piano.o [1]
WAV_start_sector        0x20002570   0x3e8  Data  Gb  piano.o [1]
WAVbuffer               0x200000a0   0x400  Data  Gb  piano.o [1]
White_Key_Init          0x08009c4f    0x26  Code  Gb  piano.o [1]
Xcharacter              0x20000003     0x1  Data  Gb  piano.o [1]
XcharacterLimit         0x20000001     0x1  Data  Gb  piano.o [1]
Xcursor                 0x20000005     0x1  Data  Gb  piano.o [1]
Ycharacter              0x20000004     0x1  Data  Gb  piano.o [1]
YcharacterLimit         0x20000002     0x1  Data  Gb  piano.o [1]
Ycursor                 0x20000006     0x1  Data  Gb  piano.o [1]
_EncodingSb_Mbtowc      0x0800cf0f    0x30  Code  Gb  xencoding_sb.o [3]
_EncodingSb_Mbtowc::initial
                        0x0800cf4c     0x8  Data  Lc  xencoding_sb.o [3]
_EncodingSb_Wctomb      0x0800cef5    0x1a  Code  Gb  xencoding_sb.o [3]
_EncodingSb_Wctomb::initial
                        0x0800cf44     0x8  Data  Lc  xencoding_sb.o [3]
_GenldFull              0x0800b2c9   0x254  Code  Lc  xprintffull.o [3]
_IsdstStr               0x20000530     0x4  Data  Gb  setlocale.o [3]
_LdtobFull              0x0800aec9   0x3fa  Code  Lc  xprintffull.o [3]
_LitobFull              0x0800adbd   0x10a  Code  Lc  xprintffull.o [3]
_LocaleEncoding         0x0800cee1     0xe  Code  Gb  setlocale.o [3]
_LocaleReturnString     0x20000550    0x50  Data  Lc  setlocale.o [3]
_Locale_Profile         0x20000534    0x1c  Data  Gb  setlocale.o [3]
_Locale_aeabi_lconv     0x200004f4    0x38  Data  Gb  localeconv.o [3]
_Locale_lconv           0x200004a4    0x50  Data  Gb  localeconv.o [3]
_Mbtowc                 0x0800b567    0x20  Code  Gb  xmbtowc.o [3]
_PrintfFull             0x0800a3cd   0x660  Code  Gb  xprintffull.o [3]
_PutcharsFull           0x0800b51d    0x2e  Code  Lc  xprintffull.o [3]
_PutstrFull             0x0800aab1   0x306  Code  Lc  xprintffull.o [3]
_SProut                 0x0800a2e3     0xa  Code  Gb  xsprout.o [3]
_TzoneStr               0x2000052c     0x4  Data  Gb  setlocale.o [3]
_Wctomb                 0x0800cb31    0x1a  Code  Gb  xwctomb.o [3]
__aeabi_cdcmple         0x0800cc81          Code  Gb  DblCmpLe.o [4]
__aeabi_cdrcmple        0x0800ccb1          Code  Gb  DblCmpGe.o [4]
__aeabi_d2iz            0x0800cdf5     0xe  Code  Gb  DblToS32.o [4]
__aeabi_d2uiz           0x0800ce47     0xe  Code  Gb  DblToU32.o [4]
__aeabi_ddiv            0x0800ce35    0x12  Code  Gb  DblDiv.o [4]
__aeabi_dmul            0x0800ce23    0x12  Code  Gb  DblMul.o [4]
__aeabi_dsub            0x0800ce11    0x12  Code  Gb  DblSub.o [4]
__aeabi_i2d             0x0800ce03     0xe  Code  Gb  S32ToDbl.o [4]
__aeabi_ldiv0           0x0800cf89          Code  Gb  I64DivZer.o [5]
__aeabi_memclr4         0x0800a2dd          Code  Gb  ABImemclr4.o [5]
__aeabi_ui2d            0x0800ce55     0xe  Code  Gb  U32ToDbl.o [4]
__aeabi_uldivmod        0x0800cb4d          Code  Gb  I64DivMod.o [5]
__cmain                 0x0800fd85          Code  Gb  cmain.o [5]
__data_GetMemChunk      0x0800cf5d    0x2c  Code  Gb  xgetmemchunk.o [3]
__data_GetMemChunk::start
                        0x20003874     0x4  Data  Lc  xgetmemchunk.o [3]
__exit                  0x0800cf8d    0x14  Code  Gb  exit.o [6]
__iar_Dnorm             0x0800cc3b    0x44  Code  Gb  xdnorm.o [4]
__iar_Dscale            0x0800cce1   0x114  Code  Gb  xdscale.o [4]
__iar_Locale_lconv_init
                        0x0800ce65    0x3a  Code  Gb  localeconv.o [3]
__iar_Mbcurmax          0x0800b631     0xa  Code  Gb  xmbcurmax.o [3]
__iar_Memchr            0x0800b5d9          Code  Gb  memchr.o [5]
__iar_Memset4_word      0x0800a399          Code  Gb  ABImemset48.o [5]
__iar_Memset8_word      0x0800a399          Code  Gb  ABImemset48.o [5]
__iar_Strchr            0x0800b589          Code  Gb  strchr.o [5]
__iar_data_init3        0x0800fd19    0x28  Code  Gb  data_init.o [5]
__iar_dlfree            0x0800c60f   0x51a  Code  Gb  dlmalloc.o [3]
__iar_dlib_perthread_access
                        0x0800cf8b     0x2  Code  Gb  xtls.o [3]
__iar_dlmalloc          0x0800c359   0x2aa  Code  Gb  dlmalloc.o [3]
__iar_init_vfp          0x0800fd41          Code  Gb  fpinit_M.o [4]
__iar_packbits_init_single3
                        0x0800fce1    0x38  Code  Gb  packbits_init_single.o [5]
__iar_program_start     0x0800fdc5          Code  Gb  cstartup_M.o [5]
__iar_unaligned___aeabi_memcpy
                        0x0800a2ed          Code  Gb  ABImemcpy_unaligned.o [5]
__iar_unaligned___aeabi_memcpy4
                        0x0800a30d          Code  Gb  ABImemcpy_unaligned.o [5]
__iar_unaligned___aeabi_memcpy8
                        0x0800a30d          Code  Gb  ABImemcpy_unaligned.o [5]
__iar_zero_init3        0x0800fca1    0x40  Code  Gb  zero_init3.o [5]
__low_level_init        0x0800fd9f     0x4  Code  Gb  low_level_init.o [3]
__vector_table          0x08000000          Data  Gb  startup_stm32f767xx.o [1]
_call_main              0x0800fd91          Code  Gb  cmain.o [5]
_exit                   0x0800fda9          Code  Gb  cexit.o [5]
_gm_                    0x20003528   0x1d8  Data  Lc  dlmalloc.o [3]
_main                   0x0800fd9b          Code  Gb  cmain.o [5]
abort                   0x0800cf55     0x6  Code  Gb  abort.o [3]
background              0x20000024     0x2  Data  Gb  piano.o [1]
black_keys              0x20003834    0x28  Data  Gb  piano.o [1]
bul_cho1                0x0800233c    0x18  Data  Gb  piano.o [1]
bul_cho2                0x0800236c    0x18  Data  Gb  piano.o [1]
bul_jong                0x08002354    0x18  Data  Gb  piano.o [1]
currentBuffer           0x2000009c     0x1  Data  Gb  piano.o [1]
cursor                  0x2000001c     0x2  Data  Gb  piano.o [1]
cursor_flag             0x20000007     0x1  Data  Gb  piano.o [1]
div                     0x0800ced1     0xe  Code  Gb  div.o [3]
exit                    0x0800fda3     0x4  Code  Gb  exit.o [3]
extension               0x20000068     0x4  Data  Gb  piano.o [1]
fatClustToSect          0x080092d7    0x14  Code  Gb  piano.o [1]
fatDir                  0x0800925d    0x3c  Code  Gb  piano.o [1]
fatGetDirEntry          0x08009135    0xca  Code  Gb  piano.o [1]
fatNextCluster          0x08009299    0x3e  Code  Gb  piano.o [1]
file_number             0x2000005a     0x1  Data  Gb  piano.o [1]
file_size               0x20002d40   0x3e8  Data  Gb  piano.o [1]
file_start_cluster      0x20001da0   0x3e8  Data  Gb  piano.o [1]
file_start_entry        0x20003700    0xfc  Data  Gb  piano.o [1]
file_start_sector       0x20002188   0x3e8  Data  Gb  piano.o [1]
foreground              0x20000022     0x2  Data  Gb  piano.o [1]
graph_piano_mode        0x20000034     0x4  Data  Gb  piano.o [1]
index                   0x2000005e     0x2  Data  Gb  piano.o [1]
init_mparams            0x0800b659    0x32  Code  Lc  dlmalloc.o [3]
init_top                0x0800b68b    0x34  Code  Lc  dlmalloc.o [3]
is_black_key_touching   0x20000014     0x8  Data  Gb  piano.o [1]
is_white_key_touching   0x2000000c     0x8  Data  Gb  piano.o [1]
key_flag                0x20003878     0x1  Data  Gb  piano.o [1]
localeconv              0x0800ce9f    0x16  Code  Gb  localeconv.o [3]
main                    0x08009745    0x80  Code  Gb  piano.o [1]
memchr                  0x0800b5d9          Code  Gb  memchr.o [5]
menu_selected           0x20000030     0x4  Data  Gb  piano.o [1]
mparams                 0x2000385c    0x18  Data  Lc  dlmalloc.o [3]
notes                   0x20000038    0x20  Data  Gb  piano.o [1]
outline                 0x20000020     0x2  Data  Gb  piano.o [1]
outline_flag            0x20000009     0x1  Data  Gb  piano.o [1]
play_flag               0x2000005b     0x1  Data  Gb  piano.o [1]
prepend_alloc           0x0800b6bf   0x372  Code  Lc  dlmalloc.o [3]
sector_cluster          0x20000064     0x4  Data  Gb  piano.o [1]
segment_holding         0x0800b63d    0x1c  Code  Lc  dlmalloc.o [3]
selected_slider         0x20000080     0x1  Data  Gb  piano.o [1]
sliders                 0x20000084    0x18  Data  Gb  piano.o [1]
sprintf                 0x0800a365    0x34  Code  Gb  sprintf.o [3]
strchr                  0x0800b589          Code  Gb  strchr.o [5]
strlen                  0x0800b5a1          Code  Gb  strlen.o [5]
sys_alloc               0x0800ba31   0x388  Code  Lc  dlmalloc.o [3]
table_cho               0x080022e4    0x18  Data  Gb  piano.o [1]
table_jong              0x0800231c    0x20  Data  Gb  piano.o [1]
table_joong             0x080022fc    0x20  Data  Gb  piano.o [1]
tmalloc_large           0x0800bdc5   0x380  Code  Lc  dlmalloc.o [3]
tmalloc_small           0x0800c145   0x206  Code  Lc  dlmalloc.o [3]
total_file              0x20000059     0x1  Data  Gb  piano.o [1]
underscore              0x2000001e     0x2  Data  Gb  piano.o [1]
underscore_flag         0x20000008     0x1  Data  Gb  piano.o [1]
volume                  0x20000060     0x2  Data  Gb  piano.o [1]
white_keys              0x200037fc    0x38  Data  Gb  piano.o [1]
x_12bit                 0x20000026     0x2  Data  Gb  piano.o [1]
x_touch                 0x2000002a     0x2  Data  Gb  piano.o [1]
y_12bit                 0x20000028     0x2  Data  Gb  piano.o [1]
y_touch                 0x2000002c     0x2  Data  Gb  piano.o [1]


[1] = C:\IAR Systems\oh-in-pe-\Output\Obj
[2] = command line
[3] = dl7M_tlf.a
[4] = m7M_tlv.a
[5] = rt7M_tl.a
[6] = shb_l.a

  53 890 bytes of readonly  code memory
  11 655 bytes of readonly  data memory
  14 458 bytes of readwrite data memory

Errors: none
Warnings: none
