###############################################################################
#
# IAR ELF Linker V7.80.4.12462/W32 for ARM                25/Nov/2024  00:32:26
# Copyright 2007-2017 IAR Systems AB.
#
#    Output file  =  C:\IAR Systems\oh-in-pe-\Output\Exe\OK-STM767.out
#    Map file     =  C:\IAR Systems\oh-in-pe-\Output\List\OK-STM767.map
#    Command line =  
#        "C:\IAR Systems\oh-in-pe-\Output\Obj\startup_stm32f767xx.o" "C:\IAR
#        Systems\oh-in-pe-\Output\Obj\testfft.o" --redirect _Printf=_PrintfFull
#        --redirect _Scanf=_ScanfFull -o "C:\IAR
#        Systems\oh-in-pe-\Output\Exe\OK-STM767.out" --map "C:\IAR
#        Systems\oh-in-pe-\Output\List\OK-STM767.map" --config "C:\IAR
#        Systems\oh-in-pe-\Linker\stm32f767xx_flash.icf" --semihosting --entry
#        __iar_program_start "C:\Program Files (x86)\IAR Systems\Embedded
#        Workbench 7.5_2\arm\CMSIS\Lib\IAR\iar_cortexM7lf_math.a" --vfe
#
###############################################################################

*******************************************************************************
*** RUNTIME MODEL ATTRIBUTES
***

CppFlavor       = *
__SystemLibrary = DLib


*******************************************************************************
*** PLACEMENT SUMMARY
***

"A0":  place at 0x08000000 { ro section .intvec };
"P1":  place in [from 0x08000000 to 0x081fffff] { ro };
"P2":  place in [from 0x20000000 to 0x2007ffff] { rw, block CSTACK, block HEAP };
initialize by copy { rw };

  Section             Kind        Address    Size  Object
  -------             ----        -------    ----  ------
"A0":                                       0x1f8
  .intvec             ro code  0x08000000   0x1f8  startup_stm32f767xx.o [1]
                             - 0x080001f8   0x1f8

"P1":                                      0xda6f
  .text               ro code  0x080001f8  0x953c  testfft.o [1]
  .text               ro code  0x08009734     0x6  ABImemclr4.o [5]
  .text               ro code  0x0800973a     0xa  xsprout.o [3]
  .text               ro code  0x08009744    0x76  ABImemcpy_unaligned.o [5]
  .text               ro code  0x080097bc   0x164  xflog.o [4]
  .text               ro code  0x08009920     0x8  abs.o [3]
  .text               ro code  0x08009928    0x34  sprintf.o [3]
  .text               ro code  0x0800995c    0x32  ABImemset48.o [5]
  .text               ro code  0x0800998e    0x28  xfdnorm.o [4]
  .text               ro code  0x080099b8     0xc  errno.o [3]
  .text               ro code  0x080099c4   0xdd2  xprintffull.o [3]
  .text               ro code  0x0800a796     0x2  xtls.o [3]
  .text               ro code  0x0800a798    0x16  strchr.o [5]
  .text               ro code  0x0800a7b0    0x36  strlen.o [5]
  .text               ro code  0x0800a7e8    0x58  memchr.o [5]
  .text               ro code  0x0800a840    0xee  I64DivMod.o [5]
  .text               ro code  0x0800a92e    0x44  xdnorm.o [4]
  .text               ro code  0x0800a974    0x2e  DblCmpLe.o [4]
  .text               ro code  0x0800a9a4    0x2e  DblCmpGe.o [4]
  .text               ro code  0x0800a9d4   0x114  xdscale.o [4]
  .text               ro code  0x0800aae8     0xe  DblToS32.o [4]
  .text               ro code  0x0800aaf6     0xe  S32ToDbl.o [4]
  .text               ro code  0x0800ab04    0x12  DblSub.o [4]
  .text               ro code  0x0800ab16    0x12  DblMul.o [4]
  .text               ro code  0x0800ab28    0x12  DblDiv.o [4]
  .text               ro code  0x0800ab3a     0xe  DblToU32.o [4]
  .text               ro code  0x0800ab48     0xe  U32ToDbl.o [4]
  .text               ro code  0x0800ab56     0xe  div.o [3]
  .text               ro code  0x0800ab64     0x2  I64DivZer.o [5]
  .rodata             const    0x0800ab68  0x2d88  testfft.o [1]
  .text               ro code  0x0800d8f0    0x40  zero_init3.o [5]
  .text               ro code  0x0800d930    0x38  packbits_init_single.o [5]
  .text               ro code  0x0800d968    0x28  data_init.o [5]
  .text               ro code  0x0800d990    0x22  fpinit_M.o [4]
  .iar.init_table     const    0x0800d9b4    0x20  - Linker created -
  .text               ro code  0x0800d9d4    0x1a  cmain.o [5]
  .text               ro code  0x0800d9ee     0x4  low_level_init.o [3]
  .text               ro code  0x0800d9f2     0x4  exit.o [3]
  .text               ro code  0x0800d9f8     0xa  cexit.o [5]
  .text               ro code  0x0800da04    0x14  exit.o [6]
  .text               ro code  0x0800da18    0x10  startup_stm32f767xx.o [1]
  .text               ro code  0x0800da28     0xc  cstartup_M.o [5]
  .text               ro code  0x0800da34     0x4  startup_stm32f767xx.o [1]
  .text               ro code  0x0800da38     0x4  startup_stm32f767xx.o [1]
  .text               ro code  0x0800da3c     0x4  startup_stm32f767xx.o [1]
  .text               ro code  0x0800da40     0x4  startup_stm32f767xx.o [1]
  .text               ro code  0x0800da44     0x4  startup_stm32f767xx.o [1]
  .text               ro code  0x0800da48     0x4  startup_stm32f767xx.o [1]
  .text               ro code  0x0800da4c     0x4  startup_stm32f767xx.o [1]
  .text               ro code  0x0800da50     0x4  startup_stm32f767xx.o [1]
  .text               ro code  0x0800da54     0x4  startup_stm32f767xx.o [1]
  .text               ro code  0x0800da58     0x4  startup_stm32f767xx.o [1]
  .text               ro code  0x0800da5c     0x4  startup_stm32f767xx.o [1]
  .text               ro code  0x0800da60     0x4  startup_stm32f767xx.o [1]
  .text               ro code  0x0800da64     0x4  startup_stm32f767xx.o [1]
  .text               ro code  0x0800da68     0x4  startup_stm32f767xx.o [1]
  .text               ro code  0x0800da6c     0x4  startup_stm32f767xx.o [1]
  .text               ro code  0x0800da70     0x4  startup_stm32f767xx.o [1]
  .text               ro code  0x0800da74     0x4  startup_stm32f767xx.o [1]
  .text               ro code  0x0800da78     0x4  startup_stm32f767xx.o [1]
  .text               ro code  0x0800da7c     0x4  startup_stm32f767xx.o [1]
  .text               ro code  0x0800da80     0x4  startup_stm32f767xx.o [1]
  .text               ro code  0x0800da84     0x4  startup_stm32f767xx.o [1]
  .text               ro code  0x0800da88     0x4  startup_stm32f767xx.o [1]
  .text               ro code  0x0800da8c     0x4  startup_stm32f767xx.o [1]
  .text               ro code  0x0800da90     0x4  startup_stm32f767xx.o [1]
  .text               ro code  0x0800da94     0x4  startup_stm32f767xx.o [1]
  .text               ro code  0x0800da98     0x4  startup_stm32f767xx.o [1]
  .text               ro code  0x0800da9c     0x4  startup_stm32f767xx.o [1]
  .text               ro code  0x0800daa0     0x4  startup_stm32f767xx.o [1]
  .text               ro code  0x0800daa4     0x4  startup_stm32f767xx.o [1]
  .text               ro code  0x0800daa8     0x4  startup_stm32f767xx.o [1]
  .text               ro code  0x0800daac     0x4  startup_stm32f767xx.o [1]
  .text               ro code  0x0800dab0     0x4  startup_stm32f767xx.o [1]
  .text               ro code  0x0800dab4     0x4  startup_stm32f767xx.o [1]
  .text               ro code  0x0800dab8     0x4  startup_stm32f767xx.o [1]
  .text               ro code  0x0800dabc     0x4  startup_stm32f767xx.o [1]
  .text               ro code  0x0800dac0     0x4  startup_stm32f767xx.o [1]
  .text               ro code  0x0800dac4     0x4  startup_stm32f767xx.o [1]
  .text               ro code  0x0800dac8     0x4  startup_stm32f767xx.o [1]
  .text               ro code  0x0800dacc     0x4  startup_stm32f767xx.o [1]
  .text               ro code  0x0800dad0     0x4  startup_stm32f767xx.o [1]
  .text               ro code  0x0800dad4     0x4  startup_stm32f767xx.o [1]
  .text               ro code  0x0800dad8     0x4  startup_stm32f767xx.o [1]
  .text               ro code  0x0800dadc     0x4  startup_stm32f767xx.o [1]
  .text               ro code  0x0800dae0     0x4  startup_stm32f767xx.o [1]
  .text               ro code  0x0800dae4     0x4  startup_stm32f767xx.o [1]
  .text               ro code  0x0800dae8     0x4  startup_stm32f767xx.o [1]
  .text               ro code  0x0800daec     0x4  startup_stm32f767xx.o [1]
  .text               ro code  0x0800daf0     0x4  startup_stm32f767xx.o [1]
  .text               ro code  0x0800daf4     0x4  startup_stm32f767xx.o [1]
  .text               ro code  0x0800daf8     0x4  startup_stm32f767xx.o [1]
  .text               ro code  0x0800dafc     0x4  startup_stm32f767xx.o [1]
  .text               ro code  0x0800db00     0x4  startup_stm32f767xx.o [1]
  .text               ro code  0x0800db04     0x4  startup_stm32f767xx.o [1]
  .text               ro code  0x0800db08     0x4  startup_stm32f767xx.o [1]
  .text               ro code  0x0800db0c     0x4  startup_stm32f767xx.o [1]
  .text               ro code  0x0800db10     0x4  startup_stm32f767xx.o [1]
  .text               ro code  0x0800db14     0x4  startup_stm32f767xx.o [1]
  .text               ro code  0x0800db18     0x4  startup_stm32f767xx.o [1]
  .text               ro code  0x0800db1c     0x4  startup_stm32f767xx.o [1]
  .text               ro code  0x0800db20     0x4  startup_stm32f767xx.o [1]
  .text               ro code  0x0800db24     0x4  startup_stm32f767xx.o [1]
  .text               ro code  0x0800db28     0x4  startup_stm32f767xx.o [1]
  .text               ro code  0x0800db2c     0x4  startup_stm32f767xx.o [1]
  .text               ro code  0x0800db30     0x4  startup_stm32f767xx.o [1]
  .text               ro code  0x0800db34     0x4  startup_stm32f767xx.o [1]
  .text               ro code  0x0800db38     0x4  startup_stm32f767xx.o [1]
  .text               ro code  0x0800db3c     0x4  startup_stm32f767xx.o [1]
  .text               ro code  0x0800db40     0x4  startup_stm32f767xx.o [1]
  .text               ro code  0x0800db44     0x4  startup_stm32f767xx.o [1]
  .text               ro code  0x0800db48     0x4  startup_stm32f767xx.o [1]
  .text               ro code  0x0800db4c     0x4  startup_stm32f767xx.o [1]
  .text               ro code  0x0800db50     0x4  startup_stm32f767xx.o [1]
  .text               ro code  0x0800db54     0x4  startup_stm32f767xx.o [1]
  .text               ro code  0x0800db58     0x4  startup_stm32f767xx.o [1]
  .text               ro code  0x0800db5c     0x4  startup_stm32f767xx.o [1]
  .text               ro code  0x0800db60     0x4  startup_stm32f767xx.o [1]
  .text               ro code  0x0800db64     0x4  startup_stm32f767xx.o [1]
  .text               ro code  0x0800db68     0x4  startup_stm32f767xx.o [1]
  .text               ro code  0x0800db6c     0x4  startup_stm32f767xx.o [1]
  .text               ro code  0x0800db70     0x4  startup_stm32f767xx.o [1]
  .text               ro code  0x0800db74     0x4  startup_stm32f767xx.o [1]
  .text               ro code  0x0800db78     0x4  startup_stm32f767xx.o [1]
  .text               ro code  0x0800db7c     0x4  startup_stm32f767xx.o [1]
  .text               ro code  0x0800db80     0x4  startup_stm32f767xx.o [1]
  .text               ro code  0x0800db84     0x4  startup_stm32f767xx.o [1]
  .text               ro code  0x0800db88     0x4  startup_stm32f767xx.o [1]
  .text               ro code  0x0800db8c     0x4  startup_stm32f767xx.o [1]
  .text               ro code  0x0800db90     0x4  startup_stm32f767xx.o [1]
  .text               ro code  0x0800db94     0x4  startup_stm32f767xx.o [1]
  .text               ro code  0x0800db98     0x4  startup_stm32f767xx.o [1]
  .text               ro code  0x0800db9c     0x4  startup_stm32f767xx.o [1]
  .text               ro code  0x0800dba0     0x4  startup_stm32f767xx.o [1]
  .text               ro code  0x0800dba4     0x4  startup_stm32f767xx.o [1]
  .text               ro code  0x0800dba8     0x4  startup_stm32f767xx.o [1]
  .text               ro code  0x0800dbac     0x4  startup_stm32f767xx.o [1]
  .text               ro code  0x0800dbb0     0x4  startup_stm32f767xx.o [1]
  .text               ro code  0x0800dbb4     0x4  startup_stm32f767xx.o [1]
  .text               ro code  0x0800dbb8     0x4  startup_stm32f767xx.o [1]
  .text               ro code  0x0800dbbc     0x4  startup_stm32f767xx.o [1]
  .text               ro code  0x0800dbc0     0x4  startup_stm32f767xx.o [1]
  .text               ro code  0x0800dbc4     0x4  startup_stm32f767xx.o [1]
  .text               ro code  0x0800dbc8     0x4  startup_stm32f767xx.o [1]
  .text               ro code  0x0800dbcc     0x4  startup_stm32f767xx.o [1]
  .text               ro code  0x0800dbd0     0x4  startup_stm32f767xx.o [1]
  .text               ro code  0x0800dbd4     0x4  startup_stm32f767xx.o [1]
  .text               ro code  0x0800dbd8     0x4  startup_stm32f767xx.o [1]
  .text               ro code  0x0800dbdc     0x4  startup_stm32f767xx.o [1]
  .text               ro code  0x0800dbe0     0x4  startup_stm32f767xx.o [1]
  .text               ro code  0x0800dbe4     0x4  startup_stm32f767xx.o [1]
  .text               ro code  0x0800dbe8     0x4  startup_stm32f767xx.o [1]
  .text               ro code  0x0800dbec     0x4  startup_stm32f767xx.o [1]
  .text               ro code  0x0800dbf0     0x4  startup_stm32f767xx.o [1]
  .text               ro code  0x0800dbf4     0x4  startup_stm32f767xx.o [1]
  .text               ro code  0x0800dbf8     0x4  startup_stm32f767xx.o [1]
  .text               ro code  0x0800dbfc     0x4  startup_stm32f767xx.o [1]
  .text               ro code  0x0800dc00     0x4  startup_stm32f767xx.o [1]
  .rodata             const    0x0800dc04     0x0  zero_init3.o [5]
  .rodata             const    0x0800dc04     0x0  packbits_init_single.o [5]
  Initializer bytes   const    0x0800dc04    0x63  <for P2-1>
                             - 0x0800dc67  0xda6f

"P2", part 1 of 3:                          0x492
  P2-1                         0x20000000   0x492  <Init block>
    .data             inited   0x20000000   0x470  testfft.o [1]
    __DLIB_PERTHREAD  inited   0x20000470     0x4  errno.o [3]
    .data             inited   0x20000474    0x1e  testfft.o [1]
                             - 0x20000492   0x492

"P2", part 2 of 3:                         0x1000
  CSTACK                       0x20000498  0x1000  <Block>
    CSTACK            uninit   0x20000498  0x1000  <Block tail>
                             - 0x20001498  0x1000

"P2", part 3 of 3:                         0x17ac
  .bss                zero     0x20001498   0x3e8  testfft.o [1]
  .bss                zero     0x20001880   0x3e8  testfft.o [1]
  .bss                zero     0x20001c68   0x3e8  testfft.o [1]
  .bss                zero     0x20002050   0x3e8  testfft.o [1]
  .bss                zero     0x20002438   0x3e8  testfft.o [1]
  .bss                zero     0x20002820   0x200  testfft.o [1]
  .bss                zero     0x20002a20   0x104  testfft.o [1]
  .bss                zero     0x20002b24    0xfc  testfft.o [1]
  .bss                zero     0x20002c20    0x20  testfft.o [1]
  .bss                zero     0x20002c40     0x1  testfft.o [1]
                             - 0x20002c41  0x17a9


*******************************************************************************
*** INIT TABLE
***

          Address     Size
          -------     ----
Zero (__iar_zero_init3)
    1 destination range, total size 0x17a9:
          0x20001498  0x17a9

Copy/packbits (__iar_packbits_init_single3)
    1 source range, total size 0x63 (8% of destination):
          0x0800dc04    0x63
    1 destination range, total size 0x492:
          0x20000000   0x492



*******************************************************************************
*** MODULE SUMMARY
***

    Module                  ro code  ro data  rw data
    ------                  -------  -------  -------
C:\IAR Systems\oh-in-pe-\Output\Obj: [1]
    startup_stm32f767xx.o       984
    testfft.o                38 204   11 755    7 223
    -------------------------------------------------
    Total:                   39 188   11 755    7 223

command line: [2]
    -------------------------------------------------
    Total:

dl7M_tln.a: [3]
    abs.o                         8
    div.o                        14
    errno.o                      12                 4
    exit.o                        4
    low_level_init.o              4
    sprintf.o                    52
    xprintffull.o             3 538
    xsprout.o                    10
    xtls.o                        2
    -------------------------------------------------
    Total:                    3 644                 4

m7M_tlv.a: [4]
    DblCmpGe.o                   46
    DblCmpLe.o                   46
    DblDiv.o                     18
    DblMul.o                     18
    DblSub.o                     18
    DblToS32.o                   14
    DblToU32.o                   14
    S32ToDbl.o                   14
    U32ToDbl.o                   14
    fpinit_M.o                   34
    xdnorm.o                     68
    xdscale.o                   276
    xfdnorm.o                    40
    xflog.o                     356
    -------------------------------------------------
    Total:                      976

rt7M_tl.a: [5]
    ABImemclr4.o                  6
    ABImemcpy_unaligned.o       118
    ABImemset48.o                50
    I64DivMod.o                 238
    I64DivZer.o                   2
    cexit.o                      10
    cmain.o                      26
    cstartup_M.o                 12
    data_init.o                  40
    memchr.o                     88
    packbits_init_single.o       56
    strchr.o                     22
    strlen.o                     54
    zero_init3.o                 64
    -------------------------------------------------
    Total:                      786

shb_l.a: [6]
    exit.o                       20
    -------------------------------------------------
    Total:                       20

    Gaps                         18        4
    Linker created                        32    4 096
-----------------------------------------------------
    Grand Total:             44 632   11 791   11 323


*******************************************************************************
*** ENTRY LIST
***

Entry                      Address    Size  Type      Object
-----                      -------    ----  ----      ------
.iar.init_table$$Base   0x0800d9b4           --   Gb  - Linker created -
.iar.init_table$$Limit  0x0800d9d4           --   Gb  - Linker created -
?main                   0x0800d9d5          Code  Gb  cmain.o [5]
Beep                    0x0800056b    0x1a  Code  Gb  testfft.o [1]
Beep_3times             0x08000585    0x1c  Code  Gb  testfft.o [1]
CSTACK$$Base            0x20000498           --   Gb  - Linker created -
CSTACK$$Limit           0x20001498           --   Gb  - Linker created -
DebugSpectrum           0x08009477    0x60  Code  Gb  testfft.o [1]
DebugSpectrum::lastDebugTime
                        0x2000006c     0x4  Data  Lc  testfft.o [1]
Delay_ms                0x08000553    0x18  Code  Gb  testfft.o [1]
Delay_us                0x08000399   0x1ba  Code  Gb  testfft.o [1]
DrawSpectrumBar         0x08009249    0x62  Code  Gb  testfft.o [1]
E_font                  0x08007da0   0x800  Data  Gb  testfft.o [1]
Fat32Enabled            0x20000000     0x1  Data  Gb  testfft.o [1]
FirstDataSector         0x20000010     0x4  Data  Gb  testfft.o [1]
FirstDirCluster         0x2000001c     0x4  Data  Gb  testfft.o [1]
FirstFAT2Sector         0x20000018     0x4  Data  Gb  testfft.o [1]
FirstFATSector          0x20000014     0x4  Data  Gb  testfft.o [1]
InitSpectrum            0x080091cd    0x48  Code  Gb  testfft.o [1]
Initialize_FAT32        0x08008cf1    0xf0  Code  Gb  testfft.o [1]
Initialize_MCU          0x080001fd   0x192  Code  Gb  testfft.o [1]
Initialize_SD           0x08008809   0x30e  Code  Gb  testfft.o [1]
Initialize_TFT_LCD      0x080005a5   0x276  Code  Gb  testfft.o [1]
Initialize_VS1053b      0x08008f77   0x11e  Code  Gb  testfft.o [1]
KG_font                 0x08002344  0x2d00  Data  Gb  testfft.o [1]
KM_font                 0x0800abf0  0x2d00  Data  Gb  testfft.o [1]
KP_font                 0x080050a0  0x2d00  Data  Gb  testfft.o [1]
KS_Table                0x08000ccc  0x125c  Data  Gb  testfft.o [1]
KS_code_conversion      0x08000c6f    0x38  Code  Gb  testfft.o [1]
Kfont_type              0x2000047e     0x1  Data  Gb  testfft.o [1]
Line                    0x080085d5    0xaa  Code  Gb  testfft.o [1]
LoadInt                 0x08009f6b    0x6e  Code  Lc  xprintffull.o [3]
MP3_end_sector          0x20000064     0x4  Data  Gb  testfft.o [1]
MP3_start_backup        0x20002438   0x3e8  Data  Gb  testfft.o [1]
MP3_start_sector        0x20002050   0x3e8  Data  Gb  testfft.o [1]
MP3buffer               0x20000070   0x400  Data  Gb  testfft.o [1]
PlayAndDrawSpectrum     0x080093d9    0x9e  Code  Gb  testfft.o [1]
PlayAndDrawSpectrum::index
                        0x20000008     0x2  Data  Lc  testfft.o [1]
PlayAndDrawSpectrum::lastUpdate
                        0x20000068     0x4  Data  Lc  testfft.o [1]
Rectangle               0x08008695    0x46  Code  Gb  testfft.o [1]
Region$$Table$$Base     0x0800d9b4           --   Gb  - Linker created -
Region$$Table$$Limit    0x0800d9d4           --   Gb  - Linker created -
SD_command              0x08008c51    0x44  Code  Gb  testfft.o [1]
SD_read_sector          0x08008c95    0x58  Code  Gb  testfft.o [1]
SD_type                 0x20002c40     0x1  Data  Gb  testfft.o [1]
SPI3_high_speed         0x0800879b    0x54  Code  Gb  testfft.o [1]
SPI3_low_speed          0x080086eb    0x54  Code  Gb  testfft.o [1]
SPI3_medium_speed       0x0800873f    0x52  Code  Gb  testfft.o [1]
SPI3_write              0x080087ef    0x18  Code  Gb  testfft.o [1]
ScreenMode              0x20000474     0x1  Data  Gb  testfft.o [1]
SectorBuffer            0x20002820   0x200  Data  Gb  testfft.o [1]
SectorsPerCluster       0x20000006     0x2  Data  Gb  testfft.o [1]
SendMP3Data             0x0800921d    0x2c  Code  Gb  testfft.o [1]
SysTick_Count           0x20000060     0x4  Data  Gb  testfft.o [1]
SysTick_Handler         0x080091a9     0xc  Code  Gb  testfft.o [1]
SysTick_Initialize      0x080091b5    0x14  Code  Gb  testfft.o [1]
SystemInit              0x080001f9     0x4  Code  Gb  testfft.o [1]
TFT_English             0x08000a41   0x222  Code  Gb  testfft.o [1]
TFT_GRAM_address        0x080008c9    0x56  Code  Gb  testfft.o [1]
TFT_Korean              0x08001f29   0x370  Code  Gb  testfft.o [1]
TFT_color               0x0800092f     0xa  Code  Gb  testfft.o [1]
TFT_color_screen        0x080008a7    0x22  Code  Gb  testfft.o [1]
TFT_command             0x08000835    0x2e  Code  Gb  testfft.o [1]
TFT_data                0x08000865    0x2c  Code  Gb  testfft.o [1]
TFT_hexadecimal         0x080085a1    0x24  Code  Gb  testfft.o [1]
TFT_pixel               0x08000939    0x68  Code  Gb  testfft.o [1]
TFT_string              0x080009cd    0x36  Code  Gb  testfft.o [1]
TFT_write               0x08000897    0x10  Code  Gb  testfft.o [1]
TFT_xy                  0x08000925     0xa  Code  Gb  testfft.o [1]
UpdateSpectrum          0x080092b5    0xda  Code  Gb  testfft.o [1]
UpdateSpectrum::bands   0x08009398    0x40  Data  Lc  testfft.o [1]
UpdateSpectrum::filterIndex
                        0x20002a20     0x1  Data  Lc  testfft.o [1]
UpdateSpectrum::prevValues
                        0x20002a24   0x100  Data  Lc  testfft.o [1]
UpdateSpectrum{1}{2}{3}::prevHeight
                        0x20002a22     0x2  Data  Lc  testfft.o [1]
VS1053b_SCI_Read        0x080090e9    0x22  Code  Gb  testfft.o [1]
VS1053b_SCI_Read_Hexadecimal
                        0x0800910b    0x22  Code  Gb  testfft.o [1]
VS1053b_SCI_Write       0x080090bb    0x2e  Code  Gb  testfft.o [1]
VS1053b_SetBassTreble   0x08009195    0x14  Code  Gb  testfft.o [1]
VS1053b_SetVolume       0x08009177    0x1e  Code  Gb  testfft.o [1]
VS1053b_software_reset  0x08009155    0x22  Code  Gb  testfft.o [1]
Xcharacter              0x20000477     0x1  Data  Gb  testfft.o [1]
XcharacterLimit         0x20000475     0x1  Data  Gb  testfft.o [1]
Xcursor                 0x20000479     0x1  Data  Gb  testfft.o [1]
Ycharacter              0x20000478     0x1  Data  Gb  testfft.o [1]
YcharacterLimit         0x20000476     0x1  Data  Gb  testfft.o [1]
Ycursor                 0x2000047a     0x1  Data  Gb  testfft.o [1]
_GenldFull              0x0800a4e5   0x26a  Code  Lc  xprintffull.o [3]
_LdtobFull              0x0800a0e5   0x3fa  Code  Lc  xprintffull.o [3]
_LitobFull              0x08009fd9   0x10a  Code  Lc  xprintffull.o [3]
_PrintfFull             0x080099c5   0x5a0  Code  Gb  xprintffull.o [3]
_PutcharsFull           0x0800a74f    0x2e  Code  Lc  xprintffull.o [3]
_SProut                 0x0800973b     0xa  Code  Gb  xsprout.o [3]
__aeabi_cdcmple         0x0800a975          Code  Gb  DblCmpLe.o [4]
__aeabi_cdrcmple        0x0800a9a5          Code  Gb  DblCmpGe.o [4]
__aeabi_d2iz            0x0800aae9     0xe  Code  Gb  DblToS32.o [4]
__aeabi_d2uiz           0x0800ab3b     0xe  Code  Gb  DblToU32.o [4]
__aeabi_ddiv            0x0800ab29    0x12  Code  Gb  DblDiv.o [4]
__aeabi_dmul            0x0800ab17    0x12  Code  Gb  DblMul.o [4]
__aeabi_dsub            0x0800ab05    0x12  Code  Gb  DblSub.o [4]
__aeabi_errno_addr      0x080099b9     0x6  Code  Gb  errno.o [3]
__aeabi_i2d             0x0800aaf7     0xe  Code  Gb  S32ToDbl.o [4]
__aeabi_ldiv0           0x0800ab65          Code  Gb  I64DivZer.o [5]
__aeabi_memclr4         0x08009735          Code  Gb  ABImemclr4.o [5]
__aeabi_ui2d            0x0800ab49     0xe  Code  Gb  U32ToDbl.o [4]
__aeabi_uldivmod        0x0800a841          Code  Gb  I64DivMod.o [5]
__cmain                 0x0800d9d5          Code  Gb  cmain.o [5]
__exit                  0x0800da05    0x14  Code  Gb  exit.o [6]
__iar_Dnorm             0x0800a92f    0x44  Code  Gb  xdnorm.o [4]
__iar_Dscale            0x0800a9d5   0x114  Code  Gb  xdscale.o [4]
__iar_Errno             0x20000470     0x4  Data  Gb  errno.o [3]
__iar_FDnorm            0x0800998f    0x28  Code  Gb  xfdnorm.o [4]
__iar_FLog              0x080097bd   0x128  Code  Gb  xflog.o [4]
__iar_Memchr            0x0800a7e9          Code  Gb  memchr.o [5]
__iar_Memset4_word      0x0800995d          Code  Gb  ABImemset48.o [5]
__iar_Memset8_word      0x0800995d          Code  Gb  ABImemset48.o [5]
__iar_Strchr            0x0800a799          Code  Gb  strchr.o [5]
__iar_data_init3        0x0800d969    0x28  Code  Gb  data_init.o [5]
__iar_dlib_perthread_access
                        0x0800a797     0x2  Code  Gb  xtls.o [3]
__iar_init_vfp          0x0800d991          Code  Gb  fpinit_M.o [4]
__iar_packbits_init_single3
                        0x0800d931    0x38  Code  Gb  packbits_init_single.o [5]
__iar_program_start     0x0800da29          Code  Gb  cstartup_M.o [5]
__iar_unaligned___aeabi_memcpy
                        0x08009745          Code  Gb  ABImemcpy_unaligned.o [5]
__iar_unaligned___aeabi_memcpy4
                        0x08009765          Code  Gb  ABImemcpy_unaligned.o [5]
__iar_unaligned___aeabi_memcpy8
                        0x08009765          Code  Gb  ABImemcpy_unaligned.o [5]
__iar_zero_init3        0x0800d8f1    0x40  Code  Gb  zero_init3.o [5]
__low_level_init        0x0800d9ef     0x4  Code  Gb  low_level_init.o [3]
__vector_table          0x08000000          Data  Gb  startup_stm32f767xx.o [1]
_call_main              0x0800d9e1          Code  Gb  cmain.o [5]
_exit                   0x0800d9f9          Code  Gb  cexit.o [5]
_main                   0x0800d9eb          Code  Gb  cmain.o [5]
abs                     0x08009921     0x8  Code  Gb  abs.o [3]
background              0x20000488     0x2  Data  Gb  testfft.o [1]
bul_cho1                0x080022fc    0x18  Data  Gb  testfft.o [1]
bul_cho2                0x0800232c    0x18  Data  Gb  testfft.o [1]
bul_jong                0x08002314    0x18  Data  Gb  testfft.o [1]
currentBuffer           0x20000001     0x1  Data  Gb  testfft.o [1]
cursor                  0x20000480     0x2  Data  Gb  testfft.o [1]
cursor_flag             0x2000047b     0x1  Data  Gb  testfft.o [1]
div                     0x0800ab57     0xe  Code  Gb  div.o [3]
exit                    0x0800d9f3     0x4  Code  Gb  exit.o [3]
fatClustToSect          0x08008f63    0x14  Code  Gb  testfft.o [1]
fatDir                  0x08008ee9    0x3c  Code  Gb  testfft.o [1]
fatGetDirEntry          0x08008e13    0xca  Code  Gb  testfft.o [1]
fatNextCluster          0x08008f25    0x3e  Code  Gb  testfft.o [1]
file_number             0x20000002     0x1  Data  Gb  testfft.o [1]
file_size               0x20001c68   0x3e8  Data  Gb  testfft.o [1]
file_start_cluster      0x20001498   0x3e8  Data  Gb  testfft.o [1]
file_start_entry        0x20002b24    0xfc  Data  Gb  testfft.o [1]
file_start_sector       0x20001880   0x3e8  Data  Gb  testfft.o [1]
foreground              0x20000486     0x2  Data  Gb  testfft.o [1]
freqLabels              0x20000020    0x40  Data  Gb  testfft.o [1]
main                    0x080094d7    0x82  Code  Gb  testfft.o [1]
memchr                  0x0800a7e9          Code  Gb  memchr.o [5]
outline                 0x20000484     0x2  Data  Gb  testfft.o [1]
outline_flag            0x2000047d     0x1  Data  Gb  testfft.o [1]
play_flag               0x20000004     0x1  Data  Gb  testfft.o [1]
prevHeight              0x20002c20    0x20  Data  Lc  testfft.o [1]
sector_cluster          0x2000000c     0x4  Data  Gb  testfft.o [1]
sprintf                 0x08009929    0x34  Code  Gb  sprintf.o [3]
strchr                  0x0800a799          Code  Gb  strchr.o [5]
strlen                  0x0800a7b1          Code  Gb  strlen.o [5]
table_cho               0x080022a4    0x18  Data  Gb  testfft.o [1]
table_jong              0x080022dc    0x20  Data  Gb  testfft.o [1]
table_joong             0x080022bc    0x20  Data  Gb  testfft.o [1]
total_file              0x20000003     0x1  Data  Gb  testfft.o [1]
underscore              0x20000482     0x2  Data  Gb  testfft.o [1]
underscore_flag         0x2000047c     0x1  Data  Gb  testfft.o [1]
x_12bit                 0x2000048a     0x2  Data  Gb  testfft.o [1]
x_touch                 0x2000048e     0x2  Data  Gb  testfft.o [1]
y_12bit                 0x2000048c     0x2  Data  Gb  testfft.o [1]
y_touch                 0x20000490     0x2  Data  Gb  testfft.o [1]


[1] = C:\IAR Systems\oh-in-pe-\Output\Obj
[2] = command line
[3] = dl7M_tln.a
[4] = m7M_tlv.a
[5] = rt7M_tl.a
[6] = shb_l.a

  44 632 bytes of readonly  code memory
  11 791 bytes of readonly  data memory
  11 323 bytes of readwrite data memory

Errors: none
Warnings: none
